Component: ARM Compiler 5.06 update 3 (build 300) Tool: armlink [4d35c9]

==============================================================================

Section Cross References

    stm32f4xx_it.o(.text) refers to stm32f4xx_exti.o(.text) for EXTI_GetITStatus
    stm32f4xx_it.o(.text) refers to drv_rcin.o(.text) for PPM_IRQH
    stm32f4xx_it.o(.text) refers to drv_gps.o(.text) for Uart1_GPS_IRQ
    stm32f4xx_it.o(.text) refers to drv_usart.o(.text) for Usart2_IRQ
    ano_usb.o(.text) refers to usbd_core.o(.text) for usbd_init
    ano_usb.o(.text) refers to usbd_hid.o(.text) for usbd_hid_get_report_trigger
    ano_usb.o(.text) refers to ano_dt.o(.text) for AnoDTRxOneByteUsb
    ano_usb.o(.text) refers to ano_usb.o(.data) for hid_datatemp_end
    ano_usb.o(.text) refers to ano_usb.o(.bss) for hid_datatemp
    usb_config.o(.text) refers to usbd_hid.o(.text) for USBD_HID_Configure_Event
    usb_config.o(.constdata) refers to usb_config.o(.text) for USBD_SOF_Event
    usb_config.o(.constdata) refers to usbd_core.o(.text) for USBD_EndPoint0
    usb_config.o(.constdata) refers to usbd_hid.o(.text) for USBD_HID_EP_INT_Event
    main.o(.text) refers to bsp_init.o(.text) for All_Init
    main.o(.text) refers to ano_scheduler.o(.text) for Scheduler_Setup
    main.o(.text) refers to ano_fcdata.o(.text) for data_init
    main.o(.text) refers to ano_fcdata.o(.bss) for flag
    ano_scheduler.o(.text) refers to drv_time.o(.text) for GetSysTime_us
    ano_scheduler.o(.text) refers to ano_flightdatacal.o(.text) for Fc_Sensor_Get
    ano_scheduler.o(.text) refers to ano_sensor_basic.o(.text) for Sensor_Data_Prepare
    ano_scheduler.o(.text) refers to drv_gps.o(.text) for WCXY_Acc_Get_Task
    ano_scheduler.o(.text) refers to ano_flightctrl.o(.text) for Flight_State_Task
    ano_scheduler.o(.text) refers to ano_of_decofusion.o(.text) for ANO_OF_Data_Prepare_Task
    ano_scheduler.o(.text) refers to ano_dt.o(.text) for ANO_DT_Task1Ms
    ano_scheduler.o(.text) refers to ano_attctrl.o(.text) for Att_1level_Ctrl
    ano_scheduler.o(.text) refers to ano_motorctrl.o(.text) for Motor_Ctrl_Task
    ano_scheduler.o(.text) refers to ano_uwb.o(.text) for Ano_UWB_Get_Data_Task
    ano_scheduler.o(.text) refers to ano_imu.o(.text) for calculate_RPY
    ano_scheduler.o(.text) refers to drv_bsp.o(.text) for DrvRcInputTask
    ano_scheduler.o(.text) refers to ano_rc.o(.text) for RC_duty_task
    ano_scheduler.o(.text) refers to ano_altctrl.o(.text) for Alt_1level_Ctrl
    ano_scheduler.o(.text) refers to ano_of.o(.text) for AnoOF_Check_State
    ano_scheduler.o(.text) refers to drv_led.o(.text) for LED_Task2
    ano_scheduler.o(.text) refers to task.o(.text) for ct_state_task1
    ano_scheduler.o(.text) refers to drv_ultrasonic.o(.text) for ult_distance_hold
    ano_scheduler.o(.text) refers to ano_programctrl_user.o(.text) for Program_Ctrl_User_Set_YAWdps
    ano_scheduler.o(.text) refers to ano_imu_task.o(.text) for ImuServices_20ms_c
    ano_scheduler.o(.text) refers to ano_flyctrl.o(.text) for FlyCtrl_Task
    ano_scheduler.o(.text) refers to ano_locctrl.o(.text) for Loc_1level_Ctrl
    ano_scheduler.o(.text) refers to drv_openmv.o(.text) for OpenMV_Offline_Check
    ano_scheduler.o(.text) refers to ano_power.o(.text) for Power_UpdateTask
    ano_scheduler.o(.text) refers to drv_heating.o(.text) for Thermostatic_Ctrl_Task
    ano_scheduler.o(.text) refers to ano_parameter.o(.text) for Ano_Parame_Write_task
    ano_scheduler.o(.text) refers to ano_scheduler.o(.bss) for test_dT_1000hz
    ano_scheduler.o(.text) refers to ano_rc.o(.bss) for CH_N
    ano_scheduler.o(.text) refers to ano_scheduler.o(.data) for end
    ano_scheduler.o(.text) refers to drv_openmv.o(.bss) for opmv
    ano_scheduler.o(.text) refers to ano_fcdata.o(.bss) for time_data
    ano_scheduler.o(.text) refers to ano_motioncal.o(.bss) for wcz_hei_fus
    ano_scheduler.o(.data) refers to ano_scheduler.o(.text) for Loop_1000Hz
    bsp_init.o(.text) refers to drv_ak09915.o(.text) for DrvAK09915Check
    bsp_init.o(.text) refers to drv_ak8975.o(.text) for DrvAK8975Check
    bsp_init.o(.text) refers to misc.o(.text) for NVIC_PriorityGroupConfig
    bsp_init.o(.text) refers to drv_time.o(.text) for SysTick_Configuration
    bsp_init.o(.text) refers to drv_led.o(.text) for Drv_LED_Init
    bsp_init.o(.text) refers to drv_w25qxx.o(.text) for Flash_Init
    bsp_init.o(.text) refers to ano_fcdata.o(.text) for Para_Data_Init
    bsp_init.o(.text) refers to drv_bsp.o(.text) for DrvRcInputInit
    bsp_init.o(.text) refers to drv_pwm_out.o(.text) for PWM_Out_Init
    bsp_init.o(.text) refers to drv_spi.o(.text) for Drv_SPI2_init
    bsp_init.o(.text) refers to drv_spl06.o(.text) for Drv_SPL06CSPin_Init
    bsp_init.o(.text) refers to drv_bmi088.o(.text) for DrvGpioSenser088CsPinInit
    bsp_init.o(.text) refers to ano_usb.o(.text) for Usb_Hid_Init
    bsp_init.o(.text) refers to drv_usart.o(.text) for Usart2_Init
    bsp_init.o(.text) refers to drv_adc.o(.text) for Drv_AdcInit
[...]
    ADC_CommonInit                           0x0800fdc1   Thumb Code   342  stm32f4xx_adc.o(.text)
    ADC_CommonStructInit                     0x0800ff17   Thumb Code    12  stm32f4xx_adc.o(.text)
    ADC_Cmd                                  0x0800ff23   Thumb Code    76  stm32f4xx_adc.o(.text)
    ADC_AnalogWatchdogCmd                    0x0800ff6f   Thumb Code   102  stm32f4xx_adc.o(.text)
    ADC_AnalogWatchdogThresholdsConfig       0x0800ffd5   Thumb Code   186  stm32f4xx_adc.o(.text)
    ADC_AnalogWatchdogSingleChannelConfig    0x0801008f   Thumb Code   140  stm32f4xx_adc.o(.text)
    ADC_TempSensorVrefintCmd                 0x0801011b   Thumb Code    58  stm32f4xx_adc.o(.text)
    ADC_VBATCmd                              0x08010155   Thumb Code    58  stm32f4xx_adc.o(.text)
    ADC_RegularChannelConfig                 0x0801018f   Thumb Code   416  stm32f4xx_adc.o(.text)
    ADC_SoftwareStartConv                    0x0801032f   Thumb Code    46  stm32f4xx_adc.o(.text)
    ADC_GetSoftwareStartConvStatus           0x0801035d   Thumb Code    56  stm32f4xx_adc.o(.text)
    ADC_EOCOnEachRegularChannelCmd           0x08010395   Thumb Code    80  stm32f4xx_adc.o(.text)
    ADC_ContinuousModeCmd                    0x080103e5   Thumb Code    80  stm32f4xx_adc.o(.text)
    ADC_DiscModeChannelCountConfig           0x08010435   Thumb Code   100  stm32f4xx_adc.o(.text)
    ADC_DiscModeCmd                          0x08010499   Thumb Code    80  stm32f4xx_adc.o(.text)
    ADC_GetConversionValue                   0x080104e9   Thumb Code    42  stm32f4xx_adc.o(.text)
    ADC_GetMultiModeConversionValue          0x08010513   Thumb Code     6  stm32f4xx_adc.o(.text)
    ADC_DMACmd                               0x08010519   Thumb Code    80  stm32f4xx_adc.o(.text)
    ADC_DMARequestAfterLastTransferCmd       0x08010569   Thumb Code    80  stm32f4xx_adc.o(.text)
    ADC_MultiModeDMARequestAfterLastTransferCmd 0x080105b9   Thumb Code    62  stm32f4xx_adc.o(.text)
    ADC_InjectedChannelConfig                0x080105f7   Thumb Code   340  stm32f4xx_adc.o(.text)
    ADC_InjectedSequencerLengthConfig        0x0801074b   Thumb Code    84  stm32f4xx_adc.o(.text)
    ADC_SetInjectedOffset                    0x0801079f   Thumb Code   108  stm32f4xx_adc.o(.text)
    ADC_ExternalTrigInjectedConvConfig       0x0801080b   Thumb Code   174  stm32f4xx_adc.o(.text)
    ADC_ExternalTrigInjectedConvEdgeConfig   0x080108b9   Thumb Code    86  stm32f4xx_adc.o(.text)
    ADC_SoftwareStartInjectedConv            0x0801090f   Thumb Code    46  stm32f4xx_adc.o(.text)
    ADC_GetSoftwareStartInjectedConvCmdStatus 0x0801093d   Thumb Code    56  stm32f4xx_adc.o(.text)
    ADC_AutoInjectedConvCmd                  0x08010975   Thumb Code    80  stm32f4xx_adc.o(.text)
    ADC_InjectedDiscModeCmd                  0x080109c5   Thumb Code    80  stm32f4xx_adc.o(.text)
    ADC_GetInjectedConversionValue           0x08010a15   Thumb Code    92  stm32f4xx_adc.o(.text)
    ADC_ITConfig                             0x08010a71   Thumb Code   136  stm32f4xx_adc.o(.text)
    ADC_GetFlagStatus                        0x08010af9   Thumb Code    94  stm32f4xx_adc.o(.text)
    ADC_ClearFlag                            0x08010b57   Thumb Code    66  stm32f4xx_adc.o(.text)
    ADC_GetITStatus                          0x08010b99   Thumb Code   126  stm32f4xx_adc.o(.text)
    ADC_ClearITPendingBit                    0x08010c17   Thumb Code    92  stm32f4xx_adc.o(.text)
    DMA_DeInit                               0x08010c81   Thumb Code   462  stm32f4xx_dma.o(.text)
    DMA_Init                                 0x08010e4f   Thumb Code   744  stm32f4xx_dma.o(.text)
    DMA_StructInit                           0x08011137   Thumb Code    34  stm32f4xx_dma.o(.text)
    DMA_Cmd                                  0x08011159   Thumb Code   186  stm32f4xx_dma.o(.text)
    DMA_PeriphIncOffsetSizeConfig            0x08011213   Thumb Code   188  stm32f4xx_dma.o(.text)
    DMA_FlowControllerConfig                 0x080112cf   Thumb Code   186  stm32f4xx_dma.o(.text)
    DMA_SetCurrDataCounter                   0x08011389   Thumb Code   148  stm32f4xx_dma.o(.text)
    DMA_GetCurrDataCounter                   0x0801141d   Thumb Code   148  stm32f4xx_dma.o(.text)
    DMA_DoubleBufferModeConfig               0x080114b1   Thumb Code   204  stm32f4xx_dma.o(.text)
    DMA_DoubleBufferModeCmd                  0x0801157d   Thumb Code   186  stm32f4xx_dma.o(.text)
    DMA_MemoryTargetConfig                   0x08011637   Thumb Code   178  stm32f4xx_dma.o(.text)
    DMA_GetCurrentMemoryTarget               0x080116e9   Thumb Code   162  stm32f4xx_dma.o(.text)
    DMA_GetCmdStatus                         0x0801178b   Thumb Code   162  stm32f4xx_dma.o(.text)
    DMA_GetFIFOStatus                        0x0801182d   Thumb Code   154  stm32f4xx_dma.o(.text)
    DMA_GetFlagStatus                        0x080118c7   Thumb Code   486  stm32f4xx_dma.o(.text)
    DMA_ClearFlag                            0x08011aad   Thumb Code   220  stm32f4xx_dma.o(.text)
    DMA_ITConfig                             0x08011b89   Thumb Code   244  stm32f4xx_dma.o(.text)
    DMA_GetITStatus                          0x08011c7d   Thumb Code   590  stm32f4xx_dma.o(.text)
    DMA_ClearITPendingBit                    0x08011ecb   Thumb Code   222  stm32f4xx_dma.o(.text)
    EXTI_DeInit                              0x0801204d   Thumb Code    28  stm32f4xx_exti.o(.text)
    EXTI_Init                                0x08012069   Thumb Code   236  stm32f4xx_exti.o(.text)
    EXTI_StructInit                          0x08012155   Thumb Code    16  stm32f4xx_exti.o(.text)
    EXTI_GenerateSWInterrupt                 0x08012165   Thumb Code    38  stm32f4xx_exti.o(.text)
    EXTI_GetFlagStatus                       0x0801218b   Thumb Code   158  stm32f4xx_exti.o(.text)
    EXTI_ClearFlag                           0x08012229   Thumb Code    30  stm32f4xx_exti.o(.text)
    EXTI_GetITStatus                         0x08012247   Thumb Code   172  stm32f4xx_exti.o(.text)
    EXTI_ClearITPendingBit                   0x080122f3   Thumb Code    32  stm32f4xx_exti.o(.text)
    GPIO_DeInit                              0x08012359   Thumb Code   284  stm32f4xx_gpio.o(.text)
    GPIO_Init                                0x08012475   Thumb Code   342  stm32f4xx_gpio.o(.text)
    GPIO_StructInit                          0x080125cb   Thumb Code    18  stm32f4xx_gpio.o(.text)
    GPIO_PinLockConfig                       0x080125dd   Thumb Code   122  stm32f4xx_gpio.o(.text)
    GPIO_ReadInputDataBit                    0x08012657   Thumb Code   182  stm32f4xx_gpio.o(.text)
    GPIO_ReadInputData                       0x0801270d   Thumb Code   174  stm32f4xx_gpio.o(.text)
    GPIO_ReadOutputDataBit                   0x080127bb   Thumb Code   186  stm32f4xx_gpio.o(.text)
    GPIO_ReadOutputData                      0x08012875   Thumb Code    78  stm32f4xx_gpio.o(.text)
    GPIO_SetBits                             0x080128c3   Thumb Code    98  stm32f4xx_gpio.o(.text)
    GPIO_ResetBits                           0x08012925   Thumb Code    98  stm32f4xx_gpio.o(.text)
    GPIO_WriteBit                            0x08012987   Thumb Code   200  stm32f4xx_gpio.o(.text)
    GPIO_Write                               0x08012a4f   Thumb Code    78  stm32f4xx_gpio.o(.text)
    GPIO_ToggleBits                          0x08012a9d   Thumb Code    82  stm32f4xx_gpio.o(.text)
    GPIO_PinAFConfig                         0x08012aef   Thumb Code   384  stm32f4xx_gpio.o(.text)
    RCC_DeInit                               0x08012c71   Thumb Code    60  stm32f4xx_rcc.o(.text)
    RCC_HSEConfig                            0x08012cad   Thumb Code    38  stm32f4xx_rcc.o(.text)
    RCC_GetFlagStatus                        0x08012cd3   Thumb Code   130  stm32f4xx_rcc.o(.text)
    RCC_WaitForHSEStartUp                    0x08012d55   Thumb Code    56  stm32f4xx_rcc.o(.text)
    RCC_AdjustHSICalibrationValue            0x08012d8d   Thumb Code    38  stm32f4xx_rcc.o(.text)
    RCC_HSICmd                               0x08012db3   Thumb Code    28  stm32f4xx_rcc.o(.text)
    RCC_LSEConfig                            0x08012dcf   Thumb Code    72  stm32f4xx_rcc.o(.text)
    RCC_LSICmd                               0x08012e17   Thumb Code    28  stm32f4xx_rcc.o(.text)
    RCC_PLLConfig                            0x08012e33   Thumb Code   156  stm32f4xx_rcc.o(.text)
    RCC_PLLCmd                               0x08012ecf   Thumb Code    28  stm32f4xx_rcc.o(.text)
    RCC_PLLI2SConfig                         0x08012eeb   Thumb Code    62  stm32f4xx_rcc.o(.text)
    RCC_PLLI2SCmd                            0x08012f29   Thumb Code    28  stm32f4xx_rcc.o(.text)
    RCC_ClockSecuritySystemCmd               0x08012f45   Thumb Code    28  stm32f4xx_rcc.o(.text)
    RCC_MCO1Config                           0x08012f61   Thumb Code   102  stm32f4xx_rcc.o(.text)
    RCC_MCO2Config                           0x08012fc7   Thumb Code   102  stm32f4xx_rcc.o(.text)
    RCC_SYSCLKConfig                         0x0801302d   Thumb Code   124  stm32f4xx_rcc.o(.text)
    RCC_GetSYSCLKSource                      0x080130a9   Thumb Code    10  stm32f4xx_rcc.o(.text)
    RCC_HCLKConfig                           0x080130b3   Thumb Code    68  stm32f4xx_rcc.o(.text)
    RCC_PCLK1Config                          0x080130f7   Thumb Code    60  stm32f4xx_rcc.o(.text)
    RCC_PCLK2Config                          0x08013133   Thumb Code    62  stm32f4xx_rcc.o(.text)
    RCC_GetClocksFreq                        0x08013171   Thumb Code   214  stm32f4xx_rcc.o(.text)
    RCC_RTCCLKConfig                         0x08013247   Thumb Code   262  stm32f4xx_rcc.o(.text)
    RCC_RTCCLKCmd                            0x0801334d   Thumb Code    30  stm32f4xx_rcc.o(.text)
    RCC_BackupResetCmd                       0x0801336b   Thumb Code    32  stm32f4xx_rcc.o(.text)
    RCC_I2SCLKConfig                         0x0801338b   Thumb Code    30  stm32f4xx_rcc.o(.text)
    RCC_AHB1PeriphClockCmd                   0x080133a9   Thumb Code    82  stm32f4xx_rcc.o(.text)
    RCC_AHB2PeriphClockCmd                   0x080133fb   Thumb Code    82  stm32f4xx_rcc.o(.text)
    RCC_AHB3PeriphClockCmd                   0x0801344d   Thumb Code   232  stm32f4xx_rcc.o(.text)
    RCC_APB1PeriphClockCmd                   0x08013535   Thumb Code    82  stm32f4xx_rcc.o(.text)
    RCC_APB2PeriphClockCmd                   0x08013587   Thumb Code    82  stm32f4xx_rcc.o(.text)
    RCC_AHB1PeriphResetCmd                   0x080135d9   Thumb Code    82  stm32f4xx_rcc.o(.text)
    RCC_AHB2PeriphResetCmd                   0x0801362b   Thumb Code    82  stm32f4xx_rcc.o(.text)
    RCC_AHB3PeriphResetCmd                   0x0801367d   Thumb Code    82  stm32f4xx_rcc.o(.text)
    RCC_APB1PeriphResetCmd                   0x080136cf   Thumb Code    82  stm32f4xx_rcc.o(.text)
    RCC_APB2PeriphResetCmd                   0x08013721   Thumb Code    82  stm32f4xx_rcc.o(.text)
    RCC_AHB1PeriphClockLPModeCmd             0x08013773   Thumb Code    82  stm32f4xx_rcc.o(.text)
    RCC_AHB2PeriphClockLPModeCmd             0x080137c5   Thumb Code    82  stm32f4xx_rcc.o(.text)
    RCC_AHB3PeriphClockLPModeCmd             0x08013817   Thumb Code    82  stm32f4xx_rcc.o(.text)
    RCC_APB1PeriphClockLPModeCmd             0x08013869   Thumb Code    82  stm32f4xx_rcc.o(.text)
    RCC_APB2PeriphClockLPModeCmd             0x080138bb   Thumb Code   106  stm32f4xx_rcc.o(.text)
    RCC_ITConfig                             0x08013925   Thumb Code    74  stm32f4xx_rcc.o(.text)
    RCC_ClearFlag                            0x0801396f   Thumb Code    18  stm32f4xx_rcc.o(.text)
    RCC_GetITStatus                          0x08013981   Thumb Code    68  stm32f4xx_rcc.o(.text)
    RCC_ClearITPendingBit                    0x080139c5   Thumb Code    34  stm32f4xx_rcc.o(.text)
    SPI_I2S_DeInit                           0x080139ed   Thumb Code   104  stm32f4xx_spi.o(.text)
    SPI_Init                                 0x08013a55   Thumb Code   348  stm32f4xx_spi.o(.text)
    I2S_Init                                 0x08013bb1   Thumb Code   508  stm32f4xx_spi.o(.text)
    SPI_StructInit                           0x08013dad   Thumb Code    24  stm32f4xx_spi.o(.text)
    I2S_StructInit                           0x08013dc5   Thumb Code   104  stm32f4xx_spi.o(.text)
    SPI_Cmd                                  0x08013e2d   Thumb Code    82  stm32f4xx_spi.o(.text)
    I2S_Cmd                                  0x08013e7f   Thumb Code    88  stm32f4xx_spi.o(.text)
    SPI_DataSizeConfig                       0x08013ed7   Thumb Code    78  stm32f4xx_spi.o(.text)
    SPI_BiDirectionalLineConfig              0x08013f25   Thumb Code    94  stm32f4xx_spi.o(.text)
    SPI_NSSInternalSoftwareConfig            0x08013f83   Thumb Code    96  stm32f4xx_spi.o(.text)
    SPI_SSOutputCmd                          0x08013fe3   Thumb Code    82  stm32f4xx_spi.o(.text)
    SPI_TIModeCmd                            0x08014035   Thumb Code    82  stm32f4xx_spi.o(.text)
    I2S_FullDuplexConfig                     0x08014087   Thumb Code   258  stm32f4xx_spi.o(.text)
    SPI_I2S_ReceiveData                      0x08014189   Thumb Code    52  stm32f4xx_spi.o(.text)
    SPI_I2S_SendData                         0x080141bd   Thumb Code    54  stm32f4xx_spi.o(.text)
    SPI_CalculateCRC                         0x080141f3   Thumb Code    98  stm32f4xx_spi.o(.text)
    SPI_TransmitCRC                          0x08014255   Thumb Code    46  stm32f4xx_spi.o(.text)
    SPI_GetCRC                               0x08014283   Thumb Code    74  stm32f4xx_spi.o(.text)
    SPI_GetCRCPolynomial                     0x080142cd   Thumb Code    40  stm32f4xx_spi.o(.text)
    SPI_I2S_DMACmd                           0x080142f5   Thumb Code   114  stm32f4xx_spi.o(.text)
    SPI_I2S_ITConfig                         0x08014367   Thumb Code   138  stm32f4xx_spi.o(.text)
    SPI_I2S_GetFlagStatus                    0x080143f1   Thumb Code   120  stm32f4xx_spi.o(.text)
    SPI_I2S_ClearFlag                        0x08014469   Thumb Code    74  stm32f4xx_spi.o(.text)
    SPI_I2S_GetITStatus                      0x080144b3   Thumb Code   154  stm32f4xx_spi.o(.text)
    SPI_I2S_ClearITPendingBit                0x0801454d   Thumb Code    86  stm32f4xx_spi.o(.text)
    TIM_DeInit                               0x080145b5   Thumb Code   440  stm32f4xx_tim.o(.text)
    TIM_TimeBaseInit                         0x0801476d   Thumb Code   278  stm32f4xx_tim.o(.text)
    TIM_TimeBaseStructInit                   0x08014883   Thumb Code    18  stm32f4xx_tim.o(.text)
    TIM_PrescalerConfig                      0x08014895   Thumb Code   128  stm32f4xx_tim.o(.text)
    TIM_CounterModeConfig                    0x08014915   Thumb Code   100  stm32f4xx_tim.o(.text)
    TIM_SetCounter                           0x08014979   Thumb Code   222  stm32f4xx_tim.o(.text)
    TIM_SetAutoreload                        0x08014a57   Thumb Code   108  stm32f4xx_tim.o(.text)
    TIM_GetCounter                           0x08014ac3   Thumb Code   106  stm32f4xx_tim.o(.text)
    TIM_GetPrescaler                         0x08014b2d   Thumb Code   106  stm32f4xx_tim.o(.text)
    TIM_UpdateDisableConfig                  0x08014b97   Thumb Code   148  stm32f4xx_tim.o(.text)
    TIM_UpdateRequestConfig                  0x08014c2b   Thumb Code   148  stm32f4xx_tim.o(.text)
    TIM_ARRPreloadConfig                     0x08014cbf   Thumb Code   148  stm32f4xx_tim.o(.text)
    TIM_SelectOnePulseMode                   0x08014d53   Thumb Code   142  stm32f4xx_tim.o(.text)
    TIM_SetClockDivision                     0x08014de1   Thumb Code   192  stm32f4xx_tim.o(.text)
    TIM_Cmd                                  0x08014ea1   Thumb Code   148  stm32f4xx_tim.o(.text)
    TIM_OC1Init                              0x08014f35   Thumb Code   416  stm32f4xx_tim.o(.text)
    TIM_OC2Init                              0x080150d5   Thumb Code   486  stm32f4xx_tim.o(.text)
    TIM_OC3Init                              0x080152bb   Thumb Code   416  stm32f4xx_tim.o(.text)
    TIM_OC4Init                              0x0801545b   Thumb Code   300  stm32f4xx_tim.o(.text)
    TIM_OCStructInit                         0x08015587   Thumb Code    20  stm32f4xx_tim.o(.text)
    TIM_SelectOCxM                           0x0801559b   Thumb Code   256  stm32f4xx_tim.o(.text)
    TIM_SetCompare1                          0x0801569b   Thumb Code   142  stm32f4xx_tim.o(.text)
    TIM_SetCompare2                          0x08015729   Thumb Code    72  stm32f4xx_tim.o(.text)
    TIM_SetCompare3                          0x08015771   Thumb Code    60  stm32f4xx_tim.o(.text)
    TIM_SetCompare4                          0x080157ad   Thumb Code    60  stm32f4xx_tim.o(.text)
    TIM_ForcedOC1Config                      0x080157e9   Thumb Code   130  stm32f4xx_tim.o(.text)
    TIM_ForcedOC2Config                      0x0801586b   Thumb Code   114  stm32f4xx_tim.o(.text)
    TIM_ForcedOC3Config                      0x080158dd   Thumb Code    94  stm32f4xx_tim.o(.text)
    TIM_ForcedOC4Config                      0x0801593b   Thumb Code   102  stm32f4xx_tim.o(.text)
    TIM_OC1PreloadConfig                     0x080159a1   Thumb Code   124  stm32f4xx_tim.o(.text)
    TIM_OC2PreloadConfig                     0x08015a1d   Thumb Code   108  stm32f4xx_tim.o(.text)
    TIM_OC3PreloadConfig                     0x08015a89   Thumb Code   136  stm32f4xx_tim.o(.text)
    TIM_OC4PreloadConfig                     0x08015b11   Thumb Code    96  stm32f4xx_tim.o(.text)
    TIM_OC1FastConfig                        0x08015b71   Thumb Code   124  stm32f4xx_tim.o(.text)
    TIM_OC2FastConfig                        0x08015bed   Thumb Code   108  stm32f4xx_tim.o(.text)
    TIM_OC3FastConfig                        0x08015c59   Thumb Code    88  stm32f4xx_tim.o(.text)
    TIM_OC4FastConfig                        0x08015cb1   Thumb Code    96  stm32f4xx_tim.o(.text)
    TIM_ClearOC1Ref                          0x08015d11   Thumb Code   124  stm32f4xx_tim.o(.text)
    TIM_ClearOC2Ref                          0x08015d8d   Thumb Code   106  stm32f4xx_tim.o(.text)
    TIM_ClearOC3Ref                          0x08015df7   Thumb Code    88  stm32f4xx_tim.o(.text)
    TIM_ClearOC4Ref                          0x08015e4f   Thumb Code    94  stm32f4xx_tim.o(.text)
    TIM_OC1PolarityConfig                    0x08015ead   Thumb Code   174  stm32f4xx_tim.o(.text)
    TIM_OC1NPolarityConfig                   0x08015f5b   Thumb Code    64  stm32f4xx_tim.o(.text)
    TIM_OC2PolarityConfig                    0x08015f9b   Thumb Code   108  stm32f4xx_tim.o(.text)
    TIM_OC2NPolarityConfig                   0x08016007   Thumb Code    72  stm32f4xx_tim.o(.text)
    TIM_OC3PolarityConfig                    0x0801604f   Thumb Code    96  stm32f4xx_tim.o(.text)
    TIM_OC3NPolarityConfig                   0x080160af   Thumb Code    72  stm32f4xx_tim.o(.text)
    TIM_OC4PolarityConfig                    0x080160f7   Thumb Code    96  stm32f4xx_tim.o(.text)
    TIM_CCxCmd                               0x08016157   Thumb Code   168  stm32f4xx_tim.o(.text)
    TIM_CCxNCmd                              0x080161ff   Thumb Code   104  stm32f4xx_tim.o(.text)
    TIM_SetIC4Prescaler                      0x08016267   Thumb Code   106  stm32f4xx_tim.o(.text)
    TIM_SetIC3Prescaler                      0x08016351   Thumb Code    98  stm32f4xx_tim.o(.text)
    TIM_SetIC2Prescaler                      0x080163fb   Thumb Code   118  stm32f4xx_tim.o(.text)
    TIM_SetIC1Prescaler                      0x080164c1   Thumb Code   134  stm32f4xx_tim.o(.text)
    TIM_ICInit                               0x08016581   Thumb Code   508  stm32f4xx_tim.o(.text)
    TIM_ICStructInit                         0x0801677d   Thumb Code    18  stm32f4xx_tim.o(.text)
    TIM_PWMIConfig                           0x0801678f   Thumb Code   184  stm32f4xx_tim.o(.text)
    TIM_GetCapture1                          0x08016847   Thumb Code    92  stm32f4xx_tim.o(.text)
    TIM_GetCapture2                          0x080168a3   Thumb Code    68  stm32f4xx_tim.o(.text)
    TIM_GetCapture3                          0x080168e7   Thumb Code    56  stm32f4xx_tim.o(.text)
    TIM_GetCapture4                          0x0801691f   Thumb Code    56  stm32f4xx_tim.o(.text)
    TIM_BDTRConfig                           0x08016957   Thumb Code   222  stm32f4xx_tim.o(.text)
    TIM_BDTRStructInit                       0x08016a35   Thumb Code    18  stm32f4xx_tim.o(.text)
    TIM_CtrlPWMOutputs                       0x08016a47   Thumb Code    78  stm32f4xx_tim.o(.text)
    TIM_SelectCOM                            0x08016a95   Thumb Code    72  stm32f4xx_tim.o(.text)
    TIM_CCPreloadControl                     0x08016add   Thumb Code    72  stm32f4xx_tim.o(.text)
    TIM_ITConfig                             0x08016b25   Thumb Code   218  stm32f4xx_tim.o(.text)
    TIM_GenerateEvent                        0x08016bff   Thumb Code   126  stm32f4xx_tim.o(.text)
    TIM_GetFlagStatus                        0x08016c7d   Thumb Code   188  stm32f4xx_tim.o(.text)
    TIM_ClearFlag                            0x08016d39   Thumb Code   108  stm32f4xx_tim.o(.text)
    TIM_GetITStatus                          0x08016da5   Thumb Code   186  stm32f4xx_tim.o(.text)
    TIM_ClearITPendingBit                    0x08016e5f   Thumb Code   108  stm32f4xx_tim.o(.text)
    TIM_DMAConfig                            0x08016ecb   Thumb Code   334  stm32f4xx_tim.o(.text)
    TIM_DMACmd                               0x08017019   Thumb Code   126  stm32f4xx_tim.o(.text)
    TIM_SelectCCDMA                          0x08017097   Thumb Code    96  stm32f4xx_tim.o(.text)
    TIM_InternalClockConfig                  0x080170f7   Thumb Code    76  stm32f4xx_tim.o(.text)
    TIM_SelectInputTrigger                   0x08017143   Thumb Code   148  stm32f4xx_tim.o(.text)
    TIM_ITRxExternalClockConfig              0x080171d7   Thumb Code   110  stm32f4xx_tim.o(.text)
    TIM_TIxExternalClockConfig               0x08017245   Thumb Code   184  stm32f4xx_tim.o(.text)
    TIM_ETRConfig                            0x080172fd   Thumb Code   164  stm32f4xx_tim.o(.text)
    TIM_ETRClockMode1Config                  0x080173a1   Thumb Code   228  stm32f4xx_tim.o(.text)
    TIM_ETRClockMode2Config                  0x08017485   Thumb Code   152  stm32f4xx_tim.o(.text)
    TIM_SelectOutputTrigger                  0x0801751d   Thumb Code   126  stm32f4xx_tim.o(.text)
    TIM_SelectSlaveMode                      0x0801759b   Thumb Code   112  stm32f4xx_tim.o(.text)
    TIM_SelectMasterSlaveMode                0x0801760b   Thumb Code   102  stm32f4xx_tim.o(.text)
    TIM_EncoderInterfaceConfig               0x08017671   Thumb Code   226  stm32f4xx_tim.o(.text)
    TIM_SelectHallSensor                     0x08017753   Thumb Code   108  stm32f4xx_tim.o(.text)
    TIM_RemapConfig                          0x080177bf   Thumb Code   138  stm32f4xx_tim.o(.text)
    USART_DeInit                             0x08017849   Thumb Code   202  stm32f4xx_usart.o(.text)
    USART_Init                               0x08017913   Thumb Code   456  stm32f4xx_usart.o(.text)
    USART_StructInit                         0x08017adb   Thumb Code    24  stm32f4xx_usart.o(.text)
    USART_ClockInit                          0x08017af3   Thumb Code   166  stm32f4xx_usart.o(.text)
    USART_ClockStructInit                    0x08017b99   Thumb Code    12  stm32f4xx_usart.o(.text)
    USART_Cmd                                0x08017ba5   Thumb Code    96  stm32f4xx_usart.o(.text)
    USART_SetPrescaler                       0x08017c05   Thumb Code   160  stm32f4xx_usart.o(.text)
    USART_OverSampling8Cmd                   0x08017ca5   Thumb Code    98  stm32f4xx_usart.o(.text)
    USART_OneBitMethodCmd                    0x08017d07   Thumb Code   100  stm32f4xx_usart.o(.text)
    USART_SendData                           0x08017d6b   Thumb Code    84  stm32f4xx_usart.o(.text)
    USART_ReceiveData                        0x08017dbf   Thumb Code    62  stm32f4xx_usart.o(.text)
    USART_SetAddress                         0x08017dfd   Thumb Code    92  stm32f4xx_usart.o(.text)
    USART_ReceiverWakeUpCmd                  0x08017e59   Thumb Code   100  stm32f4xx_usart.o(.text)
    USART_WakeUpConfig                       0x08017ebd   Thumb Code    96  stm32f4xx_usart.o(.text)
    USART_LINBreakDetectLengthConfig         0x08017f1d   Thumb Code    94  stm32f4xx_usart.o(.text)
    USART_LINCmd                             0x08017f7b   Thumb Code   100  stm32f4xx_usart.o(.text)
    USART_SendBreak                          0x08017fdf   Thumb Code    64  stm32f4xx_usart.o(.text)
    USART_HalfDuplexCmd                      0x0801801f   Thumb Code   100  stm32f4xx_usart.o(.text)
    USART_SetGuardTime                       0x08018083   Thumb Code    86  stm32f4xx_usart.o(.text)
    USART_SmartCardCmd                       0x080180d9   Thumb Code    88  stm32f4xx_usart.o(.text)
    USART_SmartCardNACKCmd                   0x08018131   Thumb Code    88  stm32f4xx_usart.o(.text)
    USART_IrDAConfig                         0x08018189   Thumb Code    94  stm32f4xx_usart.o(.text)
    USART_IrDACmd                            0x080181e7   Thumb Code   100  stm32f4xx_usart.o(.text)
    USART_DMACmd                             0x0801824b   Thumb Code   120  stm32f4xx_usart.o(.text)
    USART_ITConfig                           0x080182c3   Thumb Code   268  stm32f4xx_usart.o(.text)
    USART_GetFlagStatus                      0x080183cf   Thumb Code   176  stm32f4xx_usart.o(.text)
    USART_ClearFlag                          0x0801847f   Thumb Code   160  stm32f4xx_usart.o(.text)
    USART_GetITStatus                        0x0801851f   Thumb Code   284  stm32f4xx_usart.o(.text)
    USART_ClearITPendingBit                  0x0801863b   Thumb Code   170  stm32f4xx_usart.o(.text)
    SystemInit                               0x080187d9   Thumb Code    88  system_stm32f4xx.o(.text)
    SystemCoreClockUpdate                    0x08018831   Thumb Code   174  system_stm32f4xx.o(.text)
    Reset_Handler                            0x0801890d   Thumb Code     8  startup_stm32f4xx.o(.text)
    HardFault_Handler                        0x08018917   Thumb Code     2  startup_stm32f4xx.o(.text)
    PendSV_Handler                           0x08018923   Thumb Code     2  startup_stm32f4xx.o(.text)
    ADC_IRQHandler                           0x08018927   Thumb Code     0  startup_stm32f4xx.o(.text)
    CAN1_RX0_IRQHandler                      0x08018927   Thumb Code     0  startup_stm32f4xx.o(.text)
    CAN1_RX1_IRQHandler                      0x08018927   Thumb Code     0  startup_stm32f4xx.o(.text)
    CAN1_SCE_IRQHandler                      0x08018927   Thumb Code     0  startup_stm32f4xx.o(.text)
    CAN1_TX_IRQHandler                       0x08018927   Thumb Code     0  startup_stm32f4xx.o(.text)
    CAN2_RX0_IRQHandler                      0x08018927   Thumb Code     0  startup_stm32f4xx.o(.text)
    CAN2_RX1_IRQHandler                      0x08018927   Thumb Code     0  startup_stm32f4xx.o(.text)
    CAN2_SCE_IRQHandler                      0x08018927   Thumb Code     0  startup_stm32f4xx.o(.text)
    CAN2_TX_IRQHandler                       0x08018927   Thumb Code     0  startup_stm32f4xx.o(.text)
    CRYP_IRQHandler                          0x08018927   Thumb Code     0  startup_stm32f4xx.o(.text)
    DCMI_IRQHandler                          0x08018927   Thumb Code     0  startup_stm32f4xx.o(.text)
    DMA1_Stream0_IRQHandler                  0x08018927   Thumb Code     0  startup_stm32f4xx.o(.text)
    DMA1_Stream1_IRQHandler                  0x08018927   Thumb Code     0  startup_stm32f4xx.o(.text)
    DMA1_Stream2_IRQHandler                  0x08018927   Thumb Code     0  startup_stm32f4xx.o(.text)
    DMA1_Stream3_IRQHandler                  0x08018927   Thumb Code     0  startup_stm32f4xx.o(.text)
    DMA1_Stream4_IRQHandler                  0x08018927   Thumb Code     0  startup_stm32f4xx.o(.text)
    DMA1_Stream5_IRQHandler                  0x08018927   Thumb Code     0  startup_stm32f4xx.o(.text)
    DMA1_Stream6_IRQHandler                  0x08018927   Thumb Code     0  startup_stm32f4xx.o(.text)
    DMA1_Stream7_IRQHandler                  0x08018927   Thumb Code     0  startup_stm32f4xx.o(.text)
    DMA2_Stream0_IRQHandler                  0x08018927   Thumb Code     0  startup_stm32f4xx.o(.text)
    DMA2_Stream1_IRQHandler                  0x08018927   Thumb Code     0  startup_stm32f4xx.o(.text)
    DMA2_Stream2_IRQHandler                  0x08018927   Thumb Code     0  startup_stm32f4xx.o(.text)
    DMA2_Stream3_IRQHandler                  0x08018927   Thumb Code     0  startup_stm32f4xx.o(.text)
    DMA2_Stream4_IRQHandler                  0x08018927   Thumb Code     0  startup_stm32f4xx.o(.text)
    DMA2_Stream5_IRQHandler                  0x08018927   Thumb Code     0  startup_stm32f4xx.o(.text)
    DMA2_Stream6_IRQHandler                  0x08018927   Thumb Code     0  startup_stm32f4xx.o(.text)
    DMA2_Stream7_IRQHandler                  0x08018927   Thumb Code     0  startup_stm32f4xx.o(.text)
    ETH_IRQHandler                           0x08018927   Thumb Code     0  startup_stm32f4xx.o(.text)
    ETH_WKUP_IRQHandler                      0x08018927   Thumb Code     0  startup_stm32f4xx.o(.text)
    EXTI0_IRQHandler                         0x08018927   Thumb Code     0  startup_stm32f4xx.o(.text)
    EXTI15_10_IRQHandler                     0x08018927   Thumb Code     0  startup_stm32f4xx.o(.text)
    EXTI1_IRQHandler                         0x08018927   Thumb Code     0  startup_stm32f4xx.o(.text)
    EXTI2_IRQHandler                         0x08018927   Thumb Code     0  startup_stm32f4xx.o(.text)
    EXTI3_IRQHandler                         0x08018927   Thumb Code     0  startup_stm32f4xx.o(.text)
    EXTI4_IRQHandler                         0x08018927   Thumb Code     0  startup_stm32f4xx.o(.text)
    FLASH_IRQHandler                         0x08018927   Thumb Code     0  startup_stm32f4xx.o(.text)
    FPU_IRQHandler                           0x08018927   Thumb Code     0  startup_stm32f4xx.o(.text)
    FSMC_IRQHandler                          0x08018927   Thumb Code     0  startup_stm32f4xx.o(.text)
    HASH_RNG_IRQHandler                      0x08018927   Thumb Code     0  startup_stm32f4xx.o(.text)
    I2C1_ER_IRQHandler                       0x08018927   Thumb Code     0  startup_stm32f4xx.o(.text)
    I2C1_EV_IRQHandler                       0x08018927   Thumb Code     0  startup_stm32f4xx.o(.text)
    I2C2_ER_IRQHandler                       0x08018927   Thumb Code     0  startup_stm32f4xx.o(.text)
    I2C2_EV_IRQHandler                       0x08018927   Thumb Code     0  startup_stm32f4xx.o(.text)
    I2C3_ER_IRQHandler                       0x08018927   Thumb Code     0  startup_stm32f4xx.o(.text)
    I2C3_EV_IRQHandler                       0x08018927   Thumb Code     0  startup_stm32f4xx.o(.text)
    OTG_FS_WKUP_IRQHandler                   0x08018927   Thumb Code     0  startup_stm32f4xx.o(.text)
    OTG_HS_EP1_IN_IRQHandler                 0x08018927   Thumb Code     0  startup_stm32f4xx.o(.text)
    OTG_HS_EP1_OUT_IRQHandler                0x08018927   Thumb Code     0  startup_stm32f4xx.o(.text)
    OTG_HS_IRQHandler                        0x08018927   Thumb Code     0  startup_stm32f4xx.o(.text)
    OTG_HS_WKUP_IRQHandler                   0x08018927   Thumb Code     0  startup_stm32f4xx.o(.text)
    PVD_IRQHandler                           0x08018927   Thumb Code     0  startup_stm32f4xx.o(.text)
    RCC_IRQHandler                           0x08018927   Thumb Code     0  startup_stm32f4xx.o(.text)
    RTC_Alarm_IRQHandler                     0x08018927   Thumb Code     0  startup_stm32f4xx.o(.text)
    RTC_WKUP_IRQHandler                      0x08018927   Thumb Code     0  startup_stm32f4xx.o(.text)
    SDIO_IRQHandler                          0x08018927   Thumb Code     0  startup_stm32f4xx.o(.text)
    SPI1_IRQHandler                          0x08018927   Thumb Code     0  startup_stm32f4xx.o(.text)
    SPI2_IRQHandler                          0x08018927   Thumb Code     0  startup_stm32f4xx.o(.text)
    SPI3_IRQHandler                          0x08018927   Thumb Code     0  startup_stm32f4xx.o(.text)
    TAMP_STAMP_IRQHandler                    0x08018927   Thumb Code     0  startup_stm32f4xx.o(.text)
    TIM1_BRK_TIM9_IRQHandler                 0x08018927   Thumb Code     0  startup_stm32f4xx.o(.text)
    TIM1_CC_IRQHandler                       0x08018927   Thumb Code     0  startup_stm32f4xx.o(.text)
    TIM1_TRG_COM_TIM11_IRQHandler            0x08018927   Thumb Code     0  startup_stm32f4xx.o(.text)
    TIM1_UP_TIM10_IRQHandler                 0x08018927   Thumb Code     0  startup_stm32f4xx.o(.text)
    TIM2_IRQHandler                          0x08018927   Thumb Code     0  startup_stm32f4xx.o(.text)
    TIM5_IRQHandler                          0x08018927   Thumb Code     0  startup_stm32f4xx.o(.text)
    TIM6_DAC_IRQHandler                      0x08018927   Thumb Code     0  startup_stm32f4xx.o(.text)
    TIM7_IRQHandler                          0x08018927   Thumb Code     0  startup_stm32f4xx.o(.text)
    TIM8_BRK_TIM12_IRQHandler                0x08018927   Thumb Code     0  startup_stm32f4xx.o(.text)
    TIM8_CC_IRQHandler                       0x08018927   Thumb Code     0  startup_stm32f4xx.o(.text)
    TIM8_TRG_COM_TIM14_IRQHandler            0x08018927   Thumb Code     0  startup_stm32f4xx.o(.text)
    TIM8_UP_TIM13_IRQHandler                 0x08018927   Thumb Code     0  startup_stm32f4xx.o(.text)
    WWDG_IRQHandler                          0x08018927   Thumb Code     0  startup_stm32f4xx.o(.text)
    usbd_init                                0x08018931   Thumb Code    22  usbd_core.o(.text)
    usbd_connect                             0x08018947   Thumb Code    12  usbd_core.o(.text)
    usbd_reset_core                          0x08018953   Thumb Code    38  usbd_core.o(.text)
    usbd_configured                          0x08018979   Thumb Code    14  usbd_core.o(.text)
    USBD_SetupStage                          0x08018987   Thumb Code    12  usbd_core.o(.text)
    USBD_DataInStage                         0x08018993   Thumb Code    66  usbd_core.o(.text)
    USBD_DataOutStage                        0x080189d5   Thumb Code    34  usbd_core.o(.text)
    USBD_StatusInStage                       0x080189f7   Thumb Code    14  usbd_core.o(.text)
    USBD_StatusOutStage                      0x08018a05   Thumb Code    12  usbd_core.o(.text)
    USBD_ReqGetStatus                        0x08018a11   Thumb Code   160  usbd_core.o(.text)
    USBD_ReqSetClrFeature                    0x08018ab1   Thumb Code   216  usbd_core.o(.text)
    USBD_ReqGetDescriptor                    0x08018b89   Thumb Code   380  usbd_core.o(.text)
    USBD_ReqGetConfiguration                 0x08018d05   Thumb Code   122  usbd_core.o(.text)
    USBD_ReqSetConfiguration                 0x08018d7f   Thumb Code   432  usbd_core.o(.text)
    USBD_ReqGetInterface                     0x08018f2f   Thumb Code    60  usbd_core.o(.text)
    USBD_ReqSetInterface                     0x08018f6b   Thumb Code   308  usbd_core.o(.text)
    USBD_EndPoint0                           0x0801909f   Thumb Code   680  usbd_core.o(.text)
    USBD_ReqGetDescriptor_HID                0x08019361   Thumb Code   132  usbd_core_hid.o(.text)
    USBD_EndPoint0_Setup_HID_ReqToIF         0x080193e5   Thumb Code   200  usbd_core_hid.o(.text)
    USBD_EndPoint0_Out_HID_ReqToIF           0x080194ad   Thumb Code    44  usbd_core_hid.o(.text)
    usbd_hid_init                            0x08019511   Thumb Code     2  usbd_hid.o(.text)
    usbd_hid_get_protocol                    0x08019521   Thumb Code     4  usbd_hid.o(.text)
    usbd_hid_set_protocol                    0x08019525   Thumb Code     2  usbd_hid.o(.text)
    USBD_HID_GetReport                       0x08019527   Thumb Code    54  usbd_hid.o(.text)
    USBD_HID_SetReport                       0x0801955d   Thumb Code    58  usbd_hid.o(.text)
    USBD_HID_GetIdle                         0x08019597   Thumb Code    16  usbd_hid.o(.text)
    USBD_HID_SetIdle                         0x080195a7   Thumb Code    48  usbd_hid.o(.text)
    USBD_HID_GetProtocol                     0x080195d7   Thumb Code    14  usbd_hid.o(.text)
    USBD_HID_SetProtocol                     0x080195e5   Thumb Code    14  usbd_hid.o(.text)
    USBD_HID_EP_INTIN_Event                  0x080195f3   Thumb Code   422  usbd_hid.o(.text)
    USBD_HID_EP_INTOUT_Event                 0x08019799   Thumb Code   148  usbd_hid.o(.text)
    USBD_HID_Configure_Event                 0x0801982d   Thumb Code    48  usbd_hid.o(.text)
    USBD_HID_EP_INT_Event                    0x0801985d   Thumb Code    30  usbd_hid.o(.text)
    USBD_HID_SOF_Event                       0x0801987b   Thumb Code   460  usbd_hid.o(.text)
    usbd_hid_get_report_trigger              0x08019a47   Thumb Code   148  usbd_hid.o(.text)
    AccGyrStableCheck_Services               0x08019b15   Thumb Code   512  ano_imu_calibration.o(.text)
    GetGyrAvValue                            0x08019d15   Thumb Code   174  ano_imu_calibration.o(.text)
    GetAccAvValue                            0x08019dc3   Thumb Code   174  ano_imu_calibration.o(.text)
    ImuSensitivityInit                       0x08019eb1   Thumb Code   108  ano_imu_data.o(.text)
    ImuDataGet                               0x08019f1d   Thumb Code    64  ano_imu_data.o(.text)
    ImuTemperatureGet                        0x08019f5d   Thumb Code    10  ano_imu_data.o(.text)
    ImuDataCalcu                             0x08019f67   Thumb Code   282  ano_imu_data.o(.text)
    ImuServices_1ms_c                        0x0801a095   Thumb Code   116  ano_imu_task.o(.text)
    ImuServices_20ms_c                       0x0801a109   Thumb Code    18  ano_imu_task.o(.text)
    __aeabi_memcpy                           0x0801a139   Thumb Code    36  memcpya.o(.text)
    __aeabi_memcpy4                          0x0801a139   Thumb Code     0  memcpya.o(.text)
    __aeabi_memcpy8                          0x0801a139   Thumb Code     0  memcpya.o(.text)
    __aeabi_dadd                             0x0801a15d   Thumb Code   322  dadd.o(.text)
    __aeabi_dsub                             0x0801a29f   Thumb Code     6  dadd.o(.text)
    __aeabi_drsub                            0x0801a2a5   Thumb Code     6  dadd.o(.text)
    __aeabi_dmul                             0x0801a2ab   Thumb Code   228  dmul.o(.text)
    __aeabi_i2d                              0x0801a38f   Thumb Code    34  dflti.o(.text)
    __aeabi_ui2d                             0x0801a3b1   Thumb Code    26  dfltui.o(.text)
    __aeabi_d2iz                             0x0801a3cb   Thumb Code    62  dfixi.o(.text)
    __aeabi_d2uiz                            0x0801a409   Thumb Code    50  dfixui.o(.text)
    __aeabi_f2d                              0x0801a43b   Thumb Code    38  f2d.o(.text)
    __aeabi_cdcmpeq                          0x0801a461   Thumb Code     0  cdcmple.o(.text)
    __aeabi_cdcmple                          0x0801a461   Thumb Code    48  cdcmple.o(.text)
    __aeabi_cdrcmple                         0x0801a491   Thumb Code    48  cdrcmple.o(.text)
    __aeabi_d2f                              0x0801a4c1   Thumb Code    56  d2f.o(.text)
    __aeabi_llsl                             0x0801a4f9   Thumb Code    30  llshl.o(.text)
    _ll_shift_l                              0x0801a4f9   Thumb Code     0  llshl.o(.text)
    __aeabi_llsr                             0x0801a517   Thumb Code    32  llushr.o(.text)
    _ll_ushift_r                             0x0801a517   Thumb Code     0  llushr.o(.text)
    __aeabi_lasr                             0x0801a537   Thumb Code    36  llsshr.o(.text)
    _ll_sshift_r                             0x0801a537   Thumb Code     0  llsshr.o(.text)
    __I$use$fp                               0x0801a55b   Thumb Code     0  iusefp.o(.text)
    _float_round                             0x0801a55b   Thumb Code    18  fepilogue.o(.text)
    _float_epilogue                          0x0801a56d   Thumb Code    92  fepilogue.o(.text)
    _double_round                            0x0801a5c9   Thumb Code    30  depilogue.o(.text)
    _double_epilogue                         0x0801a5e7   Thumb Code   156  depilogue.o(.text)
    __scatterload                            0x0801a685   Thumb Code    28  init.o(.text)
    __scatterload_rt2                        0x0801a685   Thumb Code     0  init.o(.text)
    __decompress                             0x0801a6a9   Thumb Code     0  __dczerorl2.o(.text)
    __decompress1                            0x0801a6a9   Thumb Code    86  __dczerorl2.o(.text)
    __scatterload_copy                       0x0801a6ff   Thumb Code    14  handlers.o(i.__scatterload_copy)
    __scatterload_null                       0x0801a70d   Thumb Code     2  handlers.o(i.__scatterload_null)
    __scatterload_zeroinit                   0x0801a70f   Thumb Code    14  handlers.o(i.__scatterload_zeroinit)
    usbd_power                               0x0801a71c   Data           1  usb_config.o(.constdata)
    usbd_hs_enable                           0x0801a71d   Data           1  usb_config.o(.constdata)
    usbd_if_num                              0x0801a71e   Data           2  usb_config.o(.constdata)
    usbd_ep_num                              0x0801a720   Data           1  usb_config.o(.constdata)
    usbd_max_packet0                         0x0801a721   Data           1  usb_config.o(.constdata)
    usbd_hid_if_num                          0x0801a722   Data           1  usb_config.o(.constdata)
    usbd_hid_ep_intin                        0x0801a723   Data           1  usb_config.o(.constdata)
    usbd_hid_ep_intout                       0x0801a724   Data           1  usb_config.o(.constdata)
    usbd_hid_interval                        0x0801a726   Data           4  usb_config.o(.constdata)
    usbd_hid_maxpacketsize                   0x0801a72a   Data           4  usb_config.o(.constdata)
    usbd_hid_inreport_num                    0x0801a72e   Data           1  usb_config.o(.constdata)
    usbd_hid_outreport_num                   0x0801a72f   Data           1  usb_config.o(.constdata)
    usbd_hid_inreport_max_sz                 0x0801a730   Data           2  usb_config.o(.constdata)
    usbd_hid_outreport_max_sz                0x0801a732   Data           2  usb_config.o(.constdata)
    usbd_hid_featreport_max_sz               0x0801a734   Data           2  usb_config.o(.constdata)
    USBD_P_Power_Event                       0x0801a738   Data           4  usb_config.o(.constdata)
    USBD_P_Reset_Event                       0x0801a73c   Data           4  usb_config.o(.constdata)
    USBD_P_Suspend_Event                     0x0801a740   Data           4  usb_config.o(.constdata)
    USBD_P_Resume_Event                      0x0801a744   Data           4  usb_config.o(.constdata)
    USBD_P_WakeUp_Event                      0x0801a748   Data           4  usb_config.o(.constdata)
    USBD_P_SOF_Event                         0x0801a74c   Data           4  usb_config.o(.constdata)
    USBD_P_Error_Event                       0x0801a750   Data           4  usb_config.o(.constdata)
    USBD_P_EP                                0x0801a754   Data          64  usb_config.o(.constdata)
    USBD_P_Configure_Event                   0x0801a794   Data           4  usb_config.o(.constdata)
    USBD_P_Interface_Event                   0x0801a798   Data           4  usb_config.o(.constdata)
    USBD_P_Feature_Event                     0x0801a79c   Data           4  usb_config.o(.constdata)
    __rtx                                    0x0801a7a0   Data           4  usb_config.o(.constdata)
    USBD_HID_ReportDescriptor                0x0801a7a4   Data          33  usb_config.o(.constdata)
    USBD_HID_ReportDescriptorSize            0x0801a7c6   Data           2  usb_config.o(.constdata)
    USBD_HID_DescriptorOffset                0x0801a7c8   Data           2  usb_config.o(.constdata)
    USBD_DeviceDescriptor                    0x0801a7ca   Data          18  usb_config.o(.constdata)
    USBD_DeviceQualifier                     0x0801a7dc   Data           1  usb_config.o(.constdata)
    USBD_DeviceQualifier_HS                  0x0801a7dd   Data           1  usb_config.o(.constdata)
    USBD_ConfigDescriptor                    0x0801a7de   Data          42  usb_config.o(.constdata)
    USBD_ConfigDescriptor_HS                 0x0801a808   Data           1  usb_config.o(.constdata)
    USBD_OtherSpeedConfigDescriptor          0x0801a809   Data           1  usb_config.o(.constdata)
    USBD_OtherSpeedConfigDescriptor_HS       0x0801a80a   Data           1  usb_config.o(.constdata)
    USBD_StringDescriptor                    0x0801a80c   Data         132  usb_config.o(.constdata)
    _cs_idlist                               0x0801a890   Data          24  ano_dt.o(.constdata)
    fast_atan_table                          0x0801a8a8   Data        1028  ano_math.o(.constdata)
    gps_petrol_out_config                    0x0801acac   Data          28  drv_gps.o(.constdata)
    gps_pvt_out_config                       0x0801acc8   Data          90  drv_gps.o(.constdata)
    gps_rate_out_config                      0x0801ad22   Data          16  drv_gps.o(.constdata)
    Enter_Send                               0x0801ad32   Data           9  drv_gps.o(.constdata)
    Region$$Table$$Base                      0x0801ae80   Number         0  anon$$obj.o(Region$$Table)
    Region$$Table$$Limit                     0x0801aea0   Number         0  anon$$obj.o(Region$$Table)
    HID_SEND_TIMEOUT                         0x20000000   Data           1  ano_usb.o(.data)
    hid_datatemp_begin                       0x20000002   Data           2  ano_usb.o(.data)
    hid_datatemp_end                         0x20000004   Data           2  ano_usb.o(.data)
    USBD_AltSetting                          0x20000008   Data           1  usb_config.o(.data)
    USBD_HID_PollingCnt                      0x2000000a   Data           2  usb_config.o(.data)
    USBD_HID_IdleCnt                         0x2000000c   Data           1  usb_config.o(.data)
    USBD_HID_IdleReload                      0x2000000d   Data           1  usb_config.o(.data)
    USBD_HID_IdleSet                         0x2000000e   Data           1  usb_config.o(.data)
    USBD_HID_FeatReport                      0x2000000f   Data           2  usb_config.o(.data)
    ult_commend                              0x20000015   Data           3  ano_scheduler.o(.data)
    end                                      0x20000018   Data           1  ano_scheduler.o(.data)
    MagType                                  0x20000071   Data           1  bsp_init.o(.data)
    of_init_type                             0x20000072   Data           1  bsp_init.o(.data)
    test_cali_cnt                            0x20000074   Data           1  ano_dt.o(.data)
    unlock_f                                 0x20000076   Data           2  ano_rc.o(.data)
    stick_fun_0                              0x20000078   Data           1  ano_rc.o(.data)
    unlock_time                              0x2000007a   Data           2  ano_rc.o(.data)
    cali_gyro                                0x2000007c   Data           2  ano_rc.o(.data)
    cali_acc                                 0x2000007e   Data           2  ano_rc.o(.data)
    cali_surface                             0x20000080   Data           2  ano_rc.o(.data)
    cali_mag                                 0x20000082   Data           4  ano_rc.o(.data)
    stick_fun_1                              0x20000086   Data           1  ano_rc.o(.data)
    stick_fun_2                              0x20000087   Data           1  ano_rc.o(.data)
    stick_fun_3                              0x20000088   Data           1  ano_rc.o(.data)
    stick_fun_4                              0x20000089   Data           1  ano_rc.o(.data)
    stick_fun_5_magcali                      0x2000008a   Data           1  ano_rc.o(.data)
    of_buf_update_flag                       0x2000009c   Data           1  ano_of_decofusion.o(.data)
    of_rot_d_degs                            0x200000a0   Data           8  ano_of_decofusion.o(.data)
    of_fus_err                               0x200000a8   Data           8  ano_of_decofusion.o(.data)
    of_fus_err_i                             0x200000b0   Data           8  ano_of_decofusion.o(.data)
    switchs                                  0x200000d4   Data           8  ano_fcdata.o(.data)
    imu_data                                 0x200000e8   Data         232  ano_imu.o(.data)
    imu_state                                0x20000204   Data          24  ano_imu.o(.data)
    ref_height_old                           0x2000023c   Data           4  ano_motioncal.o(.data)
    ref_speed_old                            0x20000240   Data           4  ano_motioncal.o(.data)
    wcz_ref_height                           0x20000244   Data           4  ano_motioncal.o(.data)
    wcz_ref_speed                            0x20000248   Data           4  ano_motioncal.o(.data)
    wcz_ref_acc                              0x2000024c   Data           4  ano_motioncal.o(.data)
    flying_cnt                               0x20000288   Data           2  ano_flightctrl.o(.data)
    landing_cnt                              0x2000028a   Data           2  ano_flightctrl.o(.data)
    stop_baro_hpf                            0x2000028c   Data           4  ano_flightctrl.o(.data)
    jsdata                                   0x2000029c   Data           6  ano_flightctrl.o(.data)
    speed_mode_old                           0x200002a2   Data           1  ano_flightctrl.o(.data)
    flight_mode_old                          0x200002a3   Data           1  ano_flightctrl.o(.data)
    vel_fb_d_lpf                             0x200002c0   Data           8  ano_locctrl.o(.data)
    vel_fb_h                                 0x200002c8   Data           8  ano_locctrl.o(.data)
    vel_fb_w                                 0x200002d0   Data           8  ano_locctrl.o(.data)
    vel_fb_fix_w                             0x200002d8   Data           8  ano_locctrl.o(.data)
    mag                                      0x200002f8   Data           8  ano_magprocess.o(.data)
    motor                                    0x2000030c   Data           8  ano_motorctrl.o(.data)
    motor_step                               0x20000314   Data           8  ano_motorctrl.o(.data)
    IDLING                                   0x2000031e   Data           2  ano_motorctrl.o(.data)
    Plane_Votage                             0x20000320   Data           4  ano_power.o(.data)
    test_time_cnt                            0x2000032e   Data           2  ano_flightdatacal.o(.data)
    baro_height                              0x20000338   Data           4  ano_flightdatacal.o(.data)
    baro_h_offset                            0x2000033c   Data           4  ano_flightdatacal.o(.data)
    ref_height_get_1                         0x20000340   Data           4  ano_flightdatacal.o(.data)
    ref_height_get_2                         0x20000344   Data           4  ano_flightdatacal.o(.data)
    ref_height_used                          0x20000348   Data           4  ano_flightdatacal.o(.data)
    baro2tof_offset                          0x2000034c   Data           4  ano_flightdatacal.o(.data)
    tof2baro_offset                          0x20000350   Data           4  ano_flightdatacal.o(.data)
    baro_fix1                                0x20000354   Data           4  ano_flightdatacal.o(.data)
    baro_fix2                                0x20000358   Data           4  ano_flightdatacal.o(.data)
    baro_fix                                 0x2000035c   Data           4  ano_flightdatacal.o(.data)
    wcz_acc_use                              0x20000364   Data           4  ano_flightdatacal.o(.data)
    ref_tof_height                           0x20000368   Data           2  ano_flightdatacal.o(.data)
    led_accuracy                             0x20000370   Data           2  drv_led.o(.data)
    LED_Brightness                           0x20000374   Data          16  drv_led.o(.data)
    AdcValue                                 0x20000398   Data           2  drv_adc.o(.data)
    para_sta                                 0x2000039c   Data           4  ano_parameter.o(.data)
    sysTickUptime                            0x200003a0   Data           4  drv_time.o(.data)
    systime_ms                               0x200003a4   Data           4  drv_time.o(.data)
    TxCounter                                0x200003a9   Data           1  drv_usart.o(.data)
    count                                    0x200003aa   Data           1  drv_usart.o(.data)
    Tx3Counter                               0x200003ab   Data           1  drv_usart.o(.data)
    count3                                   0x200003ac   Data           1  drv_usart.o(.data)
    Tx4Counter                               0x200003ad   Data           1  drv_usart.o(.data)
    count4                                   0x200003ae   Data           1  drv_usart.o(.data)
    Tx5Counter                               0x200003af   Data           1  drv_usart.o(.data)
    count5                                   0x200003b0   Data           1  drv_usart.o(.data)
    alt_3                                    0x200003bc   Data           4  drv_spl06.o(.data)
    baro_start                               0x200003c0   Data           1  drv_spl06.o(.data)
    OutMaxPacketSize                         0x200003c4   Data          16  usbd_stm32f4xx_fs.o(.data)
    InPacketDataPtr                          0x200003d4   Data          16  usbd_stm32f4xx_fs.o(.data)
    InPacketDataReady                        0x200003e4   Data           4  usbd_stm32f4xx_fs.o(.data)
    SyncWriteEP                              0x200003e8   Data           4  usbd_stm32f4xx_fs.o(.data)
    IsoOutTokenRead                          0x200003ec   Data           4  usbd_stm32f4xx_fs.o(.data)
    len                                      0x200003f4   Data           2  drv_gps.o(.data)
    wcx_acc_use                              0x200003f8   Data           4  drv_gps.o(.data)
    wcy_acc_use                              0x200003fc   Data           4  drv_gps.o(.data)
    GPS_get_cnt                              0x20000400   Data           1  drv_gps.o(.data)
    temperature_err                          0x20000410   Data           4  drv_heating.o(.data)
    temperature_err_i                        0x20000414   Data           4  drv_heating.o(.data)
    temperature_diff                         0x20000418   Data           4  drv_heating.o(.data)
    temperature_ctrl_val                     0x2000041c   Data           4  drv_heating.o(.data)
    LASER_LINKOK                             0x20000424   Data           1  drv_laser.o(.data)
    temp_distance                            0x20000425   Data           1  drv_laser.o(.data)
    Laser_height_cm                          0x20000426   Data           2  drv_laser.o(.data)
    offline_check_time                       0x2000042a   Data           2  drv_openmv.o(.data)
    of_init_cnt                              0x2000042e   Data           1  drv_up_flow.o(.data)
    of_buf_update_cnt                        0x2000042f   Data           1  drv_up_flow.o(.data)
    raw_distance                             0x2000044a   Data           2  drv_ultrasonic.o(.data)
    k_x                                      0x2000044c   Data           4  drv_ultrasonic.o(.data)
    new_flag_x                               0x20000450   Data           1  drv_ultrasonic.o(.data)
    num_x                                    0x20000451   Data           1  drv_ultrasonic.o(.data)
    SystemCoreClock                          0x20000474   Data           4  system_stm32f4xx.o(.data)
    AHBPrescTable                            0x20000478   Data          16  system_stm32f4xx.o(.data)
    USBD_DeviceStatus                        0x20000488   Data           2  usbd_core.o(.data)
    USBD_DeviceAddress                       0x2000048a   Data           1  usbd_core.o(.data)
    USBD_Configuration                       0x2000048b   Data           1  usbd_core.o(.data)
    USBD_EndPointMask                        0x2000048c   Data           4  usbd_core.o(.data)
    USBD_EndPointHalt                        0x20000490   Data           4  usbd_core.o(.data)
    USBD_EndPointStall                       0x20000494   Data           4  usbd_core.o(.data)
    USBD_NumInterfaces                       0x20000498   Data           1  usbd_core.o(.data)
    USBD_HighSpeed                           0x20000499   Data           1  usbd_core.o(.data)
    USBD_ZLP                                 0x2000049a   Data           1  usbd_core.o(.data)
    USBD_EP0Data                             0x2000049c   Data           8  usbd_core.o(.data)
    USBD_SetupPacket                         0x200004a4   Data           8  usbd_core.o(.data)
    USBD_HID_Protocol                        0x200004ac   Data           1  usbd_hid.o(.data)
    DataOutAsyncReq                          0x200004b0   Data           4  usbd_hid.o(.data)
    DataOutUpdateReqMask                     0x200004b4   Data           4  usbd_hid.o(.data)
    ptrDataOut                               0x200004b8   Data           4  usbd_hid.o(.data)
    DataOutToSendLen                         0x200004bc   Data           2  usbd_hid.o(.data)
    DataOutSentLen                           0x200004be   Data           2  usbd_hid.o(.data)
    DataOutEndWithShortPacket                0x200004c0   Data           4  usbd_hid.o(.data)
    ptrDataIn                                0x200004c4   Data           4  usbd_hid.o(.data)
    DataInReceLen                            0x200004c8   Data           2  usbd_hid.o(.data)
    ptrDataFeat                              0x200004cc   Data           4  usbd_hid.o(.data)
    DataFeatReceLen                          0x200004d0   Data           2  usbd_hid.o(.data)
    st_imu_cali                              0x200004d4   Data           4  ano_imu_calibration.o(.data)
    hid_datatemp                             0x200004ec   Data        1000  ano_usb.o(.bss)
    hid_data2send                            0x200008d4   Data          64  ano_usb.o(.bss)
    USBD_EP0Buf                              0x20000918   Data          64  usb_config.o(.bss)
    USBD_HID_InReport                        0x20000958   Data          65  usb_config.o(.bss)
    USBD_HID_OutReport                       0x20000999   Data          65  usb_config.o(.bss)
    stk_usb_msc_task                         0x200009e0   Data         600  usb_config.o(.bss)
    test_dT_1000hz                           0x20000c38   Data          12  ano_scheduler.o(.bss)
    test_rT                                  0x20000c44   Data          24  ano_scheduler.o(.bss)
    dt                                       0x20000c5c   Data         432  ano_dt.o(.bss)
    CycleSendData                            0x20000e0c   Data          64  ano_dt.o(.bss)
    OtherSendData                            0x20000e4c   Data         335  ano_dt.o(.bss)
    otherDataTmp                             0x20000f9b   Data          64  ano_dt.o(.bss)
    CH_N                                     0x200010a4   Data          16  ano_rc.o(.bss)
    ano_of                                   0x200010b4   Data          60  ano_of.o(.bss)
    program_ctrl                             0x20001130   Data          84  ano_flyctrl.o(.bss)
    uwb_data                                 0x20001184   Data          60  ano_uwb.o(.bss)
    pc_user                                  0x200013c0   Data          32  ano_programctrl_user.o(.bss)
    ano_opmv_cbt_ctrl                        0x200013e0   Data          52  ano_opmv_cbtracking_ctrl.o(.bss)
    ano_opmv_lt_ctrl                         0x20001424   Data          32  ano_opmv_linetracking_ctrl.o(.bss)
    of_data                                  0x20001444   Data          10  ano_of_decofusion.o(.bss)
    of_rdf                                   0x20001450   Data          72  ano_of_decofusion.o(.bss)
    flag                                     0x20001498   Data          36  ano_fcdata.o(.bss)
    fc_stv                                   0x200014bc   Data          16  ano_fcdata.o(.bss)
    sens_hd_check                            0x200014cc   Data           9  ano_fcdata.o(.bss)
    yaw_ctrl                                 0x200014d8   Data          12  ano_fcdata.o(.bss)
    time_data                                0x200014e4   Data          24  ano_fcdata.o(.bss)
    att_matrix                               0x200014fc   Data          36  ano_imu.o(.bss)
    imu_test                                 0x20001544   Data          12  ano_imu.o(.bss)
    wcz_acc_fus                              0x20001550   Data          28  ano_motioncal.o(.bss)
    wcz_spe_fus                              0x2000156c   Data          24  ano_motioncal.o(.bss)
    wcz_hei_fus                              0x20001584   Data          24  ano_motioncal.o(.bss)
    center_pos                               0x2000159c   Data          60  ano_sensor_basic.o(.bss)
    sensor                                   0x200015d8   Data          60  ano_sensor_basic.o(.bss)
    sensor_val                               0x20001614   Data          24  ano_sensor_basic.o(.bss)
    alt_arg_2                                0x200016a4   Data          24  ano_altctrl.o(.bss)
    alt_val_2                                0x200016bc   Data          40  ano_altctrl.o(.bss)
    alt_arg_1                                0x200016e4   Data          24  ano_altctrl.o(.bss)
    alt_val_1                                0x200016fc   Data          40  ano_altctrl.o(.bss)
    arg_2                                    0x20001724   Data          72  ano_attctrl.o(.bss)
    arg_1                                    0x2000176c   Data          72  ano_attctrl.o(.bss)
    val_2                                    0x200017b4   Data         120  ano_attctrl.o(.bss)
    val_1                                    0x2000182c   Data         120  ano_attctrl.o(.bss)
    att_2l_ct                                0x200018a4   Data          36  ano_attctrl.o(.bss)
    att_1l_ct                                0x200018c8   Data          28  ano_attctrl.o(.bss)
    rolling_flag                             0x200018f4   Data          24  ano_attctrl.o(.bss)
    fs                                       0x2000190c   Data          52  ano_flightctrl.o(.bss)
    loc_arg_1                                0x20001940   Data          48  ano_locctrl.o(.bss)
    loc_val_1                                0x20001970   Data          80  ano_locctrl.o(.bss)
    loc_arg_1_fix                            0x200019c0   Data          48  ano_locctrl.o(.bss)
    loc_val_1_fix                            0x200019f0   Data          80  ano_locctrl.o(.bss)
    loc_ctrl_1                               0x20001a40   Data          36  ano_locctrl.o(.bss)
    loc_ctrl_2                               0x20001a64   Data          36  ano_locctrl.o(.bss)
    mc                                       0x20001a88   Data          16  ano_motorctrl.o(.bss)
    LED_STA                                  0x20001a98   Data          15  drv_led.o(.bss)
    Ano_Parame                               0x20001aa8   Data        4096  ano_parameter.o(.bss)
    TxBuffer                                 0x20002aa8   Data         256  drv_usart.o(.bss)
    Rx_Buf                                   0x20002ba8   Data         256  drv_usart.o(.bss)
    Tx3Buffer                                0x20002ca8   Data         256  drv_usart.o(.bss)
    Tx4Buffer                                0x20002da8   Data         256  drv_usart.o(.bss)
    Tx5Buffer                                0x20002ea8   Data         256  drv_usart.o(.bss)
    ak09915Buf                               0x20002fa8   Data           9  drv_ak09915.o(.bss)
    spl_data                                 0x20002fe0   Data          20  drv_spl06.o(.bss)
    HID_IntInPacketData                      0x20003000   Data          64  usbd_stm32f4xx_fs.o(.bss)
    IsoOutPacketDataPtr                      0x20003040   Data          16  usbd_stm32f4xx_fs.o(.bss)
    InPacketDataCnt                          0x20003050   Data          16  usbd_stm32f4xx_fs.o(.bss)
    IsoOutPacketDataCnt                      0x20003060   Data          16  usbd_stm32f4xx_fs.o(.bss)
    Gps_information                          0x20003070   Data         112  drv_gps.o(.bss)
    GPS_data_buff                            0x200030e0   Data         100  drv_gps.o(.bss)
    ext_sens                                 0x20003144   Data          23  drv_gps.o(.bss)
    temperature_fb                           0x2000315c   Data          12  drv_heating.o(.bss)
    openmv_buf                               0x200031a8   Data          20  drv_openmv.o(.bss)
    opmv                                     0x200031bc   Data          26  drv_openmv.o(.bss)
    OF_DATA                                  0x200031d6   Data          14  drv_up_flow.o(.bss)
    st_bmi_data                              0x200031f2   Data          14  drv_bmi088.o(.bss)
    rc_in                                    0x20003200   Data          82  drv_bsp.o(.bss)
    UltraSonic_buf                           0x20003270   Data          10  drv_ultrasonic.o(.bss)
    st_imuData                               0x20003468   Data         152  ano_imu_data.o(.bss)
    test_st                                  0x20003500   Data          16  ano_imu_data.o(.bss)
    __initial_sp                             0x20003d10   Data           0  startup_stm32f4xx.o(STACK)



==============================================================================

Memory Map of the image

  Image Entry point : 0x08000189

  Load Region LR_IROM1 (Base: 0x08000000, Size: 0x0001b38c, Max: 0x00100000, ABSOLUTE, COMPRESSED[0x0001af18])

    Execution Region ER_IROM1 (Base: 0x08000000, Size: 0x0001aea0, Max: 0x00100000, ABSOLUTE)

    Base Addr    Size         Type   Attr      Idx    E Section Name        Object

    0x08000000   0x00000188   Data   RO         1982    RESET               startup_stm32f4xx.o
    0x08000188   0x00000000   Code   RO         2135  * .ARM.Collect$$$$00000000  mc_w.l(entry.o)
    0x08000188   0x00000004   Code   RO         2162    .ARM.Collect$$$$00000001  mc_w.l(entry2.o)
    0x0800018c   0x00000004   Code   RO         2165    .ARM.Collect$$$$00000004  mc_w.l(entry5.o)
    0x08000190   0x00000000   Code   RO         2167    .ARM.Collect$$$$00000008  mc_w.l(entry7b.o)
    0x08000190   0x00000000   Code   RO         2169    .ARM.Collect$$$$0000000A  mc_w.l(entry8b.o)
    0x08000190   0x00000008   Code   RO         2170    .ARM.Collect$$$$0000000B  mc_w.l(entry9a.o)
    0x08000198   0x00000000   Code   RO         2172    .ARM.Collect$$$$0000000D  mc_w.l(entry10a.o)
    0x08000198   0x00000000   Code   RO         2174    .ARM.Collect$$$$0000000F  mc_w.l(entry11a.o)
    0x08000198   0x00000004   Code   RO         2163    .ARM.Collect$$$$00002712  mc_w.l(entry2.o)
    0x0800019c   0x0000005e   Code   RO            2    .text               stm32f4xx_it.o
    0x080001fa   0x00000002   PAD
    0x080001fc   0x00000198   Code   RO          149    .text               ano_usb.o
    0x08000394   0x00000052   Code   RO          226    .text               usb_config.o
    0x080003e6   0x00000002   PAD
    0x080003e8   0x00000020   Code   RO          250    .text               main.o
    0x08000408   0x000002d0   Code   RO          266    .text               ano_scheduler.o
    0x080006d8   0x00000174   Code   RO          411    .text               bsp_init.o
    0x0800084c   0x000011c0   Code   RO          476    .text               ano_dt.o
    0x08001a0c   0x00000554   Code   RO          506    .text               ano_rc.o
    0x08001f60   0x00000354   Code   RO          530    .text               ano_of.o
    0x080022b4   0x0000098c   Code   RO          553    .text               ano_flyctrl.o
    0x08002c40   0x000002dc   Code   RO          580    .text               ano_uwb.o
    0x08002f1c   0x000000d0   Code   RO          603    .text               ano_programctrl_user.o
    0x08002fec   0x000005c4   Code   RO          693    .text               ano_of_decofusion.o
    0x080035b0   0x00000578   Code   RO          720    .text               task.o
    0x08003b28   0x00000044   Code   RO          738    .text               ano_fcdata.o
    0x08003b6c   0x00000844   Code   RO          765    .text               ano_filter.o
    0x080043b0   0x00000ba0   Code   RO          792    .text               ano_imu.o
    0x08004f50   0x000008d4   Code   RO          836    .text               ano_math.o
    0x08005824   0x00000200   Code   RO          855    .text               ano_motioncal.o
    0x08005a24   0x00000120   Code   RO          902    .text               ano_pid.o
    0x08005b44   0x00000214   Code   RO          921    .text               ano_sensor_basic.o
    0x08005d58   0x000008c8   Code   RO          943    .text               ano_altctrl.o
    0x08006620   0x00000a54   Code   RO          990    .text               ano_attctrl.o
    0x08007074   0x0000090c   Code   RO         1017    .text               ano_flightctrl.o
    0x08007980   0x00000db8   Code   RO         1058    .text               ano_locctrl.o
    0x08008738   0x000004b0   Code   RO         1081    .text               ano_magprocess.o
    0x08008be8   0x00000210   Code   RO         1107    .text               ano_motorctrl.o
    0x08008df8   0x0000021c   Code   RO         1138    .text               ano_power.o
    0x08009014   0x000003b8   Code   RO         1160    .text               ano_flightdatacal.o
    0x080093cc   0x00000658   Code   RO         1184    .text               drv_led.o
    0x08009a24   0x00000124   Code   RO         1219    .text               drv_adc.o
    0x08009b48   0x00001468   Code   RO         1241    .text               ano_parameter.o
    0x0800afb0   0x00000130   Code   RO         1264    .text               drv_spi.o
    0x0800b0e0   0x0000031c   Code   RO         1283    .text               drv_pwm_out.o
    0x0800b3fc   0x000001b8   Code   RO         1302    .text               drv_time.o
    0x0800b5b4   0x000006a4   Code   RO         1332    .text               drv_usart.o
    0x0800bc58   0x0000012c   Code   RO         1371    .text               drv_ak8975.o
    0x0800bd84   0x000000a8   Code   RO         1392    .text               drv_ak09915.o
    0x0800be2c   0x00000700   Code   RO         1439    .text               drv_spl06.o
    0x0800c52c   0x000003c8   Code   RO         1462    .text               drv_w25qxx.o
    0x0800c8f4   0x000012b8   Code   RO         1487    .text               usbd_stm32f4xx_fs.o
    0x0800dbac   0x00000714   Code   RO         1514    .text               drv_gps.o
    0x0800e2c0   0x00000390   Code   RO         1543    .text               drv_heating.o
    0x0800e650   0x000001b0   Code   RO         1566    .text               drv_laser.o
    0x0800e800   0x000001dc   Code   RO         1589    .text               drv_openmv.o
    0x0800e9dc   0x00000224   Code   RO         1612    .text               drv_up_flow.o
    0x0800ec00   0x000002a0   Code   RO         1640    .text               drv_bmi088.o
    0x0800eea0   0x00000460   Code   RO         1667    .text               drv_bsp.o
    0x0800f300   0x000001e0   Code   RO         1693    .text               drv_rcin.o
    0x0800f4e0   0x00000538   Code   RO         1710    .text               drv_ultrasonic.o
    0x0800fa18   0x000001ec   Code   RO         1733    .text               misc.o
    0x0800fc04   0x0000107c   Code   RO         1749    .text               stm32f4xx_adc.o
    0x08010c80   0x000013cc   Code   RO         1781    .text               stm32f4xx_dma.o
    0x0801204c   0x0000030c   Code   RO         1797    .text               stm32f4xx_exti.o
    0x08012358   0x00000916   Code   RO         1829    .text               stm32f4xx_gpio.o
    0x08012c6e   0x00000002   PAD
    0x08012c70   0x00000d7c   Code   RO         1877    .text               stm32f4xx_rcc.o
    0x080139ec   0x00000bc8   Code   RO         1895    .text               stm32f4xx_spi.o
    0x080145b4   0x00003294   Code   RO         1927    .text               stm32f4xx_tim.o
    0x08017848   0x00000eb4   Code   RO         1943    .text               stm32f4xx_usart.o
    0x080186fc   0x00000210   Code   RO         1959    .text               system_stm32f4xx.o
    0x0801890c   0x00000024   Code   RO         1983    .text               startup_stm32f4xx.o
    0x08018930   0x00000a30   Code   RO         1988    .text               usbd_core.o
    0x08019360   0x000001b0   Code   RO         2029    .text               usbd_core_hid.o
    0x08019510   0x00000604   Code   RO         2041    .text               usbd_hid.o
    0x08019b14   0x0000039c   Code   RO         2057    .text               ano_imu_calibration.o
    0x08019eb0   0x000001e4   Code   RO         2083    .text               ano_imu_data.o
    0x0801a094   0x000000a4   Code   RO         2105    .text               ano_imu_task.o
    0x0801a138   0x00000024   Code   RO         2138    .text               mc_w.l(memcpya.o)
    0x0801a15c   0x0000014e   Code   RO         2142    .text               mf_w.l(dadd.o)
    0x0801a2aa   0x000000e4   Code   RO         2144    .text               mf_w.l(dmul.o)
    0x0801a38e   0x00000022   Code   RO         2146    .text               mf_w.l(dflti.o)
    0x0801a3b0   0x0000001a   Code   RO         2148    .text               mf_w.l(dfltui.o)
    0x0801a3ca   0x0000003e   Code   RO         2150    .text               mf_w.l(dfixi.o)
    0x0801a408   0x00000032   Code   RO         2152    .text               mf_w.l(dfixui.o)
    0x0801a43a   0x00000026   Code   RO         2154    .text               mf_w.l(f2d.o)
    0x0801a460   0x00000030   Code   RO         2156    .text               mf_w.l(cdcmple.o)
    0x0801a490   0x00000030   Code   RO         2158    .text               mf_w.l(cdrcmple.o)
    0x0801a4c0   0x00000038   Code   RO         2160    .text               mf_w.l(d2f.o)
    0x0801a4f8   0x0000001e   Code   RO         2176    .text               mc_w.l(llshl.o)
    0x0801a516   0x00000020   Code   RO         2178    .text               mc_w.l(llushr.o)
    0x0801a536   0x00000024   Code   RO         2180    .text               mc_w.l(llsshr.o)
    0x0801a55a   0x00000000   Code   RO         2182    .text               mc_w.l(iusefp.o)
    0x0801a55a   0x0000006e   Code   RO         2183    .text               mf_w.l(fepilogue.o)
    0x0801a5c8   0x000000ba   Code   RO         2185    .text               mf_w.l(depilogue.o)
    0x0801a682   0x00000002   PAD
    0x0801a684   0x00000024   Code   RO         2187    .text               mc_w.l(init.o)
    0x0801a6a8   0x00000056   Code   RO         2197    .text               mc_w.l(__dczerorl2.o)
    0x0801a6fe   0x0000000e   Code   RO         2191    i.__scatterload_copy  mc_w.l(handlers.o)
    0x0801a70c   0x00000002   Code   RO         2192    i.__scatterload_null  mc_w.l(handlers.o)
    0x0801a70e   0x0000000e   Code   RO         2193    i.__scatterload_zeroinit  mc_w.l(handlers.o)
    0x0801a71c   0x00000174   Data   RO          228    .constdata          usb_config.o
    0x0801a890   0x00000018   Data   RO          478    .constdata          ano_dt.o
    0x0801a8a8   0x00000404   Data   RO          837    .constdata          ano_math.o
    0x0801acac   0x0000008f   Data   RO         1516    .constdata          drv_gps.o
    0x0801ad3b   0x00000142   Data   RO         1614    .constdata          drv_up_flow.o
    0x0801ae7d   0x00000003   PAD
    0x0801ae80   0x00000020   Data   RO         2189    Region$$Table       anon$$obj.o


    Execution Region RW_IRAM1 (Base: 0x20000000, Size: 0x00003d10, Max: 0x00020000, ABSOLUTE, COMPRESSED[0x00000078])

    Base Addr    Size         Type   Attr      Idx    E Section Name        Object

    0x20000000   0x00000007   Data   RW          151    .data               ano_usb.o
    0x20000007   0x00000001   PAD
    0x20000008   0x00000009   Data   RW          229    .data               usb_config.o
    0x20000011   0x00000003   PAD
    0x20000014   0x0000005c   Data   RW          268    .data               ano_scheduler.o
    0x20000070   0x00000003   Data   RW          412    .data               bsp_init.o
    0x20000073   0x00000002   Data   RW          479    .data               ano_dt.o
    0x20000075   0x00000001   PAD
    0x20000076   0x00000015   Data   RW          508    .data               ano_rc.o
    0x2000008b   0x00000003   Data   RW          532    .data               ano_of.o
    0x2000008e   0x00000006   Data   RW          555    .data               ano_flyctrl.o
    0x20000094   0x00000007   Data   RW          582    .data               ano_uwb.o
    0x2000009b   0x00000001   PAD
    0x2000009c   0x00000030   Data   RW          695    .data               ano_of_decofusion.o
    0x200000cc   0x00000008   Data   RW          721    .data               task.o
    0x200000d4   0x00000008   Data   RW          740    .data               ano_fcdata.o
    0x200000dc   0x0000000c   Data   RW          766    .data               ano_filter.o
    0x200000e8   0x00000154   Data   RW          794    .data               ano_imu.o
    0x2000023c   0x00000019   Data   RW          857    .data               ano_motioncal.o
    0x20000255   0x00000003   PAD
    0x20000258   0x00000018   Data   RW          945    .data               ano_altctrl.o
    0x20000270   0x00000014   Data   RW          992    .data               ano_attctrl.o
    0x20000284   0x00000030   Data   RW         1019    .data               ano_flightctrl.o
    0x200002b4   0x00000036   Data   RW         1060    .data               ano_locctrl.o
    0x200002ea   0x00000002   PAD
    0x200002ec   0x00000020   Data   RW         1082    .data               ano_magprocess.o
    0x2000030c   0x00000014   Data   RW         1109    .data               ano_motorctrl.o
    0x20000320   0x0000000c   Data   RW         1139    .data               ano_power.o
    0x2000032c   0x00000041   Data   RW         1161    .data               ano_flightdatacal.o
    0x2000036d   0x00000003   PAD
    0x20000370   0x00000027   Data   RW         1186    .data               drv_led.o
    0x20000397   0x00000001   PAD
    0x20000398   0x00000002   Data   RW         1220    .data               drv_adc.o
    0x2000039a   0x00000006   Data   RW         1243    .data               ano_parameter.o
    0x200003a0   0x00000008   Data   RW         1303    .data               drv_time.o
    0x200003a8   0x00000009   Data   RW         1334    .data               drv_usart.o
    0x200003b1   0x00000006   Data   RW         1372    .data               drv_ak8975.o
    0x200003b7   0x00000001   PAD
    0x200003b8   0x0000000b   Data   RW         1441    .data               drv_spl06.o
    0x200003c3   0x00000001   PAD
    0x200003c4   0x00000030   Data   RW         1489    .data               usbd_stm32f4xx_fs.o
    0x200003f4   0x00000019   Data   RW         1517    .data               drv_gps.o
    0x2000040d   0x00000003   PAD
    0x20000410   0x00000013   Data   RW         1545    .data               drv_heating.o
    0x20000423   0x00000001   PAD
    0x20000424   0x00000006   Data   RW         1568    .data               drv_laser.o
    0x2000042a   0x00000004   Data   RW         1591    .data               drv_openmv.o
    0x2000042e   0x00000004   Data   RW         1615    .data               drv_up_flow.o
    0x20000432   0x00000002   Data   RW         1642    .data               drv_bmi088.o
    0x20000434   0x0000000e   Data   RW         1669    .data               drv_bsp.o
    0x20000442   0x00000004   Data   RW         1694    .data               drv_rcin.o
    0x20000446   0x00000002   PAD
    0x20000448   0x00000019   Data   RW         1712    .data               drv_ultrasonic.o
    0x20000461   0x00000010   Data   RW         1878    .data               stm32f4xx_rcc.o
    0x20000471   0x00000003   PAD
    0x20000474   0x00000014   Data   RW         1960    .data               system_stm32f4xx.o
    0x20000488   0x00000024   Data   RW         1989    .data               usbd_core.o
    0x200004ac   0x00000027   Data   RW         2042    .data               usbd_hid.o
    0x200004d3   0x00000001   PAD
    0x200004d4   0x00000018   Data   RW         2059    .data               ano_imu_calibration.o
    0x200004ec   0x00000428   Zero   RW          150    .bss                ano_usb.o
    0x20000914   0x00000004   PAD
    0x20000918   0x00000320   Zero   RW          227    .bss                usb_config.o
    0x20000c38   0x00000024   Zero   RW          267    .bss                ano_scheduler.o
    0x20000c5c   0x00000448   Zero   RW          477    .bss                ano_dt.o
    0x200010a4   0x00000010   Zero   RW          507    .bss                ano_rc.o
    0x200010b4   0x0000007c   Zero   RW          531    .bss                ano_of.o
    0x20001130   0x00000054   Zero   RW          554    .bss                ano_flyctrl.o
    0x20001184   0x0000023c   Zero   RW          581    .bss                ano_uwb.o
    0x200013c0   0x00000020   Zero   RW          604    .bss                ano_programctrl_user.o
    0x200013e0   0x00000044   Zero   RW          648    .bss                ano_opmv_cbtracking_ctrl.o
    0x20001424   0x00000020   Zero   RW          671    .bss                ano_opmv_linetracking_ctrl.o
    0x20001444   0x00000054   Zero   RW          694    .bss                ano_of_decofusion.o
    0x20001498   0x00000064   Zero   RW          739    .bss                ano_fcdata.o
    0x200014fc   0x00000054   Zero   RW          793    .bss                ano_imu.o
    0x20001550   0x0000004c   Zero   RW          856    .bss                ano_motioncal.o
    0x2000159c   0x00000108   Zero   RW          922    .bss                ano_sensor_basic.o
    0x200016a4   0x00000080   Zero   RW          944    .bss                ano_altctrl.o
    0x20001724   0x000001e8   Zero   RW          991    .bss                ano_attctrl.o
    0x2000190c   0x00000034   Zero   RW         1018    .bss                ano_flightctrl.o
    0x20001940   0x00000148   Zero   RW         1059    .bss                ano_locctrl.o
    0x20001a88   0x00000010   Zero   RW         1108    .bss                ano_motorctrl.o
    0x20001a98   0x0000000f   Zero   RW         1185    .bss                drv_led.o
    0x20001aa7   0x00000001   PAD
    0x20001aa8   0x00001000   Zero   RW         1242    .bss                ano_parameter.o
    0x20002aa8   0x00000500   Zero   RW         1333    .bss                drv_usart.o
    0x20002fa8   0x00000009   Zero   RW         1393    .bss                drv_ak09915.o
    0x20002fb1   0x00000003   PAD
    0x20002fb4   0x00000040   Zero   RW         1440    .bss                drv_spl06.o
    0x20002ff4   0x0000000c   Zero   RW         1463    .bss                drv_w25qxx.o
    0x20003000   0x00000070   Zero   RW         1488    .bss                usbd_stm32f4xx_fs.o
    0x20003070   0x000000eb   Zero   RW         1515    .bss                drv_gps.o
    0x2000315b   0x00000001   PAD
    0x2000315c   0x0000000c   Zero   RW         1544    .bss                drv_heating.o
    0x20003168   0x00000040   Zero   RW         1567    .bss                drv_laser.o
    0x200031a8   0x0000002e   Zero   RW         1590    .bss                drv_openmv.o
    0x200031d6   0x0000001c   Zero   RW         1613    .bss                drv_up_flow.o
    0x200031f2   0x0000000e   Zero   RW         1641    .bss                drv_bmi088.o
    0x20003200   0x0000006b   Zero   RW         1668    .bss                drv_bsp.o
    0x2000326b   0x00000005   PAD
    0x20003270   0x000001b0   Zero   RW         1711    .bss                drv_ultrasonic.o
    0x20003420   0x00000048   Zero   RW         2058    .bss                ano_imu_calibration.o
    0x20003468   0x000000a8   Zero   RW         2084    .bss                ano_imu_data.o
    0x20003510   0x00000800   Zero   RW         1980    STACK               startup_stm32f4xx.o


==============================================================================

Image component sizes


      Code (inc. data)   RO Data    RW Data    ZI Data      Debug   Object Name

      2248        172          0         24        128       3394   ano_altctrl.o
      2644        172          0         20        488       4669   ano_attctrl.o
      4544        168         24          2       1096      10997   ano_dt.o
        68         16          0          8        100       3532   ano_fcdata.o
      2116         26          0         12          0       7619   ano_filter.o
      2316        258          0         48         52       5953   ano_flightctrl.o
       952        148          0         65          0       3303   ano_flightdatacal.o
      2444        382          0          6         84       3306   ano_flyctrl.o
      2976        182          0        340         84       7297   ano_imu.o
       924         64          0         24         72       3511   ano_imu_calibration.o
       484         20          0          0        168       3196   ano_imu_data.o
       164         30          0          0          0        683   ano_imu_task.o
      3512        288          0         54        328       3810   ano_locctrl.o
      1200         92          0         32          0       3359   ano_magprocess.o
      2260        146       1028          0          0       8276   ano_math.o
       512         60          0         25         76       1711   ano_motioncal.o
       528         32          0         20         16       2139   ano_motorctrl.o
       852         40          0          3        124       3070   ano_of.o
      1476        124          0         48         84       4607   ano_of_decofusion.o
         0          0          0          0         68       2084   ano_opmv_cbtracking_ctrl.o
         0          0          0          0         32       1731   ano_opmv_linetracking_ctrl.o
      5224        310          0          6       4096       8463   ano_parameter.o
       288          4          0          0          0       1860   ano_pid.o
       540         62          0         12          0        986   ano_power.o
       208         26          0          0         32       1951   ano_programctrl_user.o
      1364        166          0         21         16       4664   ano_rc.o
       720         70          0         92         36       4197   ano_scheduler.o
       532         46          0          0        264       3254   ano_sensor_basic.o
       408         24          0          7       1064      15206   ano_usb.o
       732         48          0          7        572       2844   ano_uwb.o
       372         46          0          3          0       1490   bsp_init.o
       292         18          0          2          0       1405   drv_adc.o
       168         10          0          0          9       1989   drv_ak09915.o
       300         10          0          6          0       2072   drv_ak8975.o
       672         28          0          2         14       3917   drv_bmi088.o
      1120         54          0         14        107       3261   drv_bsp.o
      1812        102        143         25        235       5583   drv_gps.o
       912        174          0         19         12       2333   drv_heating.o
       432         28          0          6         64       1910   drv_laser.o
      1624         74          0         39         15       4751   drv_led.o
       476         22          0          4         46       2788   drv_openmv.o
       796         38          0          0          0       1830   drv_pwm_out.o
       480         20          0          4          0       1400   drv_rcin.o
       304         10          0          0          0       1723   drv_spi.o
      1792         58          0         11         64       5705   drv_spl06.o
       440         18          0          8          0      21882   drv_time.o
      1336         84          0         25        432       5470   drv_ultrasonic.o
       548         28        322          4         28       2087   drv_up_flow.o
      1700         96          0          9       1280       5242   drv_usart.o
       968         14          0          0         12       5273   drv_w25qxx.o
        32          4          0          0          0       1033   main.o
       492         74          0          0          0       2165   misc.o
        36          8        392          0       2048        896   startup_stm32f4xx.o
      4220        148          0          0          0      13474   stm32f4xx_adc.o
      5068        352          0          0          0       9085   stm32f4xx_dma.o
       780         70          0          0          0       2843   stm32f4xx_exti.o
      2326        132          0          0          0       5541   stm32f4xx_gpio.o
        94          0          0          0          0     306594   stm32f4xx_it.o
      3452        262          0         16          0      13655   stm32f4xx_rcc.o
      3016        118          0          0          0       8669   stm32f4xx_spi.o
     12948        670          0          0          0      31332   stm32f4xx_tim.o
      3764        164          0          0          0      10220   stm32f4xx_usart.o
       528         46          0         20          0       2051   system_stm32f4xx.o
      1400         98          0          8          0       2243   task.o
        82          0        372          9        800      15682   usb_config.o
      2608        202          0         36          0       7956   usbd_core.o
       432         68          0          0          0       1748   usbd_core_hid.o
      1540        184          0         39          0       6027   usbd_hid.o
      4792        220          0         48        112      27373   usbd_stm32f4xx_fs.o

    ----------------------------------------------------------------------
    106396       6928       2316       1260      14372     682370   Object Totals
         0          0         32          0          0          0   (incl. Generated)
         6          0          3         27         14          0   (incl. Padding)

    ----------------------------------------------------------------------

      Code (inc. data)   RO Data    RW Data    ZI Data      Debug   Library Member Name

        86          0          0          0          0          0   __dczerorl2.o
         0          0          0          0          0          0   entry.o
         0          0          0          0          0          0   entry10a.o
         0          0          0          0          0          0   entry11a.o
         8          4          0          0          0          0   entry2.o
         4          0          0          0          0          0   entry5.o
         0          0          0          0          0          0   entry7b.o
         0          0          0          0          0          0   entry8b.o
         8          4          0          0          0          0   entry9a.o
        30          0          0          0          0          0   handlers.o
        36          8          0          0          0         68   init.o
         0          0          0          0          0          0   iusefp.o
        30          0          0          0          0         68   llshl.o
        36          0          0          0          0         68   llsshr.o
        32          0          0          0          0         68   llushr.o
        36          0          0          0          0         68   memcpya.o
        48          0          0          0          0         68   cdcmple.o
        48          0          0          0          0         68   cdrcmple.o
        56          0          0          0          0         88   d2f.o
       334          0          0          0          0        148   dadd.o
       186          0          0          0          0        176   depilogue.o
        62          0          0          0          0         80   dfixi.o
        50          0          0          0          0         76   dfixui.o
        34          0          0          0          0         76   dflti.o
        26          0          0          0          0         76   dfltui.o
       228          0          0          0          0         96   dmul.o
        38          0          0          0          0         68   f2d.o
       110          0          0          0          0        168   fepilogue.o

    ----------------------------------------------------------------------
      1528         16          0          0          0       1528   Library Totals
         2          0          0          0          0          0   (incl. Padding)

    ----------------------------------------------------------------------

      Code (inc. data)   RO Data    RW Data    ZI Data      Debug   Library Name

       306         16          0          0          0        340   mc_w.l
      1220          0          0          0          0       1188   mf_w.l

    ----------------------------------------------------------------------
      1528         16          0          0          0       1528   Library Totals

    ----------------------------------------------------------------------

==============================================================================


      Code (inc. data)   RO Data    RW Data    ZI Data      Debug   

    107924       6944       2316       1260      14372     670354   Grand Totals
    107924       6944       2316        120      14372     670354   ELF Image Totals (compressed)
    107924       6944       2316        120          0          0   ROM Totals

==============================================================================

    Total RO  Size (Code + RO Data)               110240 ( 107.66kB)
    Total RW  Size (RW Data + ZI Data)             15632 (  15.27kB)
    Total ROM Size (Code + RO Data + RW Data)     110360 ( 107.77kB)

==============================================================================

