<html>
<body>
<pre>
<h1>礦ision Build Log</h1>
<h2>Tool Versions:</h2>
IDE-Version: μVision V5.21.1.0
Copyright (C) 2016 ARM Ltd and ARM Germany GmbH. All rights reserved.
License Information: w hekdh, w, LIC=RC93N-YHBCN-II35V-PZW2J-IVFYI-TV153
 
Tool Versions:
Toolchain:       MDK-ARM Plus  Version: 5.21a
Toolchain Path:  D:\mdk5\ARM\ARMCC\Bin
C Compiler:      Armcc.exe V5.06 update 3 (build 300)
Assembler:       Armasm.exe V5.06 update 3 (build 300)
Linker/Locator:  ArmLink.exe V5.06 update 3 (build 300)
Library Manager: ArmAr.exe V5.06 update 3 (build 300)
Hex Converter:   FromElf.exe V5.06 update 3 (build 300)
CPU DLL:         SARMCM3.DLL V5.21a
Dialog DLL:      DCM.DLL V1.13.8.0
Target DLL:      Segger\JL2CM3.dll V2.99.23.0
Dialog DLL:      TCM.DLL V1.14.14.0
 
<h2>Project:</h2>
D:\四旋翼\电赛\2020年赛题练习\双杆飞\ANO_Pioneer.uvprojx
Project File Date:  09/27/2021

<h2>Output:</h2>
*** Using Compiler 'V5.06 update 3 (build 300)', folder: 'D:\mdk5\ARM\ARMCC\Bin'
Build target 'Ano_Pioneer'
compiling Ano_Scheduler.c...
.\SRC\drivers\Drv_ultrasonic.h(25): warning:  #1-D: last line of file ends without a newline
  float pitch_hold_pid(float ep_distance,float distance,float php_p,float php_i,float php_d);
SRC\applications\task.h(6): warning:  #1295-D: Deprecated declaration get_yaw - give arg types
  u16 get_yaw();
SRC\applications\task.h(7): warning:  #1295-D: Deprecated declaration task_1 - give arg types
  void task_1();
SRC\applications\task.h(8): warning:  #1295-D: Deprecated declaration task_2 - give arg types
  void task_2();
SRC\applications\Ano_Scheduler.c(148): warning:  #177-D: function "h_d_hold" was declared but never referenced
  static void h_d_hold()//璺?绂?涓?鏈?澶?鎺?鍒?
SRC\applications\Ano_Scheduler.c: 5 warnings, 0 errors
linking...
Program Size: Code=107924 RO-data=2316 RW-data=1260 ZI-data=14372  
FromELF: creating hex file...
After Build - User command #1: fromelf.exe --bin -o ./AnoPioneerPro.bin ./build/Ano_Pioneer.axf
".\build\ANO_Pioneer.axf" - 0 Error(s), 5 Warning(s).

<h2>Collection of Component include folders:</h2>
  D:\四旋翼\电赛\2020年赛题练习\双杆飞\RTE
  D:\mdk5\ARM\PACK\Keil\STM32F4xx_DFP\2.15.0\Drivers\CMSIS\Device\ST\STM32F4xx\Include

<h2>Collection of Component Files used:</h2>
Build Time Elapsed:  00:00:02
</pre>
</body>
</html>
