<!doctype html public "-//w3c//dtd html 4.0 transitional//en">
<html><head>
<title>Static Call Graph - [.\build\ANO_Pioneer.axf]</title></head>
<body><HR>
<H1>Static Call Graph for image .\build\ANO_Pioneer.axf</H1><HR>
<BR><P>#&#060CALLGRAPH&#062# ARM Linker, 5060300: Last Updated: Sat Oct 16 14:05:26 2021
<BR><P>
<H3>Maximum Stack Usage =        208 bytes + Unknown(Cycles, Untraceable Function Pointers)</H3><H3>
Call chain for Maximum Stack Depth:</H3>
Loop_50Hz &rArr; alt_hold &rArr; alt_hold_pid &rArr; __aeabi_dadd &rArr; _double_epilogue &rArr; _double_round
<P>
<H3>
Mutually Recursive functions
</H3> <LI><a href="#[9]">HardFault_Handler</a>&nbsp;&nbsp;&nbsp;&rArr;&nbsp;&nbsp;&nbsp;<a href="#[9]">HardFault_Handler</a><BR>
 <LI><a href="#[f]">PendSV_Handler</a>&nbsp;&nbsp;&nbsp;&rArr;&nbsp;&nbsp;&nbsp;<a href="#[f]">PendSV_Handler</a><BR>
 <LI><a href="#[23]">ADC_IRQHandler</a>&nbsp;&nbsp;&nbsp;&rArr;&nbsp;&nbsp;&nbsp;<a href="#[23]">ADC_IRQHandler</a><BR>
</UL>
<P>
<H3>
Function Pointers
</H3><UL>
 <LI><a href="#[23]">ADC_IRQHandler</a> from startup_stm32f4xx.o(.text) referenced from startup_stm32f4xx.o(RESET)
 <LI><a href="#[b]">BusFault_Handler</a> from stm32f4xx_it.o(.text) referenced from startup_stm32f4xx.o(RESET)
 <LI><a href="#[25]">CAN1_RX0_IRQHandler</a> from startup_stm32f4xx.o(.text) referenced from startup_stm32f4xx.o(RESET)
 <LI><a href="#[26]">CAN1_RX1_IRQHandler</a> from startup_stm32f4xx.o(.text) referenced from startup_stm32f4xx.o(RESET)
 <LI><a href="#[27]">CAN1_SCE_IRQHandler</a> from startup_stm32f4xx.o(.text) referenced from startup_stm32f4xx.o(RESET)
 <LI><a href="#[24]">CAN1_TX_IRQHandler</a> from startup_stm32f4xx.o(.text) referenced from startup_stm32f4xx.o(RESET)
 <LI><a href="#[51]">CAN2_RX0_IRQHandler</a> from startup_stm32f4xx.o(.text) referenced from startup_stm32f4xx.o(RESET)
 <LI><a href="#[52]">CAN2_RX1_IRQHandler</a> from startup_stm32f4xx.o(.text) referenced from startup_stm32f4xx.o(RESET)
 <LI><a href="#[53]">CAN2_SCE_IRQHandler</a> from startup_stm32f4xx.o(.text) referenced from startup_stm32f4xx.o(RESET)
 <LI><a href="#[50]">CAN2_TX_IRQHandler</a> from startup_stm32f4xx.o(.text) referenced from startup_stm32f4xx.o(RESET)
 <LI><a href="#[60]">CRYP_IRQHandler</a> from startup_stm32f4xx.o(.text) referenced from startup_stm32f4xx.o(RESET)
 <LI><a href="#[5f]">DCMI_IRQHandler</a> from startup_stm32f4xx.o(.text) referenced from startup_stm32f4xx.o(RESET)
 <LI><a href="#[1c]">DMA1_Stream0_IRQHandler</a> from startup_stm32f4xx.o(.text) referenced from startup_stm32f4xx.o(RESET)
 <LI><a href="#[1d]">DMA1_Stream1_IRQHandler</a> from startup_stm32f4xx.o(.text) referenced from startup_stm32f4xx.o(RESET)
 <LI><a href="#[1e]">DMA1_Stream2_IRQHandler</a> from startup_stm32f4xx.o(.text) referenced from startup_stm32f4xx.o(RESET)
 <LI><a href="#[1f]">DMA1_Stream3_IRQHandler</a> from startup_stm32f4xx.o(.text) referenced from startup_stm32f4xx.o(RESET)
 <LI><a href="#[20]">DMA1_Stream4_IRQHandler</a> from startup_stm32f4xx.o(.text) referenced from startup_stm32f4xx.o(RESET)
 <LI><a href="#[21]">DMA1_Stream5_IRQHandler</a> from startup_stm32f4xx.o(.text) referenced from startup_stm32f4xx.o(RESET)
 <LI><a href="#[22]">DMA1_Stream6_IRQHandler</a> from startup_stm32f4xx.o(.text) referenced from startup_stm32f4xx.o(RESET)
 <LI><a href="#[40]">DMA1_Stream7_IRQHandler</a> from startup_stm32f4xx.o(.text) referenced from startup_stm32f4xx.o(RESET)
 <LI><a href="#[49]">DMA2_Stream0_IRQHandler</a> from startup_stm32f4xx.o(.text) referenced from startup_stm32f4xx.o(RESET)
 <LI><a href="#[4a]">DMA2_Stream1_IRQHandler</a> from startup_stm32f4xx.o(.text) referenced from startup_stm32f4xx.o(RESET)
 <LI><a href="#[4b]">DMA2_Stream2_IRQHandler</a> from startup_stm32f4xx.o(.text) referenced from startup_stm32f4xx.o(RESET)
 <LI><a href="#[4c]">DMA2_Stream3_IRQHandler</a> from startup_stm32f4xx.o(.text) referenced from startup_stm32f4xx.o(RESET)
 <LI><a href="#[4d]">DMA2_Stream4_IRQHandler</a> from startup_stm32f4xx.o(.text) referenced from startup_stm32f4xx.o(RESET)
 <LI><a href="#[55]">DMA2_Stream5_IRQHandler</a> from startup_stm32f4xx.o(.text) referenced from startup_stm32f4xx.o(RESET)
 <LI><a href="#[56]">DMA2_Stream6_IRQHandler</a> from startup_stm32f4xx.o(.text) referenced from startup_stm32f4xx.o(RESET)
 <LI><a href="#[57]">DMA2_Stream7_IRQHandler</a> from startup_stm32f4xx.o(.text) referenced from startup_stm32f4xx.o(RESET)
 <LI><a href="#[e]">DebugMon_Handler</a> from stm32f4xx_it.o(.text) referenced from startup_stm32f4xx.o(RESET)
 <LI><a href="#[4e]">ETH_IRQHandler</a> from startup_stm32f4xx.o(.text) referenced from startup_stm32f4xx.o(RESET)
 <LI><a href="#[4f]">ETH_WKUP_IRQHandler</a> from startup_stm32f4xx.o(.text) referenced from startup_stm32f4xx.o(RESET)
 <LI><a href="#[17]">EXTI0_IRQHandler</a> from startup_stm32f4xx.o(.text) referenced from startup_stm32f4xx.o(RESET)
 <LI><a href="#[39]">EXTI15_10_IRQHandler</a> from startup_stm32f4xx.o(.text) referenced from startup_stm32f4xx.o(RESET)
 <LI><a href="#[18]">EXTI1_IRQHandler</a> from startup_stm32f4xx.o(.text) referenced from startup_stm32f4xx.o(RESET)
 <LI><a href="#[19]">EXTI2_IRQHandler</a> from startup_stm32f4xx.o(.text) referenced from startup_stm32f4xx.o(RESET)
 <LI><a href="#[1a]">EXTI3_IRQHandler</a> from startup_stm32f4xx.o(.text) referenced from startup_stm32f4xx.o(RESET)
 <LI><a href="#[1b]">EXTI4_IRQHandler</a> from startup_stm32f4xx.o(.text) referenced from startup_stm32f4xx.o(RESET)
 <LI><a href="#[28]">EXTI9_5_IRQHandler</a> from stm32f4xx_it.o(.text) referenced from startup_stm32f4xx.o(RESET)
 <LI><a href="#[15]">FLASH_IRQHandler</a> from startup_stm32f4xx.o(.text) referenced from startup_stm32f4xx.o(RESET)
 <LI><a href="#[62]">FPU_IRQHandler</a> from startup_stm32f4xx.o(.text) referenced from startup_stm32f4xx.o(RESET)
 <LI><a href="#[41]">FSMC_IRQHandler</a> from startup_stm32f4xx.o(.text) referenced from startup_stm32f4xx.o(RESET)
 <LI><a href="#[61]">HASH_RNG_IRQHandler</a> from startup_stm32f4xx.o(.text) referenced from startup_stm32f4xx.o(RESET)
 <LI><a href="#[9]">HardFault_Handler</a> from startup_stm32f4xx.o(.text) referenced from startup_stm32f4xx.o(RESET)
 <LI><a href="#[31]">I2C1_ER_IRQHandler</a> from startup_stm32f4xx.o(.text) referenced from startup_stm32f4xx.o(RESET)
 <LI><a href="#[30]">I2C1_EV_IRQHandler</a> from startup_stm32f4xx.o(.text) referenced from startup_stm32f4xx.o(RESET)
 <LI><a href="#[33]">I2C2_ER_IRQHandler</a> from startup_stm32f4xx.o(.text) referenced from startup_stm32f4xx.o(RESET)
 <LI><a href="#[32]">I2C2_EV_IRQHandler</a> from startup_stm32f4xx.o(.text) referenced from startup_stm32f4xx.o(RESET)
 <LI><a href="#[5a]">I2C3_ER_IRQHandler</a> from startup_stm32f4xx.o(.text) referenced from startup_stm32f4xx.o(RESET)
 <LI><a href="#[59]">I2C3_EV_IRQHandler</a> from startup_stm32f4xx.o(.text) referenced from startup_stm32f4xx.o(RESET)
 <LI><a href="#[0]">Loop_1000Hz</a> from ano_scheduler.o(.text) referenced 2 times from ano_scheduler.o(.data)
 <LI><a href="#[3]">Loop_100Hz</a> from ano_scheduler.o(.text) referenced 2 times from ano_scheduler.o(.data)
 <LI><a href="#[2]">Loop_200Hz</a> from ano_scheduler.o(.text) referenced 2 times from ano_scheduler.o(.data)
 <LI><a href="#[5]">Loop_20Hz</a> from ano_scheduler.o(.text) referenced 2 times from ano_scheduler.o(.data)
 <LI><a href="#[6]">Loop_2Hz</a> from ano_scheduler.o(.text) referenced 2 times from ano_scheduler.o(.data)
 <LI><a href="#[1]">Loop_500Hz</a> from ano_scheduler.o(.text) referenced 2 times from ano_scheduler.o(.data)
 <LI><a href="#[4]">Loop_50Hz</a> from ano_scheduler.o(.text) referenced 2 times from ano_scheduler.o(.data)
 <LI><a href="#[a]">MemManage_Handler</a> from stm32f4xx_it.o(.text) referenced from startup_stm32f4xx.o(RESET)
 <LI><a href="#[8]">NMI_Handler</a> from stm32f4xx_it.o(.text) referenced from startup_stm32f4xx.o(RESET)
 <LI><a href="#[54]">OTG_FS_IRQHandler</a> from usbd_stm32f4xx_fs.o(.text) referenced from startup_stm32f4xx.o(RESET)
 <LI><a href="#[3b]">OTG_FS_WKUP_IRQHandler</a> from startup_stm32f4xx.o(.text) referenced from startup_stm32f4xx.o(RESET)
 <LI><a href="#[5c]">OTG_HS_EP1_IN_IRQHandler</a> from startup_stm32f4xx.o(.text) referenced from startup_stm32f4xx.o(RESET)
 <LI><a href="#[5b]">OTG_HS_EP1_OUT_IRQHandler</a> from startup_stm32f4xx.o(.text) referenced from startup_stm32f4xx.o(RESET)
 <LI><a href="#[5e]">OTG_HS_IRQHandler</a> from startup_stm32f4xx.o(.text) referenced from startup_stm32f4xx.o(RESET)
 <LI><a href="#[5d]">OTG_HS_WKUP_IRQHandler</a> from startup_stm32f4xx.o(.text) referenced from startup_stm32f4xx.o(RESET)
 <LI><a href="#[12]">PVD_IRQHandler</a> from startup_stm32f4xx.o(.text) referenced from startup_stm32f4xx.o(RESET)
 <LI><a href="#[f]">PendSV_Handler</a> from startup_stm32f4xx.o(.text) referenced from startup_stm32f4xx.o(RESET)
 <LI><a href="#[16]">RCC_IRQHandler</a> from startup_stm32f4xx.o(.text) referenced from startup_stm32f4xx.o(RESET)
 <LI><a href="#[3a]">RTC_Alarm_IRQHandler</a> from startup_stm32f4xx.o(.text) referenced from startup_stm32f4xx.o(RESET)
 <LI><a href="#[14]">RTC_WKUP_IRQHandler</a> from startup_stm32f4xx.o(.text) referenced from startup_stm32f4xx.o(RESET)
 <LI><a href="#[7]">Reset_Handler</a> from startup_stm32f4xx.o(.text) referenced from startup_stm32f4xx.o(RESET)
 <LI><a href="#[42]">SDIO_IRQHandler</a> from startup_stm32f4xx.o(.text) referenced from startup_stm32f4xx.o(RESET)
 <LI><a href="#[34]">SPI1_IRQHandler</a> from startup_stm32f4xx.o(.text) referenced from startup_stm32f4xx.o(RESET)
 <LI><a href="#[35]">SPI2_IRQHandler</a> from startup_stm32f4xx.o(.text) referenced from startup_stm32f4xx.o(RESET)
 <LI><a href="#[44]">SPI3_IRQHandler</a> from startup_stm32f4xx.o(.text) referenced from startup_stm32f4xx.o(RESET)
 <LI><a href="#[d]">SVC_Handler</a> from stm32f4xx_it.o(.text) referenced from startup_stm32f4xx.o(RESET)
 <LI><a href="#[10]">SysTick_Handler</a> from drv_time.o(.text) referenced from startup_stm32f4xx.o(RESET)
 <LI><a href="#[64]">SystemInit</a> from system_stm32f4xx.o(.text) referenced from startup_stm32f4xx.o(.text)
 <LI><a href="#[13]">TAMP_STAMP_IRQHandler</a> from startup_stm32f4xx.o(.text) referenced from startup_stm32f4xx.o(RESET)
 <LI><a href="#[29]">TIM1_BRK_TIM9_IRQHandler</a> from startup_stm32f4xx.o(.text) referenced from startup_stm32f4xx.o(RESET)
 <LI><a href="#[2c]">TIM1_CC_IRQHandler</a> from startup_stm32f4xx.o(.text) referenced from startup_stm32f4xx.o(RESET)
 <LI><a href="#[2b]">TIM1_TRG_COM_TIM11_IRQHandler</a> from startup_stm32f4xx.o(.text) referenced from startup_stm32f4xx.o(RESET)
 <LI><a href="#[2a]">TIM1_UP_TIM10_IRQHandler</a> from startup_stm32f4xx.o(.text) referenced from startup_stm32f4xx.o(RESET)
 <LI><a href="#[2d]">TIM2_IRQHandler</a> from startup_stm32f4xx.o(.text) referenced from startup_stm32f4xx.o(RESET)
 <LI><a href="#[2e]">TIM3_IRQHandler</a> from stm32f4xx_it.o(.text) referenced from startup_stm32f4xx.o(RESET)
 <LI><a href="#[2f]">TIM4_IRQHandler</a> from stm32f4xx_it.o(.text) referenced from startup_stm32f4xx.o(RESET)
 <LI><a href="#[43]">TIM5_IRQHandler</a> from startup_stm32f4xx.o(.text) referenced from startup_stm32f4xx.o(RESET)
 <LI><a href="#[47]">TIM6_DAC_IRQHandler</a> from startup_stm32f4xx.o(.text) referenced from startup_stm32f4xx.o(RESET)
 <LI><a href="#[48]">TIM7_IRQHandler</a> from startup_stm32f4xx.o(.text) referenced from startup_stm32f4xx.o(RESET)
 <LI><a href="#[3c]">TIM8_BRK_TIM12_IRQHandler</a> from startup_stm32f4xx.o(.text) referenced from startup_stm32f4xx.o(RESET)
 <LI><a href="#[3f]">TIM8_CC_IRQHandler</a> from startup_stm32f4xx.o(.text) referenced from startup_stm32f4xx.o(RESET)
 <LI><a href="#[3e]">TIM8_TRG_COM_TIM14_IRQHandler</a> from startup_stm32f4xx.o(.text) referenced from startup_stm32f4xx.o(RESET)
 <LI><a href="#[3d]">TIM8_UP_TIM13_IRQHandler</a> from startup_stm32f4xx.o(.text) referenced from startup_stm32f4xx.o(RESET)
 <LI><a href="#[45]">UART4_IRQHandler</a> from stm32f4xx_it.o(.text) referenced from startup_stm32f4xx.o(RESET)
 <LI><a href="#[46]">UART5_IRQHandler</a> from stm32f4xx_it.o(.text) referenced from startup_stm32f4xx.o(RESET)
 <LI><a href="#[36]">USART1_IRQHandler</a> from stm32f4xx_it.o(.text) referenced from startup_stm32f4xx.o(RESET)
 <LI><a href="#[37]">USART2_IRQHandler</a> from stm32f4xx_it.o(.text) referenced from startup_stm32f4xx.o(RESET)
 <LI><a href="#[38]">USART3_IRQHandler</a> from stm32f4xx_it.o(.text) referenced from startup_stm32f4xx.o(RESET)
 <LI><a href="#[58]">USART6_IRQHandler</a> from stm32f4xx_it.o(.text) referenced from startup_stm32f4xx.o(RESET)
 <LI><a href="#[69]">USBD_Configure_Event</a> from usb_config.o(.text) referenced from usb_config.o(.constdata)
 <LI><a href="#[67]">USBD_EndPoint0</a> from usbd_core.o(.text) referenced from usb_config.o(.constdata)
 <LI><a href="#[68]">USBD_HID_EP_INT_Event</a> from usbd_hid.o(.text) referenced from usb_config.o(.constdata)
 <LI><a href="#[66]">USBD_SOF_Event</a> from usb_config.o(.text) referenced from usb_config.o(.constdata)
 <LI><a href="#[c]">UsageFault_Handler</a> from stm32f4xx_it.o(.text) referenced from startup_stm32f4xx.o(RESET)
 <LI><a href="#[11]">WWDG_IRQHandler</a> from startup_stm32f4xx.o(.text) referenced from startup_stm32f4xx.o(RESET)
 <LI><a href="#[65]">__main</a> from entry.o(.ARM.Collect$$$$00000000) referenced from startup_stm32f4xx.o(.text)
 <LI><a href="#[63]">main</a> from main.o(.text) referenced from entry9a.o(.ARM.Collect$$$$0000000B)
</UL>
<P>
<H3>
Global Symbols
</H3>
<P><STRONG><a name="[65]"></a>__main</STRONG> (Thumb, 0 bytes, Stack size unknown bytes, entry.o(.ARM.Collect$$$$00000000))
<BR>[Address Reference Count : 1]<UL><LI> startup_stm32f4xx.o(.text)
</UL>
<P><STRONG><a name="[2cc]"></a>_main_stk</STRONG> (Thumb, 0 bytes, Stack size unknown bytes, entry2.o(.ARM.Collect$$$$00000001))

<P><STRONG><a name="[6a]"></a>_main_scatterload</STRONG> (Thumb, 0 bytes, Stack size unknown bytes, entry5.o(.ARM.Collect$$$$00000004))
<BR><BR>[Calls]<UL><LI><a href="#[6b]">&gt;&gt;</a>&nbsp;&nbsp;&nbsp;__scatterload
</UL>

<P><STRONG><a name="[2cb]"></a>__main_after_scatterload</STRONG> (Thumb, 0 bytes, Stack size unknown bytes, entry5.o(.ARM.Collect$$$$00000004))
<BR><BR>[Called By]<UL><LI><a href="#[6b]">&gt;&gt;</a>&nbsp;&nbsp;&nbsp;__scatterload
</UL>

<P><STRONG><a name="[2cd]"></a>_main_clock</STRONG> (Thumb, 0 bytes, Stack size unknown bytes, entry7b.o(.ARM.Collect$$$$00000008))

<P><STRONG><a name="[2ce]"></a>_main_cpp_init</STRONG> (Thumb, 0 bytes, Stack size unknown bytes, entry8b.o(.ARM.Collect$$$$0000000A))

<P><STRONG><a name="[2cf]"></a>_main_init</STRONG> (Thumb, 0 bytes, Stack size unknown bytes, entry9a.o(.ARM.Collect$$$$0000000B))

<P><STRONG><a name="[2d0]"></a>__rt_final_cpp</STRONG> (Thumb, 0 bytes, Stack size unknown bytes, entry10a.o(.ARM.Collect$$$$0000000D))

<P><STRONG><a name="[2d1]"></a>__rt_final_exit</STRONG> (Thumb, 0 bytes, Stack size unknown bytes, entry11a.o(.ARM.Collect$$$$0000000F))

<P><STRONG><a name="[8]"></a>NMI_Handler</STRONG> (Thumb, 2 bytes, Stack size 0 bytes, stm32f4xx_it.o(.text))
<BR>[Address Reference Count : 1]<UL><LI> startup_stm32f4xx.o(RESET)
</UL>
<P><STRONG><a name="[a]"></a>MemManage_Handler</STRONG> (Thumb, 4 bytes, Stack size 0 bytes, stm32f4xx_it.o(.text))
<BR>[Address Reference Count : 1]<UL><LI> startup_stm32f4xx.o(RESET)
</UL>
<P><STRONG><a name="[b]"></a>BusFault_Handler</STRONG> (Thumb, 4 bytes, Stack size 0 bytes, stm32f4xx_it.o(.text))
<BR>[Address Reference Count : 1]<UL><LI> startup_stm32f4xx.o(RESET)
</UL>
<P><STRONG><a name="[c]"></a>UsageFault_Handler</STRONG> (Thumb, 4 bytes, Stack size 0 bytes, stm32f4xx_it.o(.text))
<BR>[Address Reference Count : 1]<UL><LI> startup_stm32f4xx.o(RESET)
</UL>
<P><STRONG><a name="[d]"></a>SVC_Handler</STRONG> (Thumb, 2 bytes, Stack size 0 bytes, stm32f4xx_it.o(.text))
<BR>[Address Reference Count : 1]<UL><LI> startup_stm32f4xx.o(RESET)
</UL>
<P><STRONG><a name="[e]"></a>DebugMon_Handler</STRONG> (Thumb, 2 bytes, Stack size 0 bytes, stm32f4xx_it.o(.text))
<BR>[Address Reference Count : 1]<UL><LI> startup_stm32f4xx.o(RESET)
</UL>
<P><STRONG><a name="[28]"></a>EXTI9_5_IRQHandler</STRONG> (Thumb, 18 bytes, Stack size 8 bytes, stm32f4xx_it.o(.text))
<BR><BR>[Stack]<UL><LI>Max Depth = 24<LI>Call Chain = EXTI9_5_IRQHandler &rArr; EXTI_GetITStatus
</UL>
<BR>[Calls]<UL><LI><a href="#[6c]">&gt;&gt;</a>&nbsp;&nbsp;&nbsp;EXTI_GetITStatus
<LI><a href="#[6d]">&gt;&gt;</a>&nbsp;&nbsp;&nbsp;EXTI_ClearITPendingBit
</UL>
<BR>[Address Reference Count : 1]<UL><LI> startup_stm32f4xx.o(RESET)
</UL>
<P><STRONG><a name="[2e]"></a>TIM3_IRQHandler</STRONG> (Thumb, 8 bytes, Stack size 8 bytes, stm32f4xx_it.o(.text))
<BR><BR>[Stack]<UL><LI>Max Depth = 24<LI>Call Chain = TIM3_IRQHandler &rArr; PPM_IRQH &rArr; TIM_GetCapture2
</UL>
<BR>[Calls]<UL><LI><a href="#[6e]">&gt;&gt;</a>&nbsp;&nbsp;&nbsp;PPM_IRQH
</UL>
<BR>[Address Reference Count : 1]<UL><LI> startup_stm32f4xx.o(RESET)
</UL>
<P><STRONG><a name="[2f]"></a>TIM4_IRQHandler</STRONG> (Thumb, 2 bytes, Stack size 0 bytes, stm32f4xx_it.o(.text))
<BR>[Address Reference Count : 1]<UL><LI> startup_stm32f4xx.o(RESET)
</UL>
<P><STRONG><a name="[36]"></a>USART1_IRQHandler</STRONG> (Thumb, 8 bytes, Stack size 8 bytes, stm32f4xx_it.o(.text))
<BR><BR>[Stack]<UL><LI>Max Depth = 136<LI>Call Chain = USART1_IRQHandler &rArr; Uart1_GPS_IRQ &rArr; GPS_data_analysis &rArr; __aeabi_dsub &rArr; __aeabi_dadd &rArr; _double_epilogue &rArr; _double_round
</UL>
<BR>[Calls]<UL><LI><a href="#[6f]">&gt;&gt;</a>&nbsp;&nbsp;&nbsp;Uart1_GPS_IRQ
</UL>
<BR>[Address Reference Count : 1]<UL><LI> startup_stm32f4xx.o(RESET)
</UL>
<P><STRONG><a name="[37]"></a>USART2_IRQHandler</STRONG> (Thumb, 8 bytes, Stack size 8 bytes, stm32f4xx_it.o(.text))
<BR><BR>[Stack]<UL><LI>Max Depth = 48<LI>Call Chain = USART2_IRQHandler &rArr; Usart2_IRQ &rArr; USART_GetITStatus
</UL>
<BR>[Calls]<UL><LI><a href="#[70]">&gt;&gt;</a>&nbsp;&nbsp;&nbsp;Usart2_IRQ
</UL>
<BR>[Address Reference Count : 1]<UL><LI> startup_stm32f4xx.o(RESET)
</UL>
<P><STRONG><a name="[38]"></a>USART3_IRQHandler</STRONG> (Thumb, 8 bytes, Stack size 8 bytes, stm32f4xx_it.o(.text))
<BR><BR>[Stack]<UL><LI>Max Depth = 48<LI>Call Chain = USART3_IRQHandler &rArr; Usart3_IRQ &rArr; USART_GetITStatus
</UL>
<BR>[Calls]<UL><LI><a href="#[71]">&gt;&gt;</a>&nbsp;&nbsp;&nbsp;Usart3_IRQ
</UL>
<BR>[Address Reference Count : 1]<UL><LI> startup_stm32f4xx.o(RESET)
</UL>
<P><STRONG><a name="[45]"></a>UART4_IRQHandler</STRONG> (Thumb, 8 bytes, Stack size 8 bytes, stm32f4xx_it.o(.text))
<BR><BR>[Stack]<UL><LI>Max Depth = 48<LI>Call Chain = UART4_IRQHandler &rArr; Uart4_IRQ &rArr; USART_GetITStatus
</UL>
<BR>[Calls]<UL><LI><a href="#[72]">&gt;&gt;</a>&nbsp;&nbsp;&nbsp;Uart4_IRQ
</UL>
<BR>[Address Reference Count : 1]<UL><LI> startup_stm32f4xx.o(RESET)
</UL>
<P><STRONG><a name="[46]"></a>UART5_IRQHandler</STRONG> (Thumb, 8 bytes, Stack size 8 bytes, stm32f4xx_it.o(.text))
<BR><BR>[Stack]<UL><LI>Max Depth = 140<LI>Call Chain = UART5_IRQHandler &rArr; Uart5_IRQ &rArr; AnoDTRxOneByteUart &rArr; AnoDTRxOneByte &rArr; AnoDTDataAnl &rArr; Parame_Reset &rArr; AnoDTSendStr &rArr; OtherSendDataAdd
</UL>
<BR>[Calls]<UL><LI><a href="#[73]">&gt;&gt;</a>&nbsp;&nbsp;&nbsp;Uart5_IRQ
</UL>
<BR>[Address Reference Count : 1]<UL><LI> startup_stm32f4xx.o(RESET)
</UL>
<P><STRONG><a name="[58]"></a>USART6_IRQHandler</STRONG> (Thumb, 8 bytes, Stack size 8 bytes, stm32f4xx_it.o(.text))
<BR><BR>[Stack]<UL><LI>Max Depth = 48<LI>Call Chain = USART6_IRQHandler &rArr; Sbus_IRQH &rArr; USART_GetITStatus
</UL>
<BR>[Calls]<UL><LI><a href="#[74]">&gt;&gt;</a>&nbsp;&nbsp;&nbsp;Sbus_IRQH
</UL>
<BR>[Address Reference Count : 1]<UL><LI> startup_stm32f4xx.o(RESET)
</UL>
<P><STRONG><a name="[75]"></a>Usb_Hid_Init</STRONG> (Thumb, 14 bytes, Stack size 8 bytes, ano_usb.o(.text))
<BR><BR>[Stack]<UL><LI>Max Depth = 20<LI>Call Chain = Usb_Hid_Init &rArr; usbd_init &rArr; USBD_Init
</UL>
<BR>[Calls]<UL><LI><a href="#[76]">&gt;&gt;</a>&nbsp;&nbsp;&nbsp;usbd_init
<LI><a href="#[77]">&gt;&gt;</a>&nbsp;&nbsp;&nbsp;usbd_connect
</UL>
<BR>[Called By]<UL><LI><a href="#[80]">&gt;&gt;</a>&nbsp;&nbsp;&nbsp;All_Init
</UL>

<P><STRONG><a name="[d1]"></a>Usb_Hid_Adddata</STRONG> (Thumb, 52 bytes, Stack size 16 bytes, ano_usb.o(.text))
<BR><BR>[Stack]<UL><LI>Max Depth = 16<LI>Call Chain = Usb_Hid_Adddata
</UL>
<BR>[Called By]<UL><LI><a href="#[d0]">&gt;&gt;</a>&nbsp;&nbsp;&nbsp;ANO_DT_Send_Data
</UL>

<P><STRONG><a name="[78]"></a>Usb_Hid_Send</STRONG> (Thumb, 210 bytes, Stack size 8 bytes, ano_usb.o(.text))
<BR><BR>[Stack]<UL><LI>Max Depth = 60<LI>Call Chain = Usb_Hid_Send &rArr; usbd_hid_get_report_trigger &rArr; USBD_HID_EP_INTIN_Event &rArr; USBD_WriteEP
</UL>
<BR>[Calls]<UL><LI><a href="#[79]">&gt;&gt;</a>&nbsp;&nbsp;&nbsp;usbd_hid_get_report_trigger
</UL>
<BR>[Called By]<UL><LI><a href="#[8d]">&gt;&gt;</a>&nbsp;&nbsp;&nbsp;ANO_DT_Task1Ms
</UL>

<P><STRONG><a name="[2b9]"></a>usbd_hid_get_report</STRONG> (Thumb, 54 bytes, Stack size 8 bytes, ano_usb.o(.text))
<BR><BR>[Stack]<UL><LI>Max Depth = 8<LI>Call Chain = usbd_hid_get_report
</UL>
<BR>[Called By]<UL><LI><a href="#[2b3]">&gt;&gt;</a>&nbsp;&nbsp;&nbsp;USBD_HID_GetReport
<LI><a href="#[2bc]">&gt;&gt;</a>&nbsp;&nbsp;&nbsp;USBD_HID_EP_INTIN_Event
</UL>

<P><STRONG><a name="[7a]"></a>usbd_hid_set_report</STRONG> (Thumb, 54 bytes, Stack size 32 bytes, ano_usb.o(.text))
<BR><BR>[Stack]<UL><LI>Max Depth = 156<LI>Call Chain = usbd_hid_set_report &rArr; AnoDTRxOneByteUsb &rArr; AnoDTRxOneByte &rArr; AnoDTDataAnl &rArr; Parame_Reset &rArr; AnoDTSendStr &rArr; OtherSendDataAdd
</UL>
<BR>[Calls]<UL><LI><a href="#[7b]">&gt;&gt;</a>&nbsp;&nbsp;&nbsp;AnoDTRxOneByteUsb
</UL>
<BR>[Called By]<UL><LI><a href="#[2b8]">&gt;&gt;</a>&nbsp;&nbsp;&nbsp;USBD_HID_SetReport
<LI><a href="#[2bd]">&gt;&gt;</a>&nbsp;&nbsp;&nbsp;USBD_HID_EP_INTOUT_Event
</UL>

<P><STRONG><a name="[69]"></a>USBD_Configure_Event</STRONG> (Thumb, 4 bytes, Stack size 0 bytes, usb_config.o(.text))
<BR><BR>[Calls]<UL><LI><a href="#[7c]">&gt;&gt;</a>&nbsp;&nbsp;&nbsp;USBD_HID_Configure_Event
</UL>
<BR>[Address Reference Count : 1]<UL><LI> usb_config.o(.constdata)
</UL>
<P><STRONG><a name="[2a1]"></a>USBD_ReqClrFeature_MSC</STRONG> (Thumb, 2 bytes, Stack size 0 bytes, usb_config.o(.text))
<BR><BR>[Called By]<UL><LI><a href="#[29f]">&gt;&gt;</a>&nbsp;&nbsp;&nbsp;USBD_ReqSetClrFeature
</UL>

<P><STRONG><a name="[2af]"></a>USBD_EndPoint0_Setup_MSC_ReqToIF</STRONG> (Thumb, 4 bytes, Stack size 0 bytes, usb_config.o(.text))
<BR><BR>[Called By]<UL><LI><a href="#[67]">&gt;&gt;</a>&nbsp;&nbsp;&nbsp;USBD_EndPoint0
</UL>

<P><STRONG><a name="[2d2]"></a>USBD_EndPoint0_Out_MSC_ReqToIF</STRONG> (Thumb, 4 bytes, Stack size 0 bytes, usb_config.o(.text), UNUSED)

<P><STRONG><a name="[2d3]"></a>USBD_EndPoint0_Setup_ADC_ReqToIF</STRONG> (Thumb, 4 bytes, Stack size 0 bytes, usb_config.o(.text), UNUSED)

<P><STRONG><a name="[2d4]"></a>USBD_EndPoint0_Setup_ADC_ReqToEP</STRONG> (Thumb, 4 bytes, Stack size 0 bytes, usb_config.o(.text), UNUSED)

<P><STRONG><a name="[2d5]"></a>USBD_EndPoint0_Out_ADC_ReqToIF</STRONG> (Thumb, 4 bytes, Stack size 0 bytes, usb_config.o(.text), UNUSED)

<P><STRONG><a name="[2d6]"></a>USBD_EndPoint0_Out_ADC_ReqToEP</STRONG> (Thumb, 4 bytes, Stack size 0 bytes, usb_config.o(.text), UNUSED)

<P><STRONG><a name="[2b0]"></a>USBD_EndPoint0_Setup_CDC_ReqToIF</STRONG> (Thumb, 4 bytes, Stack size 0 bytes, usb_config.o(.text))
<BR><BR>[Called By]<UL><LI><a href="#[67]">&gt;&gt;</a>&nbsp;&nbsp;&nbsp;USBD_EndPoint0
</UL>

<P><STRONG><a name="[2b2]"></a>USBD_EndPoint0_Out_CDC_ReqToIF</STRONG> (Thumb, 4 bytes, Stack size 0 bytes, usb_config.o(.text))
<BR><BR>[Called By]<UL><LI><a href="#[67]">&gt;&gt;</a>&nbsp;&nbsp;&nbsp;USBD_EndPoint0
</UL>

<P><STRONG><a name="[2d7]"></a>USBD_EndPoint0_Setup_CLS_ReqToDEV</STRONG> (Thumb, 4 bytes, Stack size 0 bytes, usb_config.o(.text), UNUSED)

<P><STRONG><a name="[2d8]"></a>USBD_EndPoint0_Setup_CLS_ReqToIF</STRONG> (Thumb, 4 bytes, Stack size 0 bytes, usb_config.o(.text), UNUSED)

<P><STRONG><a name="[2d9]"></a>USBD_EndPoint0_Setup_CLS_ReqToEP</STRONG> (Thumb, 4 bytes, Stack size 0 bytes, usb_config.o(.text), UNUSED)

<P><STRONG><a name="[2da]"></a>USBD_EndPoint0_Out_CLS_ReqToDEV</STRONG> (Thumb, 4 bytes, Stack size 0 bytes, usb_config.o(.text), UNUSED)

<P><STRONG><a name="[2db]"></a>USBD_EndPoint0_Out_CLS_ReqToIF</STRONG> (Thumb, 4 bytes, Stack size 0 bytes, usb_config.o(.text), UNUSED)

<P><STRONG><a name="[2dc]"></a>USBD_EndPoint0_Out_CLS_ReqToEP</STRONG> (Thumb, 4 bytes, Stack size 0 bytes, usb_config.o(.text), UNUSED)

<P><STRONG><a name="[66]"></a>USBD_SOF_Event</STRONG> (Thumb, 4 bytes, Stack size 0 bytes, usb_config.o(.text))
<BR><BR>[Stack]<UL><LI>Max Depth = 60<LI>Call Chain = USBD_SOF_Event &rArr; USBD_HID_SOF_Event &rArr; USBD_HID_EP_INTIN_Event &rArr; USBD_WriteEP
</UL>
<BR>[Calls]<UL><LI><a href="#[7d]">&gt;&gt;</a>&nbsp;&nbsp;&nbsp;USBD_HID_SOF_Event
</UL>
<BR>[Address Reference Count : 1]<UL><LI> usb_config.o(.constdata)
</UL>
<P><STRONG><a name="[2dd]"></a>usbd_os_evt_set</STRONG> (Thumb, 2 bytes, Stack size 0 bytes, usb_config.o(.text), UNUSED)

<P><STRONG><a name="[2de]"></a>usbd_os_evt_get</STRONG> (Thumb, 4 bytes, Stack size 0 bytes, usb_config.o(.text), UNUSED)

<P><STRONG><a name="[2df]"></a>usbd_os_evt_wait_or</STRONG> (Thumb, 4 bytes, Stack size 0 bytes, usb_config.o(.text), UNUSED)

<P><STRONG><a name="[7e]"></a>usbd_class_init</STRONG> (Thumb, 4 bytes, Stack size 0 bytes, usb_config.o(.text))
<BR><BR>[Calls]<UL><LI><a href="#[7f]">&gt;&gt;</a>&nbsp;&nbsp;&nbsp;usbd_hid_init
</UL>
<BR>[Called By]<UL><LI><a href="#[76]">&gt;&gt;</a>&nbsp;&nbsp;&nbsp;usbd_init
</UL>

<P><STRONG><a name="[298]"></a>USBD_RTX_TaskInit</STRONG> (Thumb, 2 bytes, Stack size 0 bytes, usb_config.o(.text))
<BR><BR>[Called By]<UL><LI><a href="#[76]">&gt;&gt;</a>&nbsp;&nbsp;&nbsp;usbd_init
</UL>

<P><STRONG><a name="[1ce]"></a>assert_failed</STRONG> (Thumb, 4 bytes, Stack size 0 bytes, main.o(.text))
<BR><BR>[Called By]<UL><LI><a href="#[b1]">&gt;&gt;</a>&nbsp;&nbsp;&nbsp;NVIC_PriorityGroupConfig
<LI><a href="#[ce]">&gt;&gt;</a>&nbsp;&nbsp;&nbsp;GPIO_SetBits
<LI><a href="#[cd]">&gt;&gt;</a>&nbsp;&nbsp;&nbsp;GPIO_ResetBits
<LI><a href="#[6c]">&gt;&gt;</a>&nbsp;&nbsp;&nbsp;EXTI_GetITStatus
<LI><a href="#[6d]">&gt;&gt;</a>&nbsp;&nbsp;&nbsp;EXTI_ClearITPendingBit
<LI><a href="#[1b1]">&gt;&gt;</a>&nbsp;&nbsp;&nbsp;TIM_OC1PreloadConfig
<LI><a href="#[1a8]">&gt;&gt;</a>&nbsp;&nbsp;&nbsp;USART_SendData
<LI><a href="#[1af]">&gt;&gt;</a>&nbsp;&nbsp;&nbsp;USART_ReceiveData
<LI><a href="#[1a7]">&gt;&gt;</a>&nbsp;&nbsp;&nbsp;USART_GetFlagStatus
<LI><a href="#[1ab]">&gt;&gt;</a>&nbsp;&nbsp;&nbsp;USART_DeInit
<LI><a href="#[190]">&gt;&gt;</a>&nbsp;&nbsp;&nbsp;SPI_I2S_DeInit
<LI><a href="#[18f]">&gt;&gt;</a>&nbsp;&nbsp;&nbsp;GPIO_WriteBit
<LI><a href="#[1fd]">&gt;&gt;</a>&nbsp;&nbsp;&nbsp;EXTI_Init
<LI><a href="#[172]">&gt;&gt;</a>&nbsp;&nbsp;&nbsp;USART_Init
<LI><a href="#[174]">&gt;&gt;</a>&nbsp;&nbsp;&nbsp;USART_ITConfig
<LI><a href="#[176]">&gt;&gt;</a>&nbsp;&nbsp;&nbsp;USART_GetITStatus
<LI><a href="#[175]">&gt;&gt;</a>&nbsp;&nbsp;&nbsp;USART_Cmd
<LI><a href="#[173]">&gt;&gt;</a>&nbsp;&nbsp;&nbsp;USART_ClockInit
<LI><a href="#[177]">&gt;&gt;</a>&nbsp;&nbsp;&nbsp;USART_ClearITPendingBit
<LI><a href="#[168]">&gt;&gt;</a>&nbsp;&nbsp;&nbsp;TIM_ITConfig
<LI><a href="#[166]">&gt;&gt;</a>&nbsp;&nbsp;&nbsp;TIM_DeInit
<LI><a href="#[167]">&gt;&gt;</a>&nbsp;&nbsp;&nbsp;TIM_ClearFlag
<LI><a href="#[16d]">&gt;&gt;</a>&nbsp;&nbsp;&nbsp;SysTick_CLKSourceConfig
<LI><a href="#[16a]">&gt;&gt;</a>&nbsp;&nbsp;&nbsp;NVIC_Init
<LI><a href="#[15b]">&gt;&gt;</a>&nbsp;&nbsp;&nbsp;TIM_TimeBaseInit
<LI><a href="#[15f]">&gt;&gt;</a>&nbsp;&nbsp;&nbsp;TIM_OC4PreloadConfig
<LI><a href="#[15e]">&gt;&gt;</a>&nbsp;&nbsp;&nbsp;TIM_OC4Init
<LI><a href="#[15d]">&gt;&gt;</a>&nbsp;&nbsp;&nbsp;TIM_OC3PreloadConfig
<LI><a href="#[15c]">&gt;&gt;</a>&nbsp;&nbsp;&nbsp;TIM_OC3Init
<LI><a href="#[163]">&gt;&gt;</a>&nbsp;&nbsp;&nbsp;TIM_OC2Init
<LI><a href="#[162]">&gt;&gt;</a>&nbsp;&nbsp;&nbsp;TIM_OC1Init
<LI><a href="#[164]">&gt;&gt;</a>&nbsp;&nbsp;&nbsp;TIM_CtrlPWMOutputs
<LI><a href="#[161]">&gt;&gt;</a>&nbsp;&nbsp;&nbsp;TIM_Cmd
<LI><a href="#[160]">&gt;&gt;</a>&nbsp;&nbsp;&nbsp;TIM_ARRPreloadConfig
<LI><a href="#[151]">&gt;&gt;</a>&nbsp;&nbsp;&nbsp;SPI_Init
<LI><a href="#[155]">&gt;&gt;</a>&nbsp;&nbsp;&nbsp;SPI_I2S_SendData
<LI><a href="#[156]">&gt;&gt;</a>&nbsp;&nbsp;&nbsp;SPI_I2S_ReceiveData
<LI><a href="#[154]">&gt;&gt;</a>&nbsp;&nbsp;&nbsp;SPI_I2S_GetFlagStatus
<LI><a href="#[152]">&gt;&gt;</a>&nbsp;&nbsp;&nbsp;SPI_Cmd
<LI><a href="#[150]">&gt;&gt;</a>&nbsp;&nbsp;&nbsp;RCC_APB1PeriphClockCmd
<LI><a href="#[14f]">&gt;&gt;</a>&nbsp;&nbsp;&nbsp;GPIO_PinAFConfig
<LI><a href="#[143]">&gt;&gt;</a>&nbsp;&nbsp;&nbsp;RCC_APB2PeriphClockCmd
<LI><a href="#[140]">&gt;&gt;</a>&nbsp;&nbsp;&nbsp;DMA_Init
<LI><a href="#[13f]">&gt;&gt;</a>&nbsp;&nbsp;&nbsp;DMA_GetCmdStatus
<LI><a href="#[141]">&gt;&gt;</a>&nbsp;&nbsp;&nbsp;DMA_Cmd
<LI><a href="#[14a]">&gt;&gt;</a>&nbsp;&nbsp;&nbsp;ADC_SoftwareStartConv
<LI><a href="#[146]">&gt;&gt;</a>&nbsp;&nbsp;&nbsp;ADC_RegularChannelConfig
<LI><a href="#[145]">&gt;&gt;</a>&nbsp;&nbsp;&nbsp;ADC_Init
<LI><a href="#[147]">&gt;&gt;</a>&nbsp;&nbsp;&nbsp;ADC_DMARequestAfterLastTransferCmd
<LI><a href="#[149]">&gt;&gt;</a>&nbsp;&nbsp;&nbsp;ADC_DMACmd
<LI><a href="#[144]">&gt;&gt;</a>&nbsp;&nbsp;&nbsp;ADC_CommonInit
<LI><a href="#[148]">&gt;&gt;</a>&nbsp;&nbsp;&nbsp;ADC_Cmd
<LI><a href="#[138]">&gt;&gt;</a>&nbsp;&nbsp;&nbsp;RCC_AHB1PeriphClockCmd
<LI><a href="#[139]">&gt;&gt;</a>&nbsp;&nbsp;&nbsp;GPIO_Init
<LI><a href="#[296]">&gt;&gt;</a>&nbsp;&nbsp;&nbsp;USART_ClearFlag
<LI><a href="#[295]">&gt;&gt;</a>&nbsp;&nbsp;&nbsp;USART_DMACmd
<LI><a href="#[294]">&gt;&gt;</a>&nbsp;&nbsp;&nbsp;USART_IrDACmd
<LI><a href="#[293]">&gt;&gt;</a>&nbsp;&nbsp;&nbsp;USART_IrDAConfig
<LI><a href="#[292]">&gt;&gt;</a>&nbsp;&nbsp;&nbsp;USART_SmartCardNACKCmd
<LI><a href="#[291]">&gt;&gt;</a>&nbsp;&nbsp;&nbsp;USART_SmartCardCmd
<LI><a href="#[290]">&gt;&gt;</a>&nbsp;&nbsp;&nbsp;USART_SetGuardTime
<LI><a href="#[28f]">&gt;&gt;</a>&nbsp;&nbsp;&nbsp;USART_HalfDuplexCmd
<LI><a href="#[28e]">&gt;&gt;</a>&nbsp;&nbsp;&nbsp;USART_SendBreak
<LI><a href="#[28d]">&gt;&gt;</a>&nbsp;&nbsp;&nbsp;USART_LINCmd
<LI><a href="#[28c]">&gt;&gt;</a>&nbsp;&nbsp;&nbsp;USART_LINBreakDetectLengthConfig
<LI><a href="#[28b]">&gt;&gt;</a>&nbsp;&nbsp;&nbsp;USART_WakeUpConfig
<LI><a href="#[28a]">&gt;&gt;</a>&nbsp;&nbsp;&nbsp;USART_ReceiverWakeUpCmd
<LI><a href="#[289]">&gt;&gt;</a>&nbsp;&nbsp;&nbsp;USART_SetAddress
<LI><a href="#[288]">&gt;&gt;</a>&nbsp;&nbsp;&nbsp;USART_OneBitMethodCmd
<LI><a href="#[287]">&gt;&gt;</a>&nbsp;&nbsp;&nbsp;USART_OverSampling8Cmd
<LI><a href="#[286]">&gt;&gt;</a>&nbsp;&nbsp;&nbsp;USART_SetPrescaler
<LI><a href="#[285]">&gt;&gt;</a>&nbsp;&nbsp;&nbsp;TIM_RemapConfig
<LI><a href="#[284]">&gt;&gt;</a>&nbsp;&nbsp;&nbsp;TIM_SelectHallSensor
<LI><a href="#[283]">&gt;&gt;</a>&nbsp;&nbsp;&nbsp;TIM_EncoderInterfaceConfig
<LI><a href="#[282]">&gt;&gt;</a>&nbsp;&nbsp;&nbsp;TIM_SelectMasterSlaveMode
<LI><a href="#[281]">&gt;&gt;</a>&nbsp;&nbsp;&nbsp;TIM_SelectSlaveMode
<LI><a href="#[280]">&gt;&gt;</a>&nbsp;&nbsp;&nbsp;TIM_SelectOutputTrigger
<LI><a href="#[27f]">&gt;&gt;</a>&nbsp;&nbsp;&nbsp;TIM_ETRClockMode2Config
<LI><a href="#[27e]">&gt;&gt;</a>&nbsp;&nbsp;&nbsp;TIM_ETRClockMode1Config
<LI><a href="#[27d]">&gt;&gt;</a>&nbsp;&nbsp;&nbsp;TIM_ETRConfig
<LI><a href="#[27c]">&gt;&gt;</a>&nbsp;&nbsp;&nbsp;TIM_TIxExternalClockConfig
<LI><a href="#[27b]">&gt;&gt;</a>&nbsp;&nbsp;&nbsp;TIM_ITRxExternalClockConfig
<LI><a href="#[27a]">&gt;&gt;</a>&nbsp;&nbsp;&nbsp;TIM_SelectInputTrigger
<LI><a href="#[279]">&gt;&gt;</a>&nbsp;&nbsp;&nbsp;TIM_InternalClockConfig
<LI><a href="#[278]">&gt;&gt;</a>&nbsp;&nbsp;&nbsp;TIM_SelectCCDMA
<LI><a href="#[277]">&gt;&gt;</a>&nbsp;&nbsp;&nbsp;TIM_DMACmd
<LI><a href="#[276]">&gt;&gt;</a>&nbsp;&nbsp;&nbsp;TIM_DMAConfig
<LI><a href="#[275]">&gt;&gt;</a>&nbsp;&nbsp;&nbsp;TIM_ClearITPendingBit
<LI><a href="#[274]">&gt;&gt;</a>&nbsp;&nbsp;&nbsp;TIM_GetITStatus
<LI><a href="#[273]">&gt;&gt;</a>&nbsp;&nbsp;&nbsp;TIM_GetFlagStatus
<LI><a href="#[272]">&gt;&gt;</a>&nbsp;&nbsp;&nbsp;TIM_GenerateEvent
<LI><a href="#[271]">&gt;&gt;</a>&nbsp;&nbsp;&nbsp;TIM_CCPreloadControl
<LI><a href="#[270]">&gt;&gt;</a>&nbsp;&nbsp;&nbsp;TIM_SelectCOM
<LI><a href="#[26f]">&gt;&gt;</a>&nbsp;&nbsp;&nbsp;TIM_BDTRConfig
<LI><a href="#[26e]">&gt;&gt;</a>&nbsp;&nbsp;&nbsp;TIM_GetCapture4
<LI><a href="#[26d]">&gt;&gt;</a>&nbsp;&nbsp;&nbsp;TIM_GetCapture3
<LI><a href="#[26c]">&gt;&gt;</a>&nbsp;&nbsp;&nbsp;TIM_GetCapture1
<LI><a href="#[26b]">&gt;&gt;</a>&nbsp;&nbsp;&nbsp;TIM_PWMIConfig
<LI><a href="#[266]">&gt;&gt;</a>&nbsp;&nbsp;&nbsp;TIM_SetIC1Prescaler
<LI><a href="#[265]">&gt;&gt;</a>&nbsp;&nbsp;&nbsp;TIM_SetIC2Prescaler
<LI><a href="#[264]">&gt;&gt;</a>&nbsp;&nbsp;&nbsp;TIM_SetIC3Prescaler
<LI><a href="#[263]">&gt;&gt;</a>&nbsp;&nbsp;&nbsp;TIM_SetIC4Prescaler
<LI><a href="#[262]">&gt;&gt;</a>&nbsp;&nbsp;&nbsp;TIM_CCxNCmd
<LI><a href="#[261]">&gt;&gt;</a>&nbsp;&nbsp;&nbsp;TIM_CCxCmd
<LI><a href="#[260]">&gt;&gt;</a>&nbsp;&nbsp;&nbsp;TIM_OC4PolarityConfig
<LI><a href="#[25f]">&gt;&gt;</a>&nbsp;&nbsp;&nbsp;TIM_OC3NPolarityConfig
<LI><a href="#[25e]">&gt;&gt;</a>&nbsp;&nbsp;&nbsp;TIM_OC3PolarityConfig
<LI><a href="#[25d]">&gt;&gt;</a>&nbsp;&nbsp;&nbsp;TIM_OC2NPolarityConfig
<LI><a href="#[25c]">&gt;&gt;</a>&nbsp;&nbsp;&nbsp;TIM_OC2PolarityConfig
<LI><a href="#[25b]">&gt;&gt;</a>&nbsp;&nbsp;&nbsp;TIM_OC1NPolarityConfig
<LI><a href="#[25a]">&gt;&gt;</a>&nbsp;&nbsp;&nbsp;TIM_OC1PolarityConfig
<LI><a href="#[259]">&gt;&gt;</a>&nbsp;&nbsp;&nbsp;TIM_ClearOC4Ref
<LI><a href="#[258]">&gt;&gt;</a>&nbsp;&nbsp;&nbsp;TIM_ClearOC3Ref
<LI><a href="#[257]">&gt;&gt;</a>&nbsp;&nbsp;&nbsp;TIM_ClearOC2Ref
<LI><a href="#[256]">&gt;&gt;</a>&nbsp;&nbsp;&nbsp;TIM_ClearOC1Ref
<LI><a href="#[255]">&gt;&gt;</a>&nbsp;&nbsp;&nbsp;TIM_OC4FastConfig
<LI><a href="#[254]">&gt;&gt;</a>&nbsp;&nbsp;&nbsp;TIM_OC3FastConfig
<LI><a href="#[253]">&gt;&gt;</a>&nbsp;&nbsp;&nbsp;TIM_OC2FastConfig
<LI><a href="#[252]">&gt;&gt;</a>&nbsp;&nbsp;&nbsp;TIM_OC1FastConfig
<LI><a href="#[251]">&gt;&gt;</a>&nbsp;&nbsp;&nbsp;TIM_OC2PreloadConfig
<LI><a href="#[250]">&gt;&gt;</a>&nbsp;&nbsp;&nbsp;TIM_ForcedOC4Config
<LI><a href="#[24f]">&gt;&gt;</a>&nbsp;&nbsp;&nbsp;TIM_ForcedOC3Config
<LI><a href="#[24e]">&gt;&gt;</a>&nbsp;&nbsp;&nbsp;TIM_ForcedOC2Config
<LI><a href="#[24d]">&gt;&gt;</a>&nbsp;&nbsp;&nbsp;TIM_ForcedOC1Config
<LI><a href="#[24c]">&gt;&gt;</a>&nbsp;&nbsp;&nbsp;TIM_SetCompare4
<LI><a href="#[24b]">&gt;&gt;</a>&nbsp;&nbsp;&nbsp;TIM_SetCompare3
<LI><a href="#[24a]">&gt;&gt;</a>&nbsp;&nbsp;&nbsp;TIM_SetCompare2
<LI><a href="#[249]">&gt;&gt;</a>&nbsp;&nbsp;&nbsp;TIM_SetCompare1
<LI><a href="#[248]">&gt;&gt;</a>&nbsp;&nbsp;&nbsp;TIM_SelectOCxM
<LI><a href="#[247]">&gt;&gt;</a>&nbsp;&nbsp;&nbsp;TIM_SetClockDivision
<LI><a href="#[246]">&gt;&gt;</a>&nbsp;&nbsp;&nbsp;TIM_SelectOnePulseMode
<LI><a href="#[245]">&gt;&gt;</a>&nbsp;&nbsp;&nbsp;TIM_UpdateRequestConfig
<LI><a href="#[244]">&gt;&gt;</a>&nbsp;&nbsp;&nbsp;TIM_UpdateDisableConfig
<LI><a href="#[243]">&gt;&gt;</a>&nbsp;&nbsp;&nbsp;TIM_GetPrescaler
<LI><a href="#[242]">&gt;&gt;</a>&nbsp;&nbsp;&nbsp;TIM_GetCounter
<LI><a href="#[241]">&gt;&gt;</a>&nbsp;&nbsp;&nbsp;TIM_SetAutoreload
<LI><a href="#[240]">&gt;&gt;</a>&nbsp;&nbsp;&nbsp;TIM_SetCounter
<LI><a href="#[23f]">&gt;&gt;</a>&nbsp;&nbsp;&nbsp;TIM_CounterModeConfig
<LI><a href="#[23e]">&gt;&gt;</a>&nbsp;&nbsp;&nbsp;TIM_PrescalerConfig
<LI><a href="#[23d]">&gt;&gt;</a>&nbsp;&nbsp;&nbsp;SPI_I2S_ClearITPendingBit
<LI><a href="#[23c]">&gt;&gt;</a>&nbsp;&nbsp;&nbsp;SPI_I2S_GetITStatus
<LI><a href="#[23b]">&gt;&gt;</a>&nbsp;&nbsp;&nbsp;SPI_I2S_ClearFlag
<LI><a href="#[23a]">&gt;&gt;</a>&nbsp;&nbsp;&nbsp;SPI_I2S_ITConfig
<LI><a href="#[239]">&gt;&gt;</a>&nbsp;&nbsp;&nbsp;SPI_I2S_DMACmd
<LI><a href="#[238]">&gt;&gt;</a>&nbsp;&nbsp;&nbsp;SPI_GetCRCPolynomial
<LI><a href="#[237]">&gt;&gt;</a>&nbsp;&nbsp;&nbsp;SPI_GetCRC
<LI><a href="#[236]">&gt;&gt;</a>&nbsp;&nbsp;&nbsp;SPI_TransmitCRC
<LI><a href="#[235]">&gt;&gt;</a>&nbsp;&nbsp;&nbsp;SPI_CalculateCRC
<LI><a href="#[234]">&gt;&gt;</a>&nbsp;&nbsp;&nbsp;I2S_FullDuplexConfig
<LI><a href="#[233]">&gt;&gt;</a>&nbsp;&nbsp;&nbsp;SPI_TIModeCmd
<LI><a href="#[232]">&gt;&gt;</a>&nbsp;&nbsp;&nbsp;SPI_SSOutputCmd
<LI><a href="#[231]">&gt;&gt;</a>&nbsp;&nbsp;&nbsp;SPI_NSSInternalSoftwareConfig
<LI><a href="#[230]">&gt;&gt;</a>&nbsp;&nbsp;&nbsp;SPI_BiDirectionalLineConfig
<LI><a href="#[22f]">&gt;&gt;</a>&nbsp;&nbsp;&nbsp;SPI_DataSizeConfig
<LI><a href="#[22e]">&gt;&gt;</a>&nbsp;&nbsp;&nbsp;I2S_Cmd
<LI><a href="#[22d]">&gt;&gt;</a>&nbsp;&nbsp;&nbsp;I2S_Init
<LI><a href="#[22c]">&gt;&gt;</a>&nbsp;&nbsp;&nbsp;RCC_ClearITPendingBit
<LI><a href="#[22b]">&gt;&gt;</a>&nbsp;&nbsp;&nbsp;RCC_GetITStatus
<LI><a href="#[22a]">&gt;&gt;</a>&nbsp;&nbsp;&nbsp;RCC_ITConfig
<LI><a href="#[229]">&gt;&gt;</a>&nbsp;&nbsp;&nbsp;RCC_APB2PeriphClockLPModeCmd
<LI><a href="#[228]">&gt;&gt;</a>&nbsp;&nbsp;&nbsp;RCC_APB1PeriphClockLPModeCmd
<LI><a href="#[227]">&gt;&gt;</a>&nbsp;&nbsp;&nbsp;RCC_AHB3PeriphClockLPModeCmd
<LI><a href="#[226]">&gt;&gt;</a>&nbsp;&nbsp;&nbsp;RCC_AHB2PeriphClockLPModeCmd
<LI><a href="#[225]">&gt;&gt;</a>&nbsp;&nbsp;&nbsp;RCC_AHB1PeriphClockLPModeCmd
<LI><a href="#[223]">&gt;&gt;</a>&nbsp;&nbsp;&nbsp;RCC_AHB3PeriphResetCmd
<LI><a href="#[222]">&gt;&gt;</a>&nbsp;&nbsp;&nbsp;RCC_AHB2PeriphResetCmd
<LI><a href="#[221]">&gt;&gt;</a>&nbsp;&nbsp;&nbsp;RCC_AHB3PeriphClockCmd
<LI><a href="#[220]">&gt;&gt;</a>&nbsp;&nbsp;&nbsp;RCC_AHB2PeriphClockCmd
<LI><a href="#[21f]">&gt;&gt;</a>&nbsp;&nbsp;&nbsp;RCC_I2SCLKConfig
<LI><a href="#[21e]">&gt;&gt;</a>&nbsp;&nbsp;&nbsp;RCC_BackupResetCmd
<LI><a href="#[21d]">&gt;&gt;</a>&nbsp;&nbsp;&nbsp;RCC_RTCCLKCmd
<LI><a href="#[21c]">&gt;&gt;</a>&nbsp;&nbsp;&nbsp;RCC_RTCCLKConfig
<LI><a href="#[21b]">&gt;&gt;</a>&nbsp;&nbsp;&nbsp;RCC_PCLK2Config
<LI><a href="#[21a]">&gt;&gt;</a>&nbsp;&nbsp;&nbsp;RCC_PCLK1Config
<LI><a href="#[219]">&gt;&gt;</a>&nbsp;&nbsp;&nbsp;RCC_HCLKConfig
<LI><a href="#[218]">&gt;&gt;</a>&nbsp;&nbsp;&nbsp;RCC_SYSCLKConfig
<LI><a href="#[217]">&gt;&gt;</a>&nbsp;&nbsp;&nbsp;RCC_MCO2Config
<LI><a href="#[216]">&gt;&gt;</a>&nbsp;&nbsp;&nbsp;RCC_MCO1Config
<LI><a href="#[215]">&gt;&gt;</a>&nbsp;&nbsp;&nbsp;RCC_ClockSecuritySystemCmd
<LI><a href="#[214]">&gt;&gt;</a>&nbsp;&nbsp;&nbsp;RCC_PLLI2SCmd
<LI><a href="#[213]">&gt;&gt;</a>&nbsp;&nbsp;&nbsp;RCC_PLLI2SConfig
<LI><a href="#[212]">&gt;&gt;</a>&nbsp;&nbsp;&nbsp;RCC_PLLCmd
<LI><a href="#[211]">&gt;&gt;</a>&nbsp;&nbsp;&nbsp;RCC_PLLConfig
<LI><a href="#[210]">&gt;&gt;</a>&nbsp;&nbsp;&nbsp;RCC_LSICmd
<LI><a href="#[20f]">&gt;&gt;</a>&nbsp;&nbsp;&nbsp;RCC_LSEConfig
<LI><a href="#[20e]">&gt;&gt;</a>&nbsp;&nbsp;&nbsp;RCC_HSICmd
<LI><a href="#[20d]">&gt;&gt;</a>&nbsp;&nbsp;&nbsp;RCC_AdjustHSICalibrationValue
<LI><a href="#[20b]">&gt;&gt;</a>&nbsp;&nbsp;&nbsp;RCC_GetFlagStatus
<LI><a href="#[20a]">&gt;&gt;</a>&nbsp;&nbsp;&nbsp;RCC_HSEConfig
<LI><a href="#[224]">&gt;&gt;</a>&nbsp;&nbsp;&nbsp;RCC_APB1PeriphResetCmd
<LI><a href="#[202]">&gt;&gt;</a>&nbsp;&nbsp;&nbsp;RCC_AHB1PeriphResetCmd
<LI><a href="#[209]">&gt;&gt;</a>&nbsp;&nbsp;&nbsp;GPIO_ToggleBits
<LI><a href="#[208]">&gt;&gt;</a>&nbsp;&nbsp;&nbsp;GPIO_Write
<LI><a href="#[207]">&gt;&gt;</a>&nbsp;&nbsp;&nbsp;GPIO_ReadOutputData
<LI><a href="#[206]">&gt;&gt;</a>&nbsp;&nbsp;&nbsp;GPIO_ReadOutputDataBit
<LI><a href="#[205]">&gt;&gt;</a>&nbsp;&nbsp;&nbsp;GPIO_ReadInputData
<LI><a href="#[204]">&gt;&gt;</a>&nbsp;&nbsp;&nbsp;GPIO_ReadInputDataBit
<LI><a href="#[203]">&gt;&gt;</a>&nbsp;&nbsp;&nbsp;GPIO_PinLockConfig
<LI><a href="#[201]">&gt;&gt;</a>&nbsp;&nbsp;&nbsp;GPIO_DeInit
<LI><a href="#[200]">&gt;&gt;</a>&nbsp;&nbsp;&nbsp;EXTI_ClearFlag
<LI><a href="#[1ff]">&gt;&gt;</a>&nbsp;&nbsp;&nbsp;EXTI_GetFlagStatus
<LI><a href="#[1fe]">&gt;&gt;</a>&nbsp;&nbsp;&nbsp;EXTI_GenerateSWInterrupt
<LI><a href="#[1fc]">&gt;&gt;</a>&nbsp;&nbsp;&nbsp;DMA_ClearITPendingBit
<LI><a href="#[1fb]">&gt;&gt;</a>&nbsp;&nbsp;&nbsp;DMA_GetITStatus
<LI><a href="#[1fa]">&gt;&gt;</a>&nbsp;&nbsp;&nbsp;DMA_ITConfig
<LI><a href="#[1f9]">&gt;&gt;</a>&nbsp;&nbsp;&nbsp;DMA_ClearFlag
<LI><a href="#[1f8]">&gt;&gt;</a>&nbsp;&nbsp;&nbsp;DMA_GetFlagStatus
<LI><a href="#[1f7]">&gt;&gt;</a>&nbsp;&nbsp;&nbsp;DMA_GetFIFOStatus
<LI><a href="#[1f6]">&gt;&gt;</a>&nbsp;&nbsp;&nbsp;DMA_GetCurrentMemoryTarget
<LI><a href="#[1f5]">&gt;&gt;</a>&nbsp;&nbsp;&nbsp;DMA_MemoryTargetConfig
<LI><a href="#[1f4]">&gt;&gt;</a>&nbsp;&nbsp;&nbsp;DMA_DoubleBufferModeCmd
<LI><a href="#[1f3]">&gt;&gt;</a>&nbsp;&nbsp;&nbsp;DMA_DoubleBufferModeConfig
<LI><a href="#[1f2]">&gt;&gt;</a>&nbsp;&nbsp;&nbsp;DMA_GetCurrDataCounter
<LI><a href="#[1f1]">&gt;&gt;</a>&nbsp;&nbsp;&nbsp;DMA_SetCurrDataCounter
<LI><a href="#[1f0]">&gt;&gt;</a>&nbsp;&nbsp;&nbsp;DMA_FlowControllerConfig
<LI><a href="#[1ef]">&gt;&gt;</a>&nbsp;&nbsp;&nbsp;DMA_PeriphIncOffsetSizeConfig
<LI><a href="#[1ee]">&gt;&gt;</a>&nbsp;&nbsp;&nbsp;DMA_DeInit
<LI><a href="#[1d2]">&gt;&gt;</a>&nbsp;&nbsp;&nbsp;RCC_APB2PeriphResetCmd
<LI><a href="#[1ed]">&gt;&gt;</a>&nbsp;&nbsp;&nbsp;ADC_ClearITPendingBit
<LI><a href="#[1ec]">&gt;&gt;</a>&nbsp;&nbsp;&nbsp;ADC_GetITStatus
<LI><a href="#[1eb]">&gt;&gt;</a>&nbsp;&nbsp;&nbsp;ADC_ClearFlag
<LI><a href="#[1ea]">&gt;&gt;</a>&nbsp;&nbsp;&nbsp;ADC_GetFlagStatus
<LI><a href="#[1e9]">&gt;&gt;</a>&nbsp;&nbsp;&nbsp;ADC_ITConfig
<LI><a href="#[1e8]">&gt;&gt;</a>&nbsp;&nbsp;&nbsp;ADC_GetInjectedConversionValue
<LI><a href="#[1e7]">&gt;&gt;</a>&nbsp;&nbsp;&nbsp;ADC_InjectedDiscModeCmd
<LI><a href="#[1e6]">&gt;&gt;</a>&nbsp;&nbsp;&nbsp;ADC_AutoInjectedConvCmd
<LI><a href="#[1e5]">&gt;&gt;</a>&nbsp;&nbsp;&nbsp;ADC_GetSoftwareStartInjectedConvCmdStatus
<LI><a href="#[1e4]">&gt;&gt;</a>&nbsp;&nbsp;&nbsp;ADC_SoftwareStartInjectedConv
<LI><a href="#[1e3]">&gt;&gt;</a>&nbsp;&nbsp;&nbsp;ADC_ExternalTrigInjectedConvEdgeConfig
<LI><a href="#[1e2]">&gt;&gt;</a>&nbsp;&nbsp;&nbsp;ADC_ExternalTrigInjectedConvConfig
<LI><a href="#[1e1]">&gt;&gt;</a>&nbsp;&nbsp;&nbsp;ADC_SetInjectedOffset
<LI><a href="#[1e0]">&gt;&gt;</a>&nbsp;&nbsp;&nbsp;ADC_InjectedSequencerLengthConfig
<LI><a href="#[1df]">&gt;&gt;</a>&nbsp;&nbsp;&nbsp;ADC_InjectedChannelConfig
<LI><a href="#[1de]">&gt;&gt;</a>&nbsp;&nbsp;&nbsp;ADC_MultiModeDMARequestAfterLastTransferCmd
<LI><a href="#[1dd]">&gt;&gt;</a>&nbsp;&nbsp;&nbsp;ADC_GetConversionValue
<LI><a href="#[1dc]">&gt;&gt;</a>&nbsp;&nbsp;&nbsp;ADC_DiscModeCmd
<LI><a href="#[1db]">&gt;&gt;</a>&nbsp;&nbsp;&nbsp;ADC_DiscModeChannelCountConfig
<LI><a href="#[1da]">&gt;&gt;</a>&nbsp;&nbsp;&nbsp;ADC_ContinuousModeCmd
<LI><a href="#[1d9]">&gt;&gt;</a>&nbsp;&nbsp;&nbsp;ADC_EOCOnEachRegularChannelCmd
<LI><a href="#[1d8]">&gt;&gt;</a>&nbsp;&nbsp;&nbsp;ADC_GetSoftwareStartConvStatus
<LI><a href="#[1d7]">&gt;&gt;</a>&nbsp;&nbsp;&nbsp;ADC_VBATCmd
<LI><a href="#[1d6]">&gt;&gt;</a>&nbsp;&nbsp;&nbsp;ADC_TempSensorVrefintCmd
<LI><a href="#[1d5]">&gt;&gt;</a>&nbsp;&nbsp;&nbsp;ADC_AnalogWatchdogSingleChannelConfig
<LI><a href="#[1d4]">&gt;&gt;</a>&nbsp;&nbsp;&nbsp;ADC_AnalogWatchdogThresholdsConfig
<LI><a href="#[1d3]">&gt;&gt;</a>&nbsp;&nbsp;&nbsp;ADC_AnalogWatchdogCmd
<LI><a href="#[1d0]">&gt;&gt;</a>&nbsp;&nbsp;&nbsp;NVIC_SystemLPConfig
<LI><a href="#[1cf]">&gt;&gt;</a>&nbsp;&nbsp;&nbsp;NVIC_SetVectorTable
<LI><a href="#[1c6]">&gt;&gt;</a>&nbsp;&nbsp;&nbsp;TIM_ICInit
<LI><a href="#[1c7]">&gt;&gt;</a>&nbsp;&nbsp;&nbsp;TIM_GetCapture2
</UL>

<P><STRONG><a name="[63]"></a>main</STRONG> (Thumb, 24 bytes, Stack size 0 bytes, main.o(.text))
<BR><BR>[Stack]<UL><LI>Max Depth = 144<LI>Call Chain = main &rArr; All_Init &rArr; Drv_AdcInit &rArr; initAdcDMA &rArr; DMA_Init
</UL>
<BR>[Calls]<UL><LI><a href="#[82]">&gt;&gt;</a>&nbsp;&nbsp;&nbsp;data_init
<LI><a href="#[81]">&gt;&gt;</a>&nbsp;&nbsp;&nbsp;Scheduler_Setup
<LI><a href="#[83]">&gt;&gt;</a>&nbsp;&nbsp;&nbsp;Scheduler_Run
<LI><a href="#[80]">&gt;&gt;</a>&nbsp;&nbsp;&nbsp;All_Init
</UL>
<BR>[Address Reference Count : 1]<UL><LI> entry9a.o(.ARM.Collect$$$$0000000B)
</UL>
<P><STRONG><a name="[81]"></a>Scheduler_Setup</STRONG> (Thumb, 76 bytes, Stack size 0 bytes, ano_scheduler.o(.text))
<BR><BR>[Called By]<UL><LI><a href="#[63]">&gt;&gt;</a>&nbsp;&nbsp;&nbsp;main
</UL>

<P><STRONG><a name="[83]"></a>Scheduler_Run</STRONG> (Thumb, 76 bytes, Stack size 16 bytes, ano_scheduler.o(.text))
<BR><BR>[Stack]<UL><LI>Max Depth = 16<LI>Call Chain = Scheduler_Run
</UL>
<BR>[Calls]<UL><LI><a href="#[a7]">&gt;&gt;</a>&nbsp;&nbsp;&nbsp;SysTick_GetTick
</UL>
<BR>[Called By]<UL><LI><a href="#[63]">&gt;&gt;</a>&nbsp;&nbsp;&nbsp;main
</UL>

<P><STRONG><a name="[ae]"></a>CheckSenser</STRONG> (Thumb, 38 bytes, Stack size 8 bytes, bsp_init.o(.text))
<BR><BR>[Stack]<UL><LI>Max Depth = 40<LI>Call Chain = CheckSenser &rArr; DrvAK8975Check &rArr; ak8975_enable &rArr; GPIO_SetBits
</UL>
<BR>[Calls]<UL><LI><a href="#[b0]">&gt;&gt;</a>&nbsp;&nbsp;&nbsp;DrvAK8975Check
<LI><a href="#[af]">&gt;&gt;</a>&nbsp;&nbsp;&nbsp;DrvAK09915Check
</UL>
<BR>[Called By]<UL><LI><a href="#[80]">&gt;&gt;</a>&nbsp;&nbsp;&nbsp;All_Init
</UL>

<P><STRONG><a name="[80]"></a>All_Init</STRONG> (Thumb, 232 bytes, Stack size 8 bytes, bsp_init.o(.text))
<BR><BR>[Stack]<UL><LI>Max Depth = 144<LI>Call Chain = All_Init &rArr; Drv_AdcInit &rArr; initAdcDMA &rArr; DMA_Init
</UL>
<BR>[Calls]<UL><LI><a href="#[c1]">&gt;&gt;</a>&nbsp;&nbsp;&nbsp;Usart3_Init
<LI><a href="#[c0]">&gt;&gt;</a>&nbsp;&nbsp;&nbsp;Usart2_Init
<LI><a href="#[c2]">&gt;&gt;</a>&nbsp;&nbsp;&nbsp;Uart5_Init
<LI><a href="#[c3]">&gt;&gt;</a>&nbsp;&nbsp;&nbsp;Uart4_Init
<LI><a href="#[b2]">&gt;&gt;</a>&nbsp;&nbsp;&nbsp;SysTick_Configuration
<LI><a href="#[c8]">&gt;&gt;</a>&nbsp;&nbsp;&nbsp;Sensor_Basic_Init
<LI><a href="#[b6]">&gt;&gt;</a>&nbsp;&nbsp;&nbsp;Para_Data_Init
<LI><a href="#[b8]">&gt;&gt;</a>&nbsp;&nbsp;&nbsp;PWM_Out_Init
<LI><a href="#[b1]">&gt;&gt;</a>&nbsp;&nbsp;&nbsp;NVIC_PriorityGroupConfig
<LI><a href="#[ca]">&gt;&gt;</a>&nbsp;&nbsp;&nbsp;ImuSensitivityInit
<LI><a href="#[b5]">&gt;&gt;</a>&nbsp;&nbsp;&nbsp;Flash_Init
<LI><a href="#[bf]">&gt;&gt;</a>&nbsp;&nbsp;&nbsp;Drv_Spl0601_Init
<LI><a href="#[bb]">&gt;&gt;</a>&nbsp;&nbsp;&nbsp;Drv_SPL06CSPin_Init
<LI><a href="#[b9]">&gt;&gt;</a>&nbsp;&nbsp;&nbsp;Drv_SPI2_init
<LI><a href="#[b4]">&gt;&gt;</a>&nbsp;&nbsp;&nbsp;Drv_LED_Init
<LI><a href="#[c7]">&gt;&gt;</a>&nbsp;&nbsp;&nbsp;Drv_HeatingInit
<LI><a href="#[c6]">&gt;&gt;</a>&nbsp;&nbsp;&nbsp;Drv_GpsPin_Init
<LI><a href="#[c4]">&gt;&gt;</a>&nbsp;&nbsp;&nbsp;Drv_AdcInit
<LI><a href="#[ba]">&gt;&gt;</a>&nbsp;&nbsp;&nbsp;Drv_AK8975CSPin_Init
<LI><a href="#[b7]">&gt;&gt;</a>&nbsp;&nbsp;&nbsp;DrvRcInputInit
<LI><a href="#[bc]">&gt;&gt;</a>&nbsp;&nbsp;&nbsp;DrvGpioSenser088CsPinInit
<LI><a href="#[bd]">&gt;&gt;</a>&nbsp;&nbsp;&nbsp;DrvBmi088Init
<LI><a href="#[be]">&gt;&gt;</a>&nbsp;&nbsp;&nbsp;DrvAk09915Init
<LI><a href="#[b3]">&gt;&gt;</a>&nbsp;&nbsp;&nbsp;Delay_ms
<LI><a href="#[cb]">&gt;&gt;</a>&nbsp;&nbsp;&nbsp;AnoDTSendStr
<LI><a href="#[c5]">&gt;&gt;</a>&nbsp;&nbsp;&nbsp;All_PID_Init
<LI><a href="#[c9]">&gt;&gt;</a>&nbsp;&nbsp;&nbsp;ANO_DT_Init
<LI><a href="#[ae]">&gt;&gt;</a>&nbsp;&nbsp;&nbsp;CheckSenser
<LI><a href="#[75]">&gt;&gt;</a>&nbsp;&nbsp;&nbsp;Usb_Hid_Init
</UL>
<BR>[Called By]<UL><LI><a href="#[63]">&gt;&gt;</a>&nbsp;&nbsp;&nbsp;main
</UL>

<P><STRONG><a name="[cc]"></a>DrvGpioCsPinCtrlBmi088Acc</STRONG> (Thumb, 26 bytes, Stack size 8 bytes, bsp_init.o(.text))
<BR><BR>[Stack]<UL><LI>Max Depth = 24<LI>Call Chain = DrvGpioCsPinCtrlBmi088Acc &rArr; GPIO_SetBits
</UL>
<BR>[Calls]<UL><LI><a href="#[ce]">&gt;&gt;</a>&nbsp;&nbsp;&nbsp;GPIO_SetBits
<LI><a href="#[cd]">&gt;&gt;</a>&nbsp;&nbsp;&nbsp;GPIO_ResetBits
</UL>
<BR>[Called By]<UL><LI><a href="#[1ba]">&gt;&gt;</a>&nbsp;&nbsp;&nbsp;bmi088_acc_enable
</UL>

<P><STRONG><a name="[cf]"></a>DrvGpioCsPinCtrlBmi088Gyr</STRONG> (Thumb, 30 bytes, Stack size 8 bytes, bsp_init.o(.text))
<BR><BR>[Stack]<UL><LI>Max Depth = 24<LI>Call Chain = DrvGpioCsPinCtrlBmi088Gyr &rArr; GPIO_SetBits
</UL>
<BR>[Calls]<UL><LI><a href="#[ce]">&gt;&gt;</a>&nbsp;&nbsp;&nbsp;GPIO_SetBits
<LI><a href="#[cd]">&gt;&gt;</a>&nbsp;&nbsp;&nbsp;GPIO_ResetBits
</UL>
<BR>[Called By]<UL><LI><a href="#[1bb]">&gt;&gt;</a>&nbsp;&nbsp;&nbsp;bmi088_gyr_enable
</UL>

<P><STRONG><a name="[c9]"></a>ANO_DT_Init</STRONG> (Thumb, 136 bytes, Stack size 0 bytes, ano_dt.o(.text))
<BR><BR>[Called By]<UL><LI><a href="#[80]">&gt;&gt;</a>&nbsp;&nbsp;&nbsp;All_Init
</UL>

<P><STRONG><a name="[d0]"></a>ANO_DT_Send_Data</STRONG> (Thumb, 38 bytes, Stack size 16 bytes, ano_dt.o(.text))
<BR><BR>[Stack]<UL><LI>Max Depth = 64<LI>Call Chain = ANO_DT_Send_Data &rArr; Uart5_Send &rArr; USART_ITConfig
</UL>
<BR>[Calls]<UL><LI><a href="#[d2]">&gt;&gt;</a>&nbsp;&nbsp;&nbsp;Uart5_Send
<LI><a href="#[d1]">&gt;&gt;</a>&nbsp;&nbsp;&nbsp;Usb_Hid_Adddata
</UL>
<BR>[Called By]<UL><LI><a href="#[d5]">&gt;&gt;</a>&nbsp;&nbsp;&nbsp;OtherSendDataCheck
<LI><a href="#[d3]">&gt;&gt;</a>&nbsp;&nbsp;&nbsp;DTFrameSend
</UL>

<P><STRONG><a name="[d6]"></a>CheckDotWts</STRONG> (Thumb, 108 bytes, Stack size 24 bytes, ano_dt.o(.text))
<BR><BR>[Stack]<UL><LI>Max Depth = 120<LI>Call Chain = CheckDotWts &rArr; DTFrameSend &rArr; ANO_DT_Send_Data &rArr; Uart5_Send &rArr; USART_ITConfig
</UL>
<BR>[Calls]<UL><LI><a href="#[d3]">&gt;&gt;</a>&nbsp;&nbsp;&nbsp;DTFrameSend
</UL>
<BR>[Called By]<UL><LI><a href="#[8d]">&gt;&gt;</a>&nbsp;&nbsp;&nbsp;ANO_DT_Task1Ms
</UL>

<P><STRONG><a name="[cb]"></a>AnoDTSendStr</STRONG> (Thumb, 162 bytes, Stack size 40 bytes, ano_dt.o(.text))
<BR><BR>[Stack]<UL><LI>Max Depth = 60<LI>Call Chain = AnoDTSendStr &rArr; OtherSendDataAdd
</UL>
<BR>[Calls]<UL><LI><a href="#[d8]">&gt;&gt;</a>&nbsp;&nbsp;&nbsp;OtherSendDataAdd
</UL>
<BR>[Called By]<UL><LI><a href="#[e4]">&gt;&gt;</a>&nbsp;&nbsp;&nbsp;unlock
<LI><a href="#[df]">&gt;&gt;</a>&nbsp;&nbsp;&nbsp;Parame_Reset
<LI><a href="#[dd]">&gt;&gt;</a>&nbsp;&nbsp;&nbsp;PID_Rest
<LI><a href="#[ac]">&gt;&gt;</a>&nbsp;&nbsp;&nbsp;Thermostatic_Ctrl_Task
<LI><a href="#[a3]">&gt;&gt;</a>&nbsp;&nbsp;&nbsp;FlyCtrl_Task
<LI><a href="#[8a]">&gt;&gt;</a>&nbsp;&nbsp;&nbsp;Flight_State_Task
<LI><a href="#[ad]">&gt;&gt;</a>&nbsp;&nbsp;&nbsp;Ano_Parame_Write_task
<LI><a href="#[80]">&gt;&gt;</a>&nbsp;&nbsp;&nbsp;All_Init
</UL>

<P><STRONG><a name="[db]"></a>AnoDTSendF1</STRONG> (Thumb, 142 bytes, Stack size 32 bytes, ano_dt.o(.text), UNUSED)
<BR><BR>[Calls]<UL><LI><a href="#[d8]">&gt;&gt;</a>&nbsp;&nbsp;&nbsp;OtherSendDataAdd
</UL>

<P><STRONG><a name="[e1]"></a>AnoDTRxOneByte</STRONG> (Thumb, 666 bytes, Stack size 16 bytes, ano_dt.o(.text))
<BR><BR>[Stack]<UL><LI>Max Depth = 116<LI>Call Chain = AnoDTRxOneByte &rArr; AnoDTDataAnl &rArr; Parame_Reset &rArr; AnoDTSendStr &rArr; OtherSendDataAdd
</UL>
<BR>[Calls]<UL><LI><a href="#[dc]">&gt;&gt;</a>&nbsp;&nbsp;&nbsp;AnoDTDataAnl
</UL>
<BR>[Called By]<UL><LI><a href="#[e2]">&gt;&gt;</a>&nbsp;&nbsp;&nbsp;AnoDTRxOneByteUart
<LI><a href="#[7b]">&gt;&gt;</a>&nbsp;&nbsp;&nbsp;AnoDTRxOneByteUsb
</UL>

<P><STRONG><a name="[e2]"></a>AnoDTRxOneByteUart</STRONG> (Thumb, 14 bytes, Stack size 8 bytes, ano_dt.o(.text))
<BR><BR>[Stack]<UL><LI>Max Depth = 124<LI>Call Chain = AnoDTRxOneByteUart &rArr; AnoDTRxOneByte &rArr; AnoDTDataAnl &rArr; Parame_Reset &rArr; AnoDTSendStr &rArr; OtherSendDataAdd
</UL>
<BR>[Calls]<UL><LI><a href="#[e1]">&gt;&gt;</a>&nbsp;&nbsp;&nbsp;AnoDTRxOneByte
</UL>
<BR>[Called By]<UL><LI><a href="#[73]">&gt;&gt;</a>&nbsp;&nbsp;&nbsp;Uart5_IRQ
</UL>

<P><STRONG><a name="[7b]"></a>AnoDTRxOneByteUsb</STRONG> (Thumb, 14 bytes, Stack size 8 bytes, ano_dt.o(.text))
<BR><BR>[Stack]<UL><LI>Max Depth = 124<LI>Call Chain = AnoDTRxOneByteUsb &rArr; AnoDTRxOneByte &rArr; AnoDTDataAnl &rArr; Parame_Reset &rArr; AnoDTSendStr &rArr; OtherSendDataAdd
</UL>
<BR>[Calls]<UL><LI><a href="#[e1]">&gt;&gt;</a>&nbsp;&nbsp;&nbsp;AnoDTRxOneByte
</UL>
<BR>[Called By]<UL><LI><a href="#[7a]">&gt;&gt;</a>&nbsp;&nbsp;&nbsp;usbd_hid_set_report
</UL>

<P><STRONG><a name="[8d]"></a>ANO_DT_Task1Ms</STRONG> (Thumb, 86 bytes, Stack size 8 bytes, ano_dt.o(.text))
<BR><BR>[Stack]<UL><LI>Max Depth = 128<LI>Call Chain = ANO_DT_Task1Ms &rArr; CheckDotWts &rArr; DTFrameSend &rArr; ANO_DT_Send_Data &rArr; Uart5_Send &rArr; USART_ITConfig
</UL>
<BR>[Calls]<UL><LI><a href="#[d6]">&gt;&gt;</a>&nbsp;&nbsp;&nbsp;CheckDotWts
<LI><a href="#[e3]">&gt;&gt;</a>&nbsp;&nbsp;&nbsp;CheckDotMs
<LI><a href="#[d5]">&gt;&gt;</a>&nbsp;&nbsp;&nbsp;OtherSendDataCheck
<LI><a href="#[78]">&gt;&gt;</a>&nbsp;&nbsp;&nbsp;Usb_Hid_Send
</UL>
<BR>[Called By]<UL><LI><a href="#[0]">&gt;&gt;</a>&nbsp;&nbsp;&nbsp;Loop_1000Hz
</UL>

<P><STRONG><a name="[e5]"></a>stick_function_check_longpress</STRONG> (Thumb, 38 bytes, Stack size 16 bytes, ano_rc.o(.text))
<BR><BR>[Stack]<UL><LI>Max Depth = 16<LI>Call Chain = stick_function_check_longpress
</UL>
<BR>[Called By]<UL><LI><a href="#[e6]">&gt;&gt;</a>&nbsp;&nbsp;&nbsp;stick_function
<LI><a href="#[e4]">&gt;&gt;</a>&nbsp;&nbsp;&nbsp;unlock
</UL>

<P><STRONG><a name="[e4]"></a>unlock</STRONG> (Thumb, 576 bytes, Stack size 24 bytes, ano_rc.o(.text))
<BR><BR>[Stack]<UL><LI>Max Depth = 84<LI>Call Chain = unlock &rArr; AnoDTSendStr &rArr; OtherSendDataAdd
</UL>
<BR>[Calls]<UL><LI><a href="#[e5]">&gt;&gt;</a>&nbsp;&nbsp;&nbsp;stick_function_check_longpress
<LI><a href="#[cb]">&gt;&gt;</a>&nbsp;&nbsp;&nbsp;AnoDTSendStr
</UL>
<BR>[Called By]<UL><LI><a href="#[95]">&gt;&gt;</a>&nbsp;&nbsp;&nbsp;RC_duty_task
</UL>

<P><STRONG><a name="[e8]"></a>fail_safe</STRONG> (Thumb, 80 bytes, Stack size 0 bytes, ano_rc.o(.text))
<BR><BR>[Called By]<UL><LI><a href="#[95]">&gt;&gt;</a>&nbsp;&nbsp;&nbsp;RC_duty_task
</UL>

<P><STRONG><a name="[e7]"></a>stick_function_check</STRONG> (Thumb, 66 bytes, Stack size 20 bytes, ano_rc.o(.text))
<BR><BR>[Stack]<UL><LI>Max Depth = 20<LI>Call Chain = stick_function_check
</UL>
<BR>[Called By]<UL><LI><a href="#[e6]">&gt;&gt;</a>&nbsp;&nbsp;&nbsp;stick_function
</UL>

<P><STRONG><a name="[e6]"></a>stick_function</STRONG> (Thumb, 452 bytes, Stack size 20 bytes, ano_rc.o(.text))
<BR><BR>[Stack]<UL><LI>Max Depth = 40<LI>Call Chain = stick_function &rArr; stick_function_check
</UL>
<BR>[Calls]<UL><LI><a href="#[e7]">&gt;&gt;</a>&nbsp;&nbsp;&nbsp;stick_function_check
<LI><a href="#[e5]">&gt;&gt;</a>&nbsp;&nbsp;&nbsp;stick_function_check_longpress
</UL>
<BR>[Called By]<UL><LI><a href="#[95]">&gt;&gt;</a>&nbsp;&nbsp;&nbsp;RC_duty_task
</UL>

<P><STRONG><a name="[95]"></a>RC_duty_task</STRONG> (Thumb, 130 bytes, Stack size 8 bytes, ano_rc.o(.text))
<BR><BR>[Stack]<UL><LI>Max Depth = 92<LI>Call Chain = RC_duty_task &rArr; unlock &rArr; AnoDTSendStr &rArr; OtherSendDataAdd
</UL>
<BR>[Calls]<UL><LI><a href="#[e6]">&gt;&gt;</a>&nbsp;&nbsp;&nbsp;stick_function
<LI><a href="#[e8]">&gt;&gt;</a>&nbsp;&nbsp;&nbsp;fail_safe
<LI><a href="#[e4]">&gt;&gt;</a>&nbsp;&nbsp;&nbsp;unlock
</UL>
<BR>[Called By]<UL><LI><a href="#[3]">&gt;&gt;</a>&nbsp;&nbsp;&nbsp;Loop_100Hz
</UL>

<P><STRONG><a name="[9a]"></a>AnoOF_Check_State</STRONG> (Thumb, 180 bytes, Stack size 8 bytes, ano_of.o(.text))
<BR><BR>[Stack]<UL><LI>Max Depth = 8<LI>Call Chain = AnoOF_Check_State
</UL>
<BR>[Called By]<UL><LI><a href="#[3]">&gt;&gt;</a>&nbsp;&nbsp;&nbsp;Loop_100Hz
</UL>

<P><STRONG><a name="[e9]"></a>AnoOF_GetOneByte</STRONG> (Thumb, 268 bytes, Stack size 8 bytes, ano_of.o(.text))
<BR><BR>[Stack]<UL><LI>Max Depth = 20<LI>Call Chain = AnoOF_GetOneByte &rArr; AnoOF_DataAnl
</UL>
<BR>[Calls]<UL><LI><a href="#[ea]">&gt;&gt;</a>&nbsp;&nbsp;&nbsp;AnoOF_DataAnl
</UL>
<BR>[Called By]<UL><LI><a href="#[72]">&gt;&gt;</a>&nbsp;&nbsp;&nbsp;Uart4_IRQ
</UL>

<P><STRONG><a name="[2e0]"></a>FlyCtrlDataAnl</STRONG> (Thumb, 32 bytes, Stack size 0 bytes, ano_flyctrl.o(.text), UNUSED)

<P><STRONG><a name="[eb]"></a>FlyCtrlReset</STRONG> (Thumb, 98 bytes, Stack size 0 bytes, ano_flyctrl.o(.text))
<BR><BR>[Called By]<UL><LI><a href="#[a3]">&gt;&gt;</a>&nbsp;&nbsp;&nbsp;FlyCtrl_Task
</UL>

<P><STRONG><a name="[a3]"></a>FlyCtrl_Task</STRONG> (Thumb, 2304 bytes, Stack size 8 bytes, ano_flyctrl.o(.text))
<BR><BR>[Stack]<UL><LI>Max Depth = 68<LI>Call Chain = FlyCtrl_Task &rArr; AnoDTSendStr &rArr; OtherSendDataAdd
</UL>
<BR>[Calls]<UL><LI><a href="#[cb]">&gt;&gt;</a>&nbsp;&nbsp;&nbsp;AnoDTSendStr
<LI><a href="#[ef]">&gt;&gt;</a>&nbsp;&nbsp;&nbsp;w2h_2d_trans
<LI><a href="#[ec]">&gt;&gt;</a>&nbsp;&nbsp;&nbsp;one_key_take_off
<LI><a href="#[ed]">&gt;&gt;</a>&nbsp;&nbsp;&nbsp;one_key_land
<LI><a href="#[ee]">&gt;&gt;</a>&nbsp;&nbsp;&nbsp;h2w_2d_trans
<LI><a href="#[eb]">&gt;&gt;</a>&nbsp;&nbsp;&nbsp;FlyCtrlReset
</UL>
<BR>[Called By]<UL><LI><a href="#[4]">&gt;&gt;</a>&nbsp;&nbsp;&nbsp;Loop_50Hz
</UL>

<P><STRONG><a name="[2e1]"></a>Ano_UWB_Get_Byte</STRONG> (Thumb, 250 bytes, Stack size 0 bytes, ano_uwb.o(.text), UNUSED)

<P><STRONG><a name="[90]"></a>Ano_UWB_Get_Data_Task</STRONG> (Thumb, 352 bytes, Stack size 0 bytes, ano_uwb.o(.text))
<BR><BR>[Called By]<UL><LI><a href="#[1]">&gt;&gt;</a>&nbsp;&nbsp;&nbsp;Loop_500Hz
</UL>

<P><STRONG><a name="[f0]"></a>Ano_UWB_Data_Calcu_Task</STRONG> (Thumb, 82 bytes, Stack size 8 bytes, ano_uwb.o(.text), UNUSED)
<BR><BR>[Calls]<UL><LI><a href="#[ee]">&gt;&gt;</a>&nbsp;&nbsp;&nbsp;h2w_2d_trans
</UL>

<P><STRONG><a name="[a0]"></a>Program_Ctrl_User_Set_HXYcmps</STRONG> (Thumb, 42 bytes, Stack size 16 bytes, ano_programctrl_user.o(.text))
<BR><BR>[Stack]<UL><LI>Max Depth = 28<LI>Call Chain = Program_Ctrl_User_Set_HXYcmps &rArr; length_limit &rArr; my_sqrt
</UL>
<BR>[Calls]<UL><LI><a href="#[f1]">&gt;&gt;</a>&nbsp;&nbsp;&nbsp;length_limit
</UL>
<BR>[Called By]<UL><LI><a href="#[a9]">&gt;&gt;</a>&nbsp;&nbsp;&nbsp;task_1
<LI><a href="#[9d]">&gt;&gt;</a>&nbsp;&nbsp;&nbsp;ct_state_task1
<LI><a href="#[4]">&gt;&gt;</a>&nbsp;&nbsp;&nbsp;Loop_50Hz
<LI><a href="#[9c]">&gt;&gt;</a>&nbsp;&nbsp;&nbsp;h_d_hold
</UL>

<P><STRONG><a name="[11e]"></a>Program_Ctrl_User_Set_Zcmps</STRONG> (Thumb, 70 bytes, Stack size 0 bytes, ano_programctrl_user.o(.text))
<BR><BR>[Called By]<UL><LI><a href="#[a8]">&gt;&gt;</a>&nbsp;&nbsp;&nbsp;alt_hold
</UL>

<P><STRONG><a name="[9f]"></a>Program_Ctrl_User_Set_YAWdps</STRONG> (Thumb, 70 bytes, Stack size 0 bytes, ano_programctrl_user.o(.text))
<BR><BR>[Called By]<UL><LI><a href="#[aa]">&gt;&gt;</a>&nbsp;&nbsp;&nbsp;task_2
<LI><a href="#[a9]">&gt;&gt;</a>&nbsp;&nbsp;&nbsp;task_1
<LI><a href="#[9d]">&gt;&gt;</a>&nbsp;&nbsp;&nbsp;ct_state_task1
<LI><a href="#[4]">&gt;&gt;</a>&nbsp;&nbsp;&nbsp;Loop_50Hz
<LI><a href="#[9c]">&gt;&gt;</a>&nbsp;&nbsp;&nbsp;h_d_hold
</UL>

<P><STRONG><a name="[8c]"></a>ANO_OF_Data_Prepare_Task</STRONG> (Thumb, 58 bytes, Stack size 16 bytes, ano_of_decofusion.o(.text))
<BR><BR>[Stack]<UL><LI>Max Depth = 24<LI>Call Chain = ANO_OF_Data_Prepare_Task &rArr; ANO_OF_Data_Get
</UL>
<BR>[Calls]<UL><LI><a href="#[f2]">&gt;&gt;</a>&nbsp;&nbsp;&nbsp;ANO_OF_Data_Get
<LI><a href="#[f3]">&gt;&gt;</a>&nbsp;&nbsp;&nbsp;OF_INS_Get
</UL>
<BR>[Called By]<UL><LI><a href="#[0]">&gt;&gt;</a>&nbsp;&nbsp;&nbsp;Loop_1000Hz
</UL>

<P><STRONG><a name="[a4]"></a>ANO_OFDF_Task</STRONG> (Thumb, 24 bytes, Stack size 8 bytes, ano_of_decofusion.o(.text))
<BR><BR>[Stack]<UL><LI>Max Depth = 32<LI>Call Chain = ANO_OFDF_Task &rArr; ANO_OF_Fusion
</UL>
<BR>[Calls]<UL><LI><a href="#[f6]">&gt;&gt;</a>&nbsp;&nbsp;&nbsp;OF_State
<LI><a href="#[f7]">&gt;&gt;</a>&nbsp;&nbsp;&nbsp;ANO_OF_Decouple
<LI><a href="#[f4]">&gt;&gt;</a>&nbsp;&nbsp;&nbsp;ANO_OF_Fusion
</UL>
<BR>[Called By]<UL><LI><a href="#[4]">&gt;&gt;</a>&nbsp;&nbsp;&nbsp;Loop_50Hz
</UL>

<P><STRONG><a name="[9d]"></a>ct_state_task1</STRONG> (Thumb, 92 bytes, Stack size 8 bytes, task.o(.text))
<BR><BR>[Stack]<UL><LI>Max Depth = 36<LI>Call Chain = ct_state_task1 &rArr; Program_Ctrl_User_Set_HXYcmps &rArr; length_limit &rArr; my_sqrt
</UL>
<BR>[Calls]<UL><LI><a href="#[9f]">&gt;&gt;</a>&nbsp;&nbsp;&nbsp;Program_Ctrl_User_Set_YAWdps
<LI><a href="#[a0]">&gt;&gt;</a>&nbsp;&nbsp;&nbsp;Program_Ctrl_User_Set_HXYcmps
</UL>
<BR>[Called By]<UL><LI><a href="#[a9]">&gt;&gt;</a>&nbsp;&nbsp;&nbsp;task_1
<LI><a href="#[9c]">&gt;&gt;</a>&nbsp;&nbsp;&nbsp;h_d_hold
</UL>

<P><STRONG><a name="[f8]"></a>PID_realize</STRONG> (Thumb, 596 bytes, Stack size 56 bytes, task.o(.text))
<BR><BR>[Stack]<UL><LI>Max Depth = 144<LI>Call Chain = PID_realize &rArr; __aeabi_dmul &rArr; _double_epilogue &rArr; _double_round
</UL>
<BR>[Calls]<UL><LI><a href="#[f9]">&gt;&gt;</a>&nbsp;&nbsp;&nbsp;__aeabi_f2d
<LI><a href="#[fa]">&gt;&gt;</a>&nbsp;&nbsp;&nbsp;__aeabi_dmul
<LI><a href="#[fb]">&gt;&gt;</a>&nbsp;&nbsp;&nbsp;__aeabi_d2f
</UL>
<BR>[Called By]<UL><LI><a href="#[9e]">&gt;&gt;</a>&nbsp;&nbsp;&nbsp;ult_distance_hold
</UL>

<P><STRONG><a name="[fc]"></a>get_yaw</STRONG> (Thumb, 26 bytes, Stack size 0 bytes, task.o(.text))
<BR><BR>[Called By]<UL><LI><a href="#[a9]">&gt;&gt;</a>&nbsp;&nbsp;&nbsp;task_1
</UL>

<P><STRONG><a name="[a9]"></a>task_1</STRONG> (Thumb, 484 bytes, Stack size 8 bytes, task.o(.text))
<BR><BR>[Stack]<UL><LI>Max Depth = 176<LI>Call Chain = task_1 &rArr; ult_distance_hold &rArr; PID_realize &rArr; __aeabi_dmul &rArr; _double_epilogue &rArr; _double_round
</UL>
<BR>[Calls]<UL><LI><a href="#[9e]">&gt;&gt;</a>&nbsp;&nbsp;&nbsp;ult_distance_hold
<LI><a href="#[9d]">&gt;&gt;</a>&nbsp;&nbsp;&nbsp;ct_state_task1
<LI><a href="#[a7]">&gt;&gt;</a>&nbsp;&nbsp;&nbsp;SysTick_GetTick
<LI><a href="#[9f]">&gt;&gt;</a>&nbsp;&nbsp;&nbsp;Program_Ctrl_User_Set_YAWdps
<LI><a href="#[a0]">&gt;&gt;</a>&nbsp;&nbsp;&nbsp;Program_Ctrl_User_Set_HXYcmps
<LI><a href="#[fc]">&gt;&gt;</a>&nbsp;&nbsp;&nbsp;get_yaw
</UL>
<BR>[Called By]<UL><LI><a href="#[4]">&gt;&gt;</a>&nbsp;&nbsp;&nbsp;Loop_50Hz
</UL>

<P><STRONG><a name="[aa]"></a>task_2</STRONG> (Thumb, 168 bytes, Stack size 16 bytes, task.o(.text))
<BR><BR>[Stack]<UL><LI>Max Depth = 64<LI>Call Chain = task_2 &rArr; Usart3_Send &rArr; USART_ITConfig
</UL>
<BR>[Calls]<UL><LI><a href="#[a7]">&gt;&gt;</a>&nbsp;&nbsp;&nbsp;SysTick_GetTick
<LI><a href="#[9f]">&gt;&gt;</a>&nbsp;&nbsp;&nbsp;Program_Ctrl_User_Set_YAWdps
<LI><a href="#[fd]">&gt;&gt;</a>&nbsp;&nbsp;&nbsp;Usart3_Send
</UL>
<BR>[Called By]<UL><LI><a href="#[4]">&gt;&gt;</a>&nbsp;&nbsp;&nbsp;Loop_50Hz
</UL>

<P><STRONG><a name="[de]"></a>data_save</STRONG> (Thumb, 22 bytes, Stack size 0 bytes, ano_fcdata.o(.text))
<BR><BR>[Called By]<UL><LI><a href="#[e0]">&gt;&gt;</a>&nbsp;&nbsp;&nbsp;AnoParWrite
<LI><a href="#[dc]">&gt;&gt;</a>&nbsp;&nbsp;&nbsp;AnoDTDataAnl
<LI><a href="#[12c]">&gt;&gt;</a>&nbsp;&nbsp;&nbsp;Mag_Data_Deal_Task
<LI><a href="#[132]">&gt;&gt;</a>&nbsp;&nbsp;&nbsp;ImuServices_1ms_c
</UL>

<P><STRONG><a name="[b6]"></a>Para_Data_Init</STRONG> (Thumb, 8 bytes, Stack size 8 bytes, ano_fcdata.o(.text))
<BR><BR>[Stack]<UL><LI>Max Depth = 96<LI>Call Chain = Para_Data_Init &rArr; Ano_Parame_Read &rArr; Ano_Parame_Write &rArr; Flash_SectorsWrite &rArr; Flash_PageWrite &rArr; Flash_WaitForEnd &rArr; Flash_SendByte &rArr; SPI_I2S_SendData
</UL>
<BR>[Calls]<UL><LI><a href="#[fe]">&gt;&gt;</a>&nbsp;&nbsp;&nbsp;Ano_Parame_Read
</UL>
<BR>[Called By]<UL><LI><a href="#[80]">&gt;&gt;</a>&nbsp;&nbsp;&nbsp;All_Init
</UL>

<P><STRONG><a name="[82]"></a>data_init</STRONG> (Thumb, 22 bytes, Stack size 0 bytes, ano_fcdata.o(.text))
<BR><BR>[Called By]<UL><LI><a href="#[63]">&gt;&gt;</a>&nbsp;&nbsp;&nbsp;main
</UL>

<P><STRONG><a name="[117]"></a>inte_fix_filter</STRONG> (Thumb, 138 bytes, Stack size 0 bytes, ano_filter.o(.text))
<BR><BR>[Called By]<UL><LI><a href="#[116]">&gt;&gt;</a>&nbsp;&nbsp;&nbsp;WCZ_Data_Calc
</UL>

<P><STRONG><a name="[118]"></a>fix_inte_filter</STRONG> (Thumb, 128 bytes, Stack size 0 bytes, ano_filter.o(.text))
<BR><BR>[Called By]<UL><LI><a href="#[116]">&gt;&gt;</a>&nbsp;&nbsp;&nbsp;WCZ_Data_Calc
</UL>

<P><STRONG><a name="[2e2]"></a>limit_filter</STRONG> (Thumb, 138 bytes, Stack size 0 bytes, ano_filter.o(.text), UNUSED)

<P><STRONG><a name="[2e3]"></a>limit_filter_2</STRONG> (Thumb, 138 bytes, Stack size 0 bytes, ano_filter.o(.text), UNUSED)

<P><STRONG><a name="[2e4]"></a>limit_filter_3</STRONG> (Thumb, 142 bytes, Stack size 0 bytes, ano_filter.o(.text), UNUSED)

<P><STRONG><a name="[2e5]"></a>steepest_descend</STRONG> (Thumb, 440 bytes, Stack size 40 bytes, ano_filter.o(.text), UNUSED)

<P><STRONG><a name="[2e6]"></a>fir_arrange_filter</STRONG> (Thumb, 164 bytes, Stack size 16 bytes, ano_filter.o(.text), UNUSED)

<P><STRONG><a name="[2e7]"></a>Moving_Average</STRONG> (Thumb, 150 bytes, Stack size 12 bytes, ano_filter.o(.text), UNUSED)

<P><STRONG><a name="[2e8]"></a>LPF_1</STRONG> (Thumb, 58 bytes, Stack size 0 bytes, ano_filter.o(.text), UNUSED)

<P><STRONG><a name="[ff]"></a>LPF_1_db</STRONG> (Thumb, 144 bytes, Stack size 56 bytes, ano_filter.o(.text), UNUSED)
<BR><BR>[Calls]<UL><LI><a href="#[100]">&gt;&gt;</a>&nbsp;&nbsp;&nbsp;__aeabi_dsub
<LI><a href="#[101]">&gt;&gt;</a>&nbsp;&nbsp;&nbsp;__aeabi_dadd
<LI><a href="#[f9]">&gt;&gt;</a>&nbsp;&nbsp;&nbsp;__aeabi_f2d
<LI><a href="#[fa]">&gt;&gt;</a>&nbsp;&nbsp;&nbsp;__aeabi_dmul
</UL>

<P><STRONG><a name="[2e9]"></a>step_filter</STRONG> (Thumb, 74 bytes, Stack size 0 bytes, ano_filter.o(.text), UNUSED)

<P><STRONG><a name="[2ea]"></a>my_hpf_limited</STRONG> (Thumb, 122 bytes, Stack size 0 bytes, ano_filter.o(.text), UNUSED)

<P><STRONG><a name="[102]"></a>simple_3d_trans</STRONG> (Thumb, 240 bytes, Stack size 16 bytes, ano_filter.o(.text), UNUSED)
<BR><BR>[Calls]<UL><LI><a href="#[103]">&gt;&gt;</a>&nbsp;&nbsp;&nbsp;my_sqrt
</UL>
<BR>[Called By]<UL><LI><a href="#[104]">&gt;&gt;</a>&nbsp;&nbsp;&nbsp;vec_3dh_transition
</UL>

<P><STRONG><a name="[104]"></a>vec_3dh_transition</STRONG> (Thumb, 20 bytes, Stack size 16 bytes, ano_filter.o(.text), UNUSED)
<BR><BR>[Calls]<UL><LI><a href="#[102]">&gt;&gt;</a>&nbsp;&nbsp;&nbsp;simple_3d_trans
</UL>

<P><STRONG><a name="[2eb]"></a>vec_3dh_transition_matrix</STRONG> (Thumb, 2 bytes, Stack size 0 bytes, ano_filter.o(.text), UNUSED)

<P><STRONG><a name="[ef]"></a>w2h_2d_trans</STRONG> (Thumb, 62 bytes, Stack size 0 bytes, ano_imu.o(.text))
<BR><BR>[Called By]<UL><LI><a href="#[a5]">&gt;&gt;</a>&nbsp;&nbsp;&nbsp;Loc_1level_Ctrl
<LI><a href="#[a3]">&gt;&gt;</a>&nbsp;&nbsp;&nbsp;FlyCtrl_Task
<LI><a href="#[105]">&gt;&gt;</a>&nbsp;&nbsp;&nbsp;IMU_update
<LI><a href="#[f4]">&gt;&gt;</a>&nbsp;&nbsp;&nbsp;ANO_OF_Fusion
</UL>

<P><STRONG><a name="[ee]"></a>h2w_2d_trans</STRONG> (Thumb, 62 bytes, Stack size 0 bytes, ano_imu.o(.text))
<BR><BR>[Called By]<UL><LI><a href="#[a5]">&gt;&gt;</a>&nbsp;&nbsp;&nbsp;Loc_1level_Ctrl
<LI><a href="#[a3]">&gt;&gt;</a>&nbsp;&nbsp;&nbsp;FlyCtrl_Task
<LI><a href="#[f4]">&gt;&gt;</a>&nbsp;&nbsp;&nbsp;ANO_OF_Fusion
<LI><a href="#[f0]">&gt;&gt;</a>&nbsp;&nbsp;&nbsp;Ano_UWB_Data_Calcu_Task
</UL>

<P><STRONG><a name="[107]"></a>a2w_3d_trans</STRONG> (Thumb, 86 bytes, Stack size 12 bytes, ano_imu.o(.text))
<BR><BR>[Stack]<UL><LI>Max Depth = 12<LI>Call Chain = a2w_3d_trans
</UL>
<BR>[Called By]<UL><LI><a href="#[105]">&gt;&gt;</a>&nbsp;&nbsp;&nbsp;IMU_update
</UL>

<P><STRONG><a name="[105]"></a>IMU_update</STRONG> (Thumb, 2428 bytes, Stack size 72 bytes, ano_imu.o(.text))
<BR><BR>[Stack]<UL><LI>Max Depth = 84<LI>Call Chain = IMU_update &rArr; a2w_3d_trans
</UL>
<BR>[Calls]<UL><LI><a href="#[109]">&gt;&gt;</a>&nbsp;&nbsp;&nbsp;vec_2_dot_product
<LI><a href="#[108]">&gt;&gt;</a>&nbsp;&nbsp;&nbsp;vec_2_cross_product
<LI><a href="#[106]">&gt;&gt;</a>&nbsp;&nbsp;&nbsp;my_sqrt_reciprocal
<LI><a href="#[107]">&gt;&gt;</a>&nbsp;&nbsp;&nbsp;a2w_3d_trans
<LI><a href="#[ef]">&gt;&gt;</a>&nbsp;&nbsp;&nbsp;w2h_2d_trans
</UL>
<BR>[Called By]<UL><LI><a href="#[87]">&gt;&gt;</a>&nbsp;&nbsp;&nbsp;IMU_Update_Task
</UL>

<P><STRONG><a name="[91]"></a>calculate_RPY</STRONG> (Thumb, 276 bytes, Stack size 16 bytes, ano_imu.o(.text))
<BR><BR>[Stack]<UL><LI>Max Depth = 20<LI>Call Chain = calculate_RPY &rArr; fast_atan2
</UL>
<BR>[Calls]<UL><LI><a href="#[10a]">&gt;&gt;</a>&nbsp;&nbsp;&nbsp;fast_atan2
<LI><a href="#[103]">&gt;&gt;</a>&nbsp;&nbsp;&nbsp;my_sqrt
</UL>
<BR>[Called By]<UL><LI><a href="#[2]">&gt;&gt;</a>&nbsp;&nbsp;&nbsp;Loop_200Hz
</UL>

<P><STRONG><a name="[10b]"></a>my_abs</STRONG> (Thumb, 26 bytes, Stack size 0 bytes, ano_math.o(.text))
<BR><BR>[Called By]<UL><LI><a href="#[10a]">&gt;&gt;</a>&nbsp;&nbsp;&nbsp;fast_atan2
</UL>

<P><STRONG><a name="[10a]"></a>fast_atan2</STRONG> (Thumb, 350 bytes, Stack size 4 bytes, ano_math.o(.text))
<BR><BR>[Stack]<UL><LI>Max Depth = 4<LI>Call Chain = fast_atan2
</UL>
<BR>[Calls]<UL><LI><a href="#[10b]">&gt;&gt;</a>&nbsp;&nbsp;&nbsp;my_abs
</UL>
<BR>[Called By]<UL><LI><a href="#[91]">&gt;&gt;</a>&nbsp;&nbsp;&nbsp;calculate_RPY
<LI><a href="#[10c]">&gt;&gt;</a>&nbsp;&nbsp;&nbsp;my_atan
</UL>

<P><STRONG><a name="[10c]"></a>my_atan</STRONG> (Thumb, 24 bytes, Stack size 4 bytes, ano_math.o(.text), UNUSED)
<BR><BR>[Calls]<UL><LI><a href="#[10a]">&gt;&gt;</a>&nbsp;&nbsp;&nbsp;fast_atan2
</UL>

<P><STRONG><a name="[106]"></a>my_sqrt_reciprocal</STRONG> (Thumb, 76 bytes, Stack size 0 bytes, ano_math.o(.text))
<BR><BR>[Called By]<UL><LI><a href="#[105]">&gt;&gt;</a>&nbsp;&nbsp;&nbsp;IMU_update
<LI><a href="#[103]">&gt;&gt;</a>&nbsp;&nbsp;&nbsp;my_sqrt
</UL>

<P><STRONG><a name="[103]"></a>my_sqrt</STRONG> (Thumb, 20 bytes, Stack size 4 bytes, ano_math.o(.text))
<BR><BR>[Stack]<UL><LI>Max Depth = 4<LI>Call Chain = my_sqrt
</UL>
<BR>[Calls]<UL><LI><a href="#[106]">&gt;&gt;</a>&nbsp;&nbsp;&nbsp;my_sqrt_reciprocal
</UL>
<BR>[Called By]<UL><LI><a href="#[91]">&gt;&gt;</a>&nbsp;&nbsp;&nbsp;calculate_RPY
<LI><a href="#[12c]">&gt;&gt;</a>&nbsp;&nbsp;&nbsp;Mag_Data_Deal_Task
<LI><a href="#[115]">&gt;&gt;</a>&nbsp;&nbsp;&nbsp;rot_vec_2
<LI><a href="#[102]">&gt;&gt;</a>&nbsp;&nbsp;&nbsp;simple_3d_trans
<LI><a href="#[f1]">&gt;&gt;</a>&nbsp;&nbsp;&nbsp;length_limit
<LI><a href="#[2bf]">&gt;&gt;</a>&nbsp;&nbsp;&nbsp;AccGyrStableCheck_Services
</UL>

<P><STRONG><a name="[10d]"></a>mx_sin</STRONG> (Thumb, 292 bytes, Stack size 48 bytes, ano_math.o(.text), UNUSED)
<BR><BR>[Calls]<UL><LI><a href="#[10f]">&gt;&gt;</a>&nbsp;&nbsp;&nbsp;__aeabi_drsub
<LI><a href="#[10e]">&gt;&gt;</a>&nbsp;&nbsp;&nbsp;__aeabi_cdcmple
<LI><a href="#[100]">&gt;&gt;</a>&nbsp;&nbsp;&nbsp;__aeabi_dsub
<LI><a href="#[101]">&gt;&gt;</a>&nbsp;&nbsp;&nbsp;__aeabi_dadd
<LI><a href="#[fa]">&gt;&gt;</a>&nbsp;&nbsp;&nbsp;__aeabi_dmul
</UL>
<BR>[Called By]<UL><LI><a href="#[110]">&gt;&gt;</a>&nbsp;&nbsp;&nbsp;my_sin
</UL>

<P><STRONG><a name="[110]"></a>my_sin</STRONG> (Thumb, 108 bytes, Stack size 32 bytes, ano_math.o(.text), UNUSED)
<BR><BR>[Calls]<UL><LI><a href="#[112]">&gt;&gt;</a>&nbsp;&nbsp;&nbsp;__aeabi_i2d
<LI><a href="#[111]">&gt;&gt;</a>&nbsp;&nbsp;&nbsp;__aeabi_cdrcmple
<LI><a href="#[10d]">&gt;&gt;</a>&nbsp;&nbsp;&nbsp;mx_sin
<LI><a href="#[100]">&gt;&gt;</a>&nbsp;&nbsp;&nbsp;__aeabi_dsub
<LI><a href="#[fa]">&gt;&gt;</a>&nbsp;&nbsp;&nbsp;__aeabi_dmul
</UL>
<BR>[Called By]<UL><LI><a href="#[113]">&gt;&gt;</a>&nbsp;&nbsp;&nbsp;my_cos
</UL>

<P><STRONG><a name="[113]"></a>my_cos</STRONG> (Thumb, 136 bytes, Stack size 40 bytes, ano_math.o(.text), UNUSED)
<BR><BR>[Calls]<UL><LI><a href="#[112]">&gt;&gt;</a>&nbsp;&nbsp;&nbsp;__aeabi_i2d
<LI><a href="#[111]">&gt;&gt;</a>&nbsp;&nbsp;&nbsp;__aeabi_cdrcmple
<LI><a href="#[110]">&gt;&gt;</a>&nbsp;&nbsp;&nbsp;my_sin
<LI><a href="#[100]">&gt;&gt;</a>&nbsp;&nbsp;&nbsp;__aeabi_dsub
<LI><a href="#[101]">&gt;&gt;</a>&nbsp;&nbsp;&nbsp;__aeabi_dadd
<LI><a href="#[fa]">&gt;&gt;</a>&nbsp;&nbsp;&nbsp;__aeabi_dmul
<LI><a href="#[fb]">&gt;&gt;</a>&nbsp;&nbsp;&nbsp;__aeabi_d2f
</UL>

<P><STRONG><a name="[11f]"></a>my_deadzone</STRONG> (Thumb, 152 bytes, Stack size 0 bytes, ano_math.o(.text))
<BR><BR>[Called By]<UL><LI><a href="#[8a]">&gt;&gt;</a>&nbsp;&nbsp;&nbsp;Flight_State_Task
<LI><a href="#[92]">&gt;&gt;</a>&nbsp;&nbsp;&nbsp;Att_2level_Ctrl
</UL>

<P><STRONG><a name="[2ec]"></a>my_deadzone_2</STRONG> (Thumb, 48 bytes, Stack size 0 bytes, ano_math.o(.text), UNUSED)

<P><STRONG><a name="[2ed]"></a>my_HPF</STRONG> (Thumb, 346 bytes, Stack size 0 bytes, ano_math.o(.text), UNUSED)

<P><STRONG><a name="[114]"></a>To_180_degrees_db</STRONG> (Thumb, 108 bytes, Stack size 16 bytes, ano_math.o(.text), UNUSED)
<BR><BR>[Calls]<UL><LI><a href="#[111]">&gt;&gt;</a>&nbsp;&nbsp;&nbsp;__aeabi_cdrcmple
<LI><a href="#[10e]">&gt;&gt;</a>&nbsp;&nbsp;&nbsp;__aeabi_cdcmple
<LI><a href="#[100]">&gt;&gt;</a>&nbsp;&nbsp;&nbsp;__aeabi_dsub
<LI><a href="#[101]">&gt;&gt;</a>&nbsp;&nbsp;&nbsp;__aeabi_dadd
</UL>

<P><STRONG><a name="[f1]"></a>length_limit</STRONG> (Thumb, 140 bytes, Stack size 8 bytes, ano_math.o(.text))
<BR><BR>[Stack]<UL><LI>Max Depth = 12<LI>Call Chain = length_limit &rArr; my_sqrt
</UL>
<BR>[Calls]<UL><LI><a href="#[103]">&gt;&gt;</a>&nbsp;&nbsp;&nbsp;my_sqrt
</UL>
<BR>[Called By]<UL><LI><a href="#[a0]">&gt;&gt;</a>&nbsp;&nbsp;&nbsp;Program_Ctrl_User_Set_HXYcmps
<LI><a href="#[a5]">&gt;&gt;</a>&nbsp;&nbsp;&nbsp;Loc_1level_Ctrl
<LI><a href="#[8a]">&gt;&gt;</a>&nbsp;&nbsp;&nbsp;Flight_State_Task
</UL>

<P><STRONG><a name="[2ee]"></a>fifo</STRONG> (Thumb, 42 bytes, Stack size 0 bytes, ano_math.o(.text), UNUSED)

<P><STRONG><a name="[115]"></a>rot_vec_2</STRONG> (Thumb, 84 bytes, Stack size 4 bytes, ano_math.o(.text), UNUSED)
<BR><BR>[Calls]<UL><LI><a href="#[103]">&gt;&gt;</a>&nbsp;&nbsp;&nbsp;my_sqrt
</UL>

<P><STRONG><a name="[108]"></a>vec_2_cross_product</STRONG> (Thumb, 26 bytes, Stack size 0 bytes, ano_math.o(.text))
<BR><BR>[Called By]<UL><LI><a href="#[105]">&gt;&gt;</a>&nbsp;&nbsp;&nbsp;IMU_update
</UL>

<P><STRONG><a name="[109]"></a>vec_2_dot_product</STRONG> (Thumb, 26 bytes, Stack size 0 bytes, ano_math.o(.text))
<BR><BR>[Called By]<UL><LI><a href="#[105]">&gt;&gt;</a>&nbsp;&nbsp;&nbsp;IMU_update
</UL>

<P><STRONG><a name="[2ef]"></a>vec_3_cross_product_err_sinx</STRONG> (Thumb, 86 bytes, Stack size 0 bytes, ano_math.o(.text), UNUSED)

<P><STRONG><a name="[2f0]"></a>vec_3_dot_product</STRONG> (Thumb, 38 bytes, Stack size 0 bytes, ano_math.o(.text), UNUSED)

<P><STRONG><a name="[12d]"></a>Vec3f_Mul_MatrixT</STRONG> (Thumb, 84 bytes, Stack size 12 bytes, ano_math.o(.text))
<BR><BR>[Stack]<UL><LI>Max Depth = 12<LI>Call Chain = Vec3f_Mul_MatrixT
</UL>
<BR>[Called By]<UL><LI><a href="#[12c]">&gt;&gt;</a>&nbsp;&nbsp;&nbsp;Mag_Data_Deal_Task
<LI><a href="#[2c0]">&gt;&gt;</a>&nbsp;&nbsp;&nbsp;ImuDataCalcu
</UL>

<P><STRONG><a name="[116]"></a>WCZ_Data_Calc</STRONG> (Thumb, 384 bytes, Stack size 32 bytes, ano_motioncal.o(.text))
<BR><BR>[Stack]<UL><LI>Max Depth = 32<LI>Call Chain = WCZ_Data_Calc
</UL>
<BR>[Calls]<UL><LI><a href="#[118]">&gt;&gt;</a>&nbsp;&nbsp;&nbsp;fix_inte_filter
<LI><a href="#[117]">&gt;&gt;</a>&nbsp;&nbsp;&nbsp;inte_fix_filter
</UL>
<BR>[Called By]<UL><LI><a href="#[94]">&gt;&gt;</a>&nbsp;&nbsp;&nbsp;WCZ_Fus_Task
</UL>

<P><STRONG><a name="[129]"></a>WCZ_Data_Reset</STRONG> (Thumb, 68 bytes, Stack size 0 bytes, ano_motioncal.o(.text))
<BR><BR>[Called By]<UL><LI><a href="#[8a]">&gt;&gt;</a>&nbsp;&nbsp;&nbsp;Flight_State_Task
</UL>

<P><STRONG><a name="[11c]"></a>PID_calculate</STRONG> (Thumb, 284 bytes, Stack size 0 bytes, ano_pid.o(.text))
<BR><BR>[Called By]<UL><LI><a href="#[a5]">&gt;&gt;</a>&nbsp;&nbsp;&nbsp;Loc_1level_Ctrl
<LI><a href="#[92]">&gt;&gt;</a>&nbsp;&nbsp;&nbsp;Att_2level_Ctrl
<LI><a href="#[8e]">&gt;&gt;</a>&nbsp;&nbsp;&nbsp;Att_1level_Ctrl
<LI><a href="#[99]">&gt;&gt;</a>&nbsp;&nbsp;&nbsp;Alt_2level_Ctrl
<LI><a href="#[98]">&gt;&gt;</a>&nbsp;&nbsp;&nbsp;Alt_1level_Ctrl
</UL>

<P><STRONG><a name="[119]"></a>Center_Pos_Set</STRONG> (Thumb, 38 bytes, Stack size 0 bytes, ano_sensor_basic.o(.text))
<BR><BR>[Called By]<UL><LI><a href="#[c8]">&gt;&gt;</a>&nbsp;&nbsp;&nbsp;Sensor_Basic_Init
</UL>

<P><STRONG><a name="[c8]"></a>Sensor_Basic_Init</STRONG> (Thumb, 14 bytes, Stack size 4 bytes, ano_sensor_basic.o(.text))
<BR><BR>[Stack]<UL><LI>Max Depth = 4<LI>Call Chain = Sensor_Basic_Init
</UL>
<BR>[Calls]<UL><LI><a href="#[119]">&gt;&gt;</a>&nbsp;&nbsp;&nbsp;Center_Pos_Set
</UL>
<BR>[Called By]<UL><LI><a href="#[80]">&gt;&gt;</a>&nbsp;&nbsp;&nbsp;All_Init
</UL>

<P><STRONG><a name="[86]"></a>Sensor_Data_Prepare</STRONG> (Thumb, 434 bytes, Stack size 8 bytes, ano_sensor_basic.o(.text))
<BR><BR>[Stack]<UL><LI>Max Depth = 8<LI>Call Chain = Sensor_Data_Prepare
</UL>
<BR>[Called By]<UL><LI><a href="#[0]">&gt;&gt;</a>&nbsp;&nbsp;&nbsp;Loop_1000Hz
</UL>

<P><STRONG><a name="[11a]"></a>Auto_Take_Off_Land_Task</STRONG> (Thumb, 426 bytes, Stack size 8 bytes, ano_altctrl.o(.text))
<BR><BR>[Stack]<UL><LI>Max Depth = 8<LI>Call Chain = Auto_Take_Off_Land_Task
</UL>
<BR>[Calls]<UL><LI><a href="#[11b]">&gt;&gt;</a>&nbsp;&nbsp;&nbsp;one_key_take_off_task
</UL>
<BR>[Called By]<UL><LI><a href="#[99]">&gt;&gt;</a>&nbsp;&nbsp;&nbsp;Alt_2level_Ctrl
</UL>

<P><STRONG><a name="[124]"></a>Alt_2level_PID_Init</STRONG> (Thumb, 54 bytes, Stack size 0 bytes, ano_altctrl.o(.text))
<BR><BR>[Called By]<UL><LI><a href="#[c5]">&gt;&gt;</a>&nbsp;&nbsp;&nbsp;All_PID_Init
</UL>

<P><STRONG><a name="[99]"></a>Alt_2level_Ctrl</STRONG> (Thumb, 446 bytes, Stack size 16 bytes, ano_altctrl.o(.text))
<BR><BR>[Stack]<UL><LI>Max Depth = 24<LI>Call Chain = Alt_2level_Ctrl &rArr; Auto_Take_Off_Land_Task
</UL>
<BR>[Calls]<UL><LI><a href="#[11a]">&gt;&gt;</a>&nbsp;&nbsp;&nbsp;Auto_Take_Off_Land_Task
<LI><a href="#[11c]">&gt;&gt;</a>&nbsp;&nbsp;&nbsp;PID_calculate
</UL>
<BR>[Called By]<UL><LI><a href="#[3]">&gt;&gt;</a>&nbsp;&nbsp;&nbsp;Loop_100Hz
</UL>

<P><STRONG><a name="[123]"></a>Alt_1level_PID_Init</STRONG> (Thumb, 50 bytes, Stack size 0 bytes, ano_altctrl.o(.text))
<BR><BR>[Called By]<UL><LI><a href="#[c5]">&gt;&gt;</a>&nbsp;&nbsp;&nbsp;All_PID_Init
</UL>

<P><STRONG><a name="[98]"></a>Alt_1level_Ctrl</STRONG> (Thumb, 452 bytes, Stack size 16 bytes, ano_altctrl.o(.text))
<BR><BR>[Stack]<UL><LI>Max Depth = 16<LI>Call Chain = Alt_1level_Ctrl
</UL>
<BR>[Calls]<UL><LI><a href="#[11c]">&gt;&gt;</a>&nbsp;&nbsp;&nbsp;PID_calculate
</UL>
<BR>[Called By]<UL><LI><a href="#[3]">&gt;&gt;</a>&nbsp;&nbsp;&nbsp;Loop_100Hz
</UL>

<P><STRONG><a name="[11d]"></a>alt_hold_pid</STRONG> (Thumb, 576 bytes, Stack size 88 bytes, ano_altctrl.o(.text))
<BR><BR>[Stack]<UL><LI>Max Depth = 176<LI>Call Chain = alt_hold_pid &rArr; __aeabi_dadd &rArr; _double_epilogue &rArr; _double_round
</UL>
<BR>[Calls]<UL><LI><a href="#[101]">&gt;&gt;</a>&nbsp;&nbsp;&nbsp;__aeabi_dadd
<LI><a href="#[f9]">&gt;&gt;</a>&nbsp;&nbsp;&nbsp;__aeabi_f2d
<LI><a href="#[fa]">&gt;&gt;</a>&nbsp;&nbsp;&nbsp;__aeabi_dmul
<LI><a href="#[fb]">&gt;&gt;</a>&nbsp;&nbsp;&nbsp;__aeabi_d2f
</UL>
<BR>[Called By]<UL><LI><a href="#[a8]">&gt;&gt;</a>&nbsp;&nbsp;&nbsp;alt_hold
</UL>

<P><STRONG><a name="[a8]"></a>alt_hold</STRONG> (Thumb, 244 bytes, Stack size 24 bytes, ano_altctrl.o(.text))
<BR><BR>[Stack]<UL><LI>Max Depth = 200<LI>Call Chain = alt_hold &rArr; alt_hold_pid &rArr; __aeabi_dadd &rArr; _double_epilogue &rArr; _double_round
</UL>
<BR>[Calls]<UL><LI><a href="#[11d]">&gt;&gt;</a>&nbsp;&nbsp;&nbsp;alt_hold_pid
<LI><a href="#[11e]">&gt;&gt;</a>&nbsp;&nbsp;&nbsp;Program_Ctrl_User_Set_Zcmps
</UL>
<BR>[Called By]<UL><LI><a href="#[4]">&gt;&gt;</a>&nbsp;&nbsp;&nbsp;Loop_50Hz
</UL>

<P><STRONG><a name="[122]"></a>Att_2level_PID_Init</STRONG> (Thumb, 170 bytes, Stack size 0 bytes, ano_attctrl.o(.text))
<BR><BR>[Called By]<UL><LI><a href="#[c5]">&gt;&gt;</a>&nbsp;&nbsp;&nbsp;All_PID_Init
</UL>

<P><STRONG><a name="[121]"></a>Att_1level_PID_Init</STRONG> (Thumb, 190 bytes, Stack size 0 bytes, ano_attctrl.o(.text))
<BR><BR>[Called By]<UL><LI><a href="#[c5]">&gt;&gt;</a>&nbsp;&nbsp;&nbsp;All_PID_Init
</UL>

<P><STRONG><a name="[126]"></a>Set_Att_1level_Ki</STRONG> (Thumb, 64 bytes, Stack size 0 bytes, ano_attctrl.o(.text))
<BR><BR>[Called By]<UL><LI><a href="#[120]">&gt;&gt;</a>&nbsp;&nbsp;&nbsp;ctrl_parameter_change_task
</UL>

<P><STRONG><a name="[127]"></a>Set_Att_2level_Ki</STRONG> (Thumb, 44 bytes, Stack size 0 bytes, ano_attctrl.o(.text))
<BR><BR>[Called By]<UL><LI><a href="#[120]">&gt;&gt;</a>&nbsp;&nbsp;&nbsp;ctrl_parameter_change_task
</UL>

<P><STRONG><a name="[92]"></a>Att_2level_Ctrl</STRONG> (Thumb, 1446 bytes, Stack size 16 bytes, ano_attctrl.o(.text))
<BR><BR>[Stack]<UL><LI>Max Depth = 16<LI>Call Chain = Att_2level_Ctrl
[...]
</UL>
<BR>[Called By]<UL><LI><a href="#[dc]">&gt;&gt;</a>&nbsp;&nbsp;&nbsp;AnoDTDataAnl
</UL>

<P><STRONG><a name="[d9]"></a>SendPar</STRONG> (Thumb, 194 bytes, Stack size 40 bytes, ano_dt.o(.text))
<BR><BR>[Stack]<UL><LI>Max Depth = 60<LI>Call Chain = SendPar &rArr; OtherSendDataAdd
</UL>
<BR>[Calls]<UL><LI><a href="#[da]">&gt;&gt;</a>&nbsp;&nbsp;&nbsp;AnoParRead
<LI><a href="#[d8]">&gt;&gt;</a>&nbsp;&nbsp;&nbsp;OtherSendDataAdd
</UL>
<BR>[Called By]<UL><LI><a href="#[dc]">&gt;&gt;</a>&nbsp;&nbsp;&nbsp;AnoDTDataAnl
</UL>

<P><STRONG><a name="[dc]"></a>AnoDTDataAnl</STRONG> (Thumb, 542 bytes, Stack size 32 bytes, ano_dt.o(.text))
<BR><BR>[Stack]<UL><LI>Max Depth = 100<LI>Call Chain = AnoDTDataAnl &rArr; Parame_Reset &rArr; AnoDTSendStr &rArr; OtherSendDataAdd
</UL>
<BR>[Calls]<UL><LI><a href="#[de]">&gt;&gt;</a>&nbsp;&nbsp;&nbsp;data_save
<LI><a href="#[df]">&gt;&gt;</a>&nbsp;&nbsp;&nbsp;Parame_Reset
<LI><a href="#[dd]">&gt;&gt;</a>&nbsp;&nbsp;&nbsp;PID_Rest
<LI><a href="#[e0]">&gt;&gt;</a>&nbsp;&nbsp;&nbsp;AnoParWrite
<LI><a href="#[d9]">&gt;&gt;</a>&nbsp;&nbsp;&nbsp;SendPar
<LI><a href="#[d7]">&gt;&gt;</a>&nbsp;&nbsp;&nbsp;SendCheck
</UL>
<BR>[Called By]<UL><LI><a href="#[e1]">&gt;&gt;</a>&nbsp;&nbsp;&nbsp;AnoDTRxOneByte
</UL>

<P><STRONG><a name="[ea]"></a>AnoOF_DataAnl</STRONG> (Thumb, 364 bytes, Stack size 12 bytes, ano_of.o(.text))
<BR><BR>[Stack]<UL><LI>Max Depth = 12<LI>Call Chain = AnoOF_DataAnl
</UL>
<BR>[Called By]<UL><LI><a href="#[e9]">&gt;&gt;</a>&nbsp;&nbsp;&nbsp;AnoOF_GetOneByte
</UL>

<P><STRONG><a name="[f3]"></a>OF_INS_Get</STRONG> (Thumb, 324 bytes, Stack size 0 bytes, ano_of_decofusion.o(.text))
<BR><BR>[Called By]<UL><LI><a href="#[8c]">&gt;&gt;</a>&nbsp;&nbsp;&nbsp;ANO_OF_Data_Prepare_Task
</UL>

<P><STRONG><a name="[f2]"></a>ANO_OF_Data_Get</STRONG> (Thumb, 192 bytes, Stack size 8 bytes, ano_of_decofusion.o(.text))
<BR><BR>[Stack]<UL><LI>Max Depth = 8<LI>Call Chain = ANO_OF_Data_Get
</UL>
<BR>[Called By]<UL><LI><a href="#[8c]">&gt;&gt;</a>&nbsp;&nbsp;&nbsp;ANO_OF_Data_Prepare_Task
</UL>

<P><STRONG><a name="[f5]"></a>OF_INS_Reset</STRONG> (Thumb, 44 bytes, Stack size 0 bytes, ano_of_decofusion.o(.text))
<BR><BR>[Called By]<UL><LI><a href="#[f4]">&gt;&gt;</a>&nbsp;&nbsp;&nbsp;ANO_OF_Fusion
</UL>

<P><STRONG><a name="[f4]"></a>ANO_OF_Fusion</STRONG> (Thumb, 534 bytes, Stack size 24 bytes, ano_of_decofusion.o(.text))
<BR><BR>[Stack]<UL><LI>Max Depth = 24<LI>Call Chain = ANO_OF_Fusion
</UL>
<BR>[Calls]<UL><LI><a href="#[f5]">&gt;&gt;</a>&nbsp;&nbsp;&nbsp;OF_INS_Reset
<LI><a href="#[ef]">&gt;&gt;</a>&nbsp;&nbsp;&nbsp;w2h_2d_trans
<LI><a href="#[ee]">&gt;&gt;</a>&nbsp;&nbsp;&nbsp;h2w_2d_trans
</UL>
<BR>[Called By]<UL><LI><a href="#[a4]">&gt;&gt;</a>&nbsp;&nbsp;&nbsp;ANO_OFDF_Task
</UL>

<P><STRONG><a name="[f7]"></a>ANO_OF_Decouple</STRONG> (Thumb, 170 bytes, Stack size 0 bytes, ano_of_decofusion.o(.text))
<BR><BR>[Called By]<UL><LI><a href="#[a4]">&gt;&gt;</a>&nbsp;&nbsp;&nbsp;ANO_OFDF_Task
</UL>

<P><STRONG><a name="[f6]"></a>OF_State</STRONG> (Thumb, 92 bytes, Stack size 0 bytes, ano_of_decofusion.o(.text))
<BR><BR>[Called By]<UL><LI><a href="#[a4]">&gt;&gt;</a>&nbsp;&nbsp;&nbsp;ANO_OFDF_Task
</UL>

<P><STRONG><a name="[12a]"></a>Speed_Mode_Switch</STRONG> (Thumb, 2 bytes, Stack size 0 bytes, ano_flightctrl.o(.text))
<BR><BR>[Called By]<UL><LI><a href="#[96]">&gt;&gt;</a>&nbsp;&nbsp;&nbsp;Flight_Mode_Set
</UL>

<P><STRONG><a name="[12f]"></a>Mag_Cal_Reset</STRONG> (Thumb, 96 bytes, Stack size 0 bytes, ano_magprocess.o(.text))
<BR><BR>[Called By]<UL><LI><a href="#[12c]">&gt;&gt;</a>&nbsp;&nbsp;&nbsp;Mag_Data_Deal_Task
</UL>

<P><STRONG><a name="[12e]"></a>Mag_Cal_XY</STRONG> (Thumb, 80 bytes, Stack size 0 bytes, ano_magprocess.o(.text))
<BR><BR>[Called By]<UL><LI><a href="#[12c]">&gt;&gt;</a>&nbsp;&nbsp;&nbsp;Mag_Data_Deal_Task
</UL>

<P><STRONG><a name="[130]"></a>Mag_Cal_Z</STRONG> (Thumb, 62 bytes, Stack size 0 bytes, ano_magprocess.o(.text))
<BR><BR>[Called By]<UL><LI><a href="#[12c]">&gt;&gt;</a>&nbsp;&nbsp;&nbsp;Mag_Data_Deal_Task
</UL>

<P><STRONG><a name="[13b]"></a>ledOnOff</STRONG> (Thumb, 54 bytes, Stack size 0 bytes, drv_led.o(.text))
<BR><BR>[Called By]<UL><LI><a href="#[9b]">&gt;&gt;</a>&nbsp;&nbsp;&nbsp;LED_Task2
<LI><a href="#[13a]">&gt;&gt;</a>&nbsp;&nbsp;&nbsp;ledFlash
</UL>

<P><STRONG><a name="[13c]"></a>ledBreath</STRONG> (Thumb, 324 bytes, Stack size 12 bytes, drv_led.o(.text))
<BR><BR>[Stack]<UL><LI>Max Depth = 12<LI>Call Chain = ledBreath
</UL>
<BR>[Called By]<UL><LI><a href="#[9b]">&gt;&gt;</a>&nbsp;&nbsp;&nbsp;LED_Task2
</UL>

<P><STRONG><a name="[13a]"></a>ledFlash</STRONG> (Thumb, 62 bytes, Stack size 24 bytes, drv_led.o(.text))
<BR><BR>[Stack]<UL><LI>Max Depth = 24<LI>Call Chain = ledFlash
</UL>
<BR>[Calls]<UL><LI><a href="#[13b]">&gt;&gt;</a>&nbsp;&nbsp;&nbsp;ledOnOff
</UL>
<BR>[Called By]<UL><LI><a href="#[9b]">&gt;&gt;</a>&nbsp;&nbsp;&nbsp;LED_Task2
</UL>

<P><STRONG><a name="[13d]"></a>initAdcDMA</STRONG> (Thumb, 106 bytes, Stack size 64 bytes, drv_adc.o(.text))
<BR><BR>[Stack]<UL><LI>Max Depth = 80<LI>Call Chain = initAdcDMA &rArr; DMA_Init
</UL>
<BR>[Calls]<UL><LI><a href="#[13e]">&gt;&gt;</a>&nbsp;&nbsp;&nbsp;DMA_StructInit
<LI><a href="#[140]">&gt;&gt;</a>&nbsp;&nbsp;&nbsp;DMA_Init
<LI><a href="#[13f]">&gt;&gt;</a>&nbsp;&nbsp;&nbsp;DMA_GetCmdStatus
<LI><a href="#[141]">&gt;&gt;</a>&nbsp;&nbsp;&nbsp;DMA_Cmd
<LI><a href="#[138]">&gt;&gt;</a>&nbsp;&nbsp;&nbsp;RCC_AHB1PeriphClockCmd
</UL>
<BR>[Called By]<UL><LI><a href="#[c4]">&gt;&gt;</a>&nbsp;&nbsp;&nbsp;Drv_AdcInit
</UL>

<P><STRONG><a name="[14b]"></a>Ano_Parame_Write</STRONG> (Thumb, 34 bytes, Stack size 8 bytes, ano_parameter.o(.text))
<BR><BR>[Stack]<UL><LI>Max Depth = 80<LI>Call Chain = Ano_Parame_Write &rArr; Flash_SectorsWrite &rArr; Flash_PageWrite &rArr; Flash_WaitForEnd &rArr; Flash_SendByte &rArr; SPI_I2S_SendData
</UL>
<BR>[Calls]<UL><LI><a href="#[c5]">&gt;&gt;</a>&nbsp;&nbsp;&nbsp;All_PID_Init
<LI><a href="#[14d]">&gt;&gt;</a>&nbsp;&nbsp;&nbsp;Flash_SectorsWrite
<LI><a href="#[14c]">&gt;&gt;</a>&nbsp;&nbsp;&nbsp;Flash_SectorErase
</UL>
<BR>[Called By]<UL><LI><a href="#[ad]">&gt;&gt;</a>&nbsp;&nbsp;&nbsp;Ano_Parame_Write_task
<LI><a href="#[fe]">&gt;&gt;</a>&nbsp;&nbsp;&nbsp;Ano_Parame_Read
</UL>

<P><STRONG><a name="[17d]"></a>ak8975_enable</STRONG> (Thumb, 30 bytes, Stack size 8 bytes, drv_ak8975.o(.text))
<BR><BR>[Stack]<UL><LI>Max Depth = 24<LI>Call Chain = ak8975_enable &rArr; GPIO_SetBits
</UL>
<BR>[Calls]<UL><LI><a href="#[ce]">&gt;&gt;</a>&nbsp;&nbsp;&nbsp;GPIO_SetBits
<LI><a href="#[cd]">&gt;&gt;</a>&nbsp;&nbsp;&nbsp;GPIO_ResetBits
</UL>
<BR>[Called By]<UL><LI><a href="#[b0]">&gt;&gt;</a>&nbsp;&nbsp;&nbsp;DrvAK8975Check
<LI><a href="#[17e]">&gt;&gt;</a>&nbsp;&nbsp;&nbsp;ak8975_Trig
<LI><a href="#[133]">&gt;&gt;</a>&nbsp;&nbsp;&nbsp;DrvAk8975Read
</UL>

<P><STRONG><a name="[17e]"></a>ak8975_Trig</STRONG> (Thumb, 28 bytes, Stack size 8 bytes, drv_ak8975.o(.text))
<BR><BR>[Stack]<UL><LI>Max Depth = 32<LI>Call Chain = ak8975_Trig &rArr; ak8975_enable &rArr; GPIO_SetBits
</UL>
<BR>[Calls]<UL><LI><a href="#[17d]">&gt;&gt;</a>&nbsp;&nbsp;&nbsp;ak8975_enable
<LI><a href="#[153]">&gt;&gt;</a>&nbsp;&nbsp;&nbsp;Drv_SPI2_RW
</UL>
<BR>[Called By]<UL><LI><a href="#[133]">&gt;&gt;</a>&nbsp;&nbsp;&nbsp;DrvAk8975Read
</UL>

<P><STRONG><a name="[17f]"></a>ak09915_enable</STRONG> (Thumb, 30 bytes, Stack size 8 bytes, drv_ak09915.o(.text))
<BR><BR>[Stack]<UL><LI>Max Depth = 24<LI>Call Chain = ak09915_enable &rArr; GPIO_SetBits
</UL>
<BR>[Calls]<UL><LI><a href="#[ce]">&gt;&gt;</a>&nbsp;&nbsp;&nbsp;GPIO_SetBits
<LI><a href="#[cd]">&gt;&gt;</a>&nbsp;&nbsp;&nbsp;GPIO_ResetBits
</UL>
<BR>[Called By]<UL><LI><a href="#[af]">&gt;&gt;</a>&nbsp;&nbsp;&nbsp;DrvAK09915Check
<LI><a href="#[180]">&gt;&gt;</a>&nbsp;&nbsp;&nbsp;ak09915WriteOneByte
<LI><a href="#[134]">&gt;&gt;</a>&nbsp;&nbsp;&nbsp;DrvAk09915Read
</UL>

<P><STRONG><a name="[180]"></a>ak09915WriteOneByte</STRONG> (Thumb, 32 bytes, Stack size 16 bytes, drv_ak09915.o(.text))
<BR><BR>[Stack]<UL><LI>Max Depth = 40<LI>Call Chain = ak09915WriteOneByte &rArr; ak09915_enable &rArr; GPIO_SetBits
</UL>
<BR>[Calls]<UL><LI><a href="#[17f]">&gt;&gt;</a>&nbsp;&nbsp;&nbsp;ak09915_enable
<LI><a href="#[153]">&gt;&gt;</a>&nbsp;&nbsp;&nbsp;Drv_SPI2_RW
</UL>
<BR>[Called By]<UL><LI><a href="#[be]">&gt;&gt;</a>&nbsp;&nbsp;&nbsp;DrvAk09915Init
</UL>

<P><STRONG><a name="[181]"></a>spl06_enable</STRONG> (Thumb, 30 bytes, Stack size 8 bytes, drv_spl06.o(.text))
<BR><BR>[Stack]<UL><LI>Max Depth = 24<LI>Call Chain = spl06_enable &rArr; GPIO_SetBits
</UL>
<BR>[Calls]<UL><LI><a href="#[ce]">&gt;&gt;</a>&nbsp;&nbsp;&nbsp;GPIO_SetBits
<LI><a href="#[cd]">&gt;&gt;</a>&nbsp;&nbsp;&nbsp;GPIO_ResetBits
</UL>
<BR>[Called By]<UL><LI><a href="#[183]">&gt;&gt;</a>&nbsp;&nbsp;&nbsp;spl0601_read
<LI><a href="#[182]">&gt;&gt;</a>&nbsp;&nbsp;&nbsp;spl0601_write
</UL>

<P><STRONG><a name="[182]"></a>spl0601_write</STRONG> (Thumb, 32 bytes, Stack size 16 bytes, drv_spl06.o(.text))
<BR><BR>[Stack]<UL><LI>Max Depth = 40<LI>Call Chain = spl0601_write &rArr; spl06_enable &rArr; GPIO_SetBits
</UL>
<BR>[Calls]<UL><LI><a href="#[181]">&gt;&gt;</a>&nbsp;&nbsp;&nbsp;spl06_enable
<LI><a href="#[153]">&gt;&gt;</a>&nbsp;&nbsp;&nbsp;Drv_SPI2_RW
</UL>
<BR>[Called By]<UL><LI><a href="#[188]">&gt;&gt;</a>&nbsp;&nbsp;&nbsp;spl0601_start_continuous
<LI><a href="#[187]">&gt;&gt;</a>&nbsp;&nbsp;&nbsp;spl0601_start_pressure
<LI><a href="#[186]">&gt;&gt;</a>&nbsp;&nbsp;&nbsp;spl0601_start_temperature
<LI><a href="#[184]">&gt;&gt;</a>&nbsp;&nbsp;&nbsp;spl0601_rateset
</UL>

<P><STRONG><a name="[183]"></a>spl0601_read</STRONG> (Thumb, 36 bytes, Stack size 16 bytes, drv_spl06.o(.text))
<BR><BR>[Stack]<UL><LI>Max Depth = 40<LI>Call Chain = spl0601_read &rArr; spl06_enable &rArr; GPIO_SetBits
</UL>
<BR>[Calls]<UL><LI><a href="#[181]">&gt;&gt;</a>&nbsp;&nbsp;&nbsp;spl06_enable
<LI><a href="#[153]">&gt;&gt;</a>&nbsp;&nbsp;&nbsp;Drv_SPI2_RW
</UL>
<BR>[Called By]<UL><LI><a href="#[bf]">&gt;&gt;</a>&nbsp;&nbsp;&nbsp;Drv_Spl0601_Init
<LI><a href="#[18a]">&gt;&gt;</a>&nbsp;&nbsp;&nbsp;spl0601_get_raw_pressure
<LI><a href="#[189]">&gt;&gt;</a>&nbsp;&nbsp;&nbsp;spl0601_get_raw_temp
<LI><a href="#[185]">&gt;&gt;</a>&nbsp;&nbsp;&nbsp;spl0601_get_calib_param
<LI><a href="#[184]">&gt;&gt;</a>&nbsp;&nbsp;&nbsp;spl0601_rateset
</UL>

<P><STRONG><a name="[18d]"></a>Flash_SendByte</STRONG> (Thumb, 50 bytes, Stack size 8 bytes, drv_w25qxx.o(.text))
<BR><BR>[Stack]<UL><LI>Max Depth = 24<LI>Call Chain = Flash_SendByte &rArr; SPI_I2S_SendData
</UL>
<BR>[Calls]<UL><LI><a href="#[155]">&gt;&gt;</a>&nbsp;&nbsp;&nbsp;SPI_I2S_SendData
<LI><a href="#[156]">&gt;&gt;</a>&nbsp;&nbsp;&nbsp;SPI_I2S_ReceiveData
<LI><a href="#[154]">&gt;&gt;</a>&nbsp;&nbsp;&nbsp;SPI_I2S_GetFlagStatus
</UL>
<BR>[Called By]<UL><LI><a href="#[b5]">&gt;&gt;</a>&nbsp;&nbsp;&nbsp;Flash_Init
<LI><a href="#[194]">&gt;&gt;</a>&nbsp;&nbsp;&nbsp;Flash_PageRead
<LI><a href="#[193]">&gt;&gt;</a>&nbsp;&nbsp;&nbsp;Flash_PageWrite
<LI><a href="#[192]">&gt;&gt;</a>&nbsp;&nbsp;&nbsp;Flash_WaitForEnd
<LI><a href="#[191]">&gt;&gt;</a>&nbsp;&nbsp;&nbsp;Flash_WriteEnable
<LI><a href="#[18e]">&gt;&gt;</a>&nbsp;&nbsp;&nbsp;Flash_ReadID
<LI><a href="#[14c]">&gt;&gt;</a>&nbsp;&nbsp;&nbsp;Flash_SectorErase
</UL>

<P><STRONG><a name="[18e]"></a>Flash_ReadID</STRONG> (Thumb, 66 bytes, Stack size 16 bytes, drv_w25qxx.o(.text))
<BR><BR>[Stack]<UL><LI>Max Depth = 40<LI>Call Chain = Flash_ReadID &rArr; Flash_SendByte &rArr; SPI_I2S_SendData
</UL>
<BR>[Calls]<UL><LI><a href="#[18f]">&gt;&gt;</a>&nbsp;&nbsp;&nbsp;GPIO_WriteBit
<LI><a href="#[18d]">&gt;&gt;</a>&nbsp;&nbsp;&nbsp;Flash_SendByte
</UL>
<BR>[Called By]<UL><LI><a href="#[b5]">&gt;&gt;</a>&nbsp;&nbsp;&nbsp;Flash_Init
</UL>

<P><STRONG><a name="[191]"></a>Flash_WriteEnable</STRONG> (Thumb, 30 bytes, Stack size 8 bytes, drv_w25qxx.o(.text))
<BR><BR>[Stack]<UL><LI>Max Depth = 32<LI>Call Chain = Flash_WriteEnable &rArr; Flash_SendByte &rArr; SPI_I2S_SendData
</UL>
<BR>[Calls]<UL><LI><a href="#[18f]">&gt;&gt;</a>&nbsp;&nbsp;&nbsp;GPIO_WriteBit
<LI><a href="#[18d]">&gt;&gt;</a>&nbsp;&nbsp;&nbsp;Flash_SendByte
</UL>
<BR>[Called By]<UL><LI><a href="#[193]">&gt;&gt;</a>&nbsp;&nbsp;&nbsp;Flash_PageWrite
<LI><a href="#[14d]">&gt;&gt;</a>&nbsp;&nbsp;&nbsp;Flash_SectorsWrite
<LI><a href="#[14c]">&gt;&gt;</a>&nbsp;&nbsp;&nbsp;Flash_SectorErase
</UL>

<P><STRONG><a name="[192]"></a>Flash_WaitForEnd</STRONG> (Thumb, 50 bytes, Stack size 8 bytes, drv_w25qxx.o(.text))
<BR><BR>[Stack]<UL><LI>Max Depth = 32<LI>Call Chain = Flash_WaitForEnd &rArr; Flash_SendByte &rArr; SPI_I2S_SendData
</UL>
<BR>[Calls]<UL><LI><a href="#[18f]">&gt;&gt;</a>&nbsp;&nbsp;&nbsp;GPIO_WriteBit
<LI><a href="#[18d]">&gt;&gt;</a>&nbsp;&nbsp;&nbsp;Flash_SendByte
</UL>
<BR>[Called By]<UL><LI><a href="#[193]">&gt;&gt;</a>&nbsp;&nbsp;&nbsp;Flash_PageWrite
<LI><a href="#[14c]">&gt;&gt;</a>&nbsp;&nbsp;&nbsp;Flash_SectorErase
</UL>

<P><STRONG><a name="[19c]"></a>USBD_FlushInEpFifo</STRONG> (Thumb, 60 bytes, Stack size 0 bytes, usbd_stm32f4xx_fs.o(.text))
<BR><BR>[Called By]<UL><LI><a href="#[54]">&gt;&gt;</a>&nbsp;&nbsp;&nbsp;OTG_FS_IRQHandler
<LI><a href="#[1a0]">&gt;&gt;</a>&nbsp;&nbsp;&nbsp;USBD_ClearEPBuf
<LI><a href="#[19f]">&gt;&gt;</a>&nbsp;&nbsp;&nbsp;USBD_ClrStallEP
<LI><a href="#[19e]">&gt;&gt;</a>&nbsp;&nbsp;&nbsp;USBD_SetStallEP
<LI><a href="#[19b]">&gt;&gt;</a>&nbsp;&nbsp;&nbsp;USBD_ResetEP
</UL>

<P><STRONG><a name="[1a6]"></a>UART_Write_D</STRONG> (Thumb, 42 bytes, Stack size 16 bytes, drv_gps.o(.text))
<BR><BR>[Stack]<UL><LI>Max Depth = 32<LI>Call Chain = UART_Write_D &rArr; USART_SendData
</UL>
<BR>[Calls]<UL><LI><a href="#[1a8]">&gt;&gt;</a>&nbsp;&nbsp;&nbsp;USART_SendData
<LI><a href="#[1a7]">&gt;&gt;</a>&nbsp;&nbsp;&nbsp;USART_GetFlagStatus
</UL>
<BR>[Called By]<UL><LI><a href="#[1aa]">&gt;&gt;</a>&nbsp;&nbsp;&nbsp;gps_config
<LI><a href="#[1a9]">&gt;&gt;</a>&nbsp;&nbsp;&nbsp;gps_baudrate_config
</UL>

<P><STRONG><a name="[1b8]"></a>OpenMV_Check_Reset</STRONG> (Thumb, 12 bytes, Stack size 0 bytes, drv_openmv.o(.text))
<BR><BR>[Called By]<UL><LI><a href="#[1b7]">&gt;&gt;</a>&nbsp;&nbsp;&nbsp;OpenMV_Data_Analysis
</UL>

<P><STRONG><a name="[1b7]"></a>OpenMV_Data_Analysis</STRONG> (Thumb, 152 bytes, Stack size 16 bytes, drv_openmv.o(.text))
<BR><BR>[Stack]<UL><LI>Max Depth = 16<LI>Call Chain = OpenMV_Data_Analysis
</UL>
<BR>[Calls]<UL><LI><a href="#[1b8]">&gt;&gt;</a>&nbsp;&nbsp;&nbsp;OpenMV_Check_Reset
</UL>
<BR>[Called By]<UL><LI><a href="#[17a]">&gt;&gt;</a>&nbsp;&nbsp;&nbsp;OpenMV_Byte_Get
</UL>

<P><STRONG><a name="[1ba]"></a>bmi088_acc_enable</STRONG> (Thumb, 12 bytes, Stack size 8 bytes, drv_bmi088.o(.text))
<BR><BR>[Stack]<UL><LI>Max Depth = 32<LI>Call Chain = bmi088_acc_enable &rArr; DrvGpioCsPinCtrlBmi088Acc &rArr; GPIO_SetBits
</UL>
<BR>[Calls]<UL><LI><a href="#[cc]">&gt;&gt;</a>&nbsp;&nbsp;&nbsp;DrvGpioCsPinCtrlBmi088Acc
</UL>
<BR>[Called By]<UL><LI><a href="#[bd]">&gt;&gt;</a>&nbsp;&nbsp;&nbsp;DrvBmi088Init
<LI><a href="#[1bd]">&gt;&gt;</a>&nbsp;&nbsp;&nbsp;bmi088_acc_write
<LI><a href="#[1bc]">&gt;&gt;</a>&nbsp;&nbsp;&nbsp;bmi088_acc_read
<LI><a href="#[1c0]">&gt;&gt;</a>&nbsp;&nbsp;&nbsp;DrvBmi088ReadServices
</UL>

<P><STRONG><a name="[1bb]"></a>bmi088_gyr_enable</STRONG> (Thumb, 12 bytes, Stack size 8 bytes, drv_bmi088.o(.text))
<BR><BR>[Stack]<UL><LI>Max Depth = 32<LI>Call Chain = bmi088_gyr_enable &rArr; DrvGpioCsPinCtrlBmi088Gyr &rArr; GPIO_SetBits
</UL>
<BR>[Calls]<UL><LI><a href="#[cf]">&gt;&gt;</a>&nbsp;&nbsp;&nbsp;DrvGpioCsPinCtrlBmi088Gyr
</UL>
<BR>[Called By]<UL><LI><a href="#[1bf]">&gt;&gt;</a>&nbsp;&nbsp;&nbsp;bmi088_gyr_write
<LI><a href="#[1be]">&gt;&gt;</a>&nbsp;&nbsp;&nbsp;bmi088_gyr_read
<LI><a href="#[1c0]">&gt;&gt;</a>&nbsp;&nbsp;&nbsp;DrvBmi088ReadServices
</UL>

<P><STRONG><a name="[1bc]"></a>bmi088_acc_read</STRONG> (Thumb, 42 bytes, Stack size 16 bytes, drv_bmi088.o(.text))
<BR><BR>[Stack]<UL><LI>Max Depth = 48<LI>Call Chain = bmi088_acc_read &rArr; bmi088_acc_enable &rArr; DrvGpioCsPinCtrlBmi088Acc &rArr; GPIO_SetBits
</UL>
<BR>[Calls]<UL><LI><a href="#[1ba]">&gt;&gt;</a>&nbsp;&nbsp;&nbsp;bmi088_acc_enable
<LI><a href="#[153]">&gt;&gt;</a>&nbsp;&nbsp;&nbsp;Drv_SPI2_RW
</UL>
<BR>[Called By]<UL><LI><a href="#[bd]">&gt;&gt;</a>&nbsp;&nbsp;&nbsp;DrvBmi088Init
</UL>

<P><STRONG><a name="[1bd]"></a>bmi088_acc_write</STRONG> (Thumb, 32 bytes, Stack size 16 bytes, drv_bmi088.o(.text))
<BR><BR>[Stack]<UL><LI>Max Depth = 48<LI>Call Chain = bmi088_acc_write &rArr; bmi088_acc_enable &rArr; DrvGpioCsPinCtrlBmi088Acc &rArr; GPIO_SetBits
</UL>
<BR>[Calls]<UL><LI><a href="#[1ba]">&gt;&gt;</a>&nbsp;&nbsp;&nbsp;bmi088_acc_enable
<LI><a href="#[153]">&gt;&gt;</a>&nbsp;&nbsp;&nbsp;Drv_SPI2_RW
</UL>
<BR>[Called By]<UL><LI><a href="#[bd]">&gt;&gt;</a>&nbsp;&nbsp;&nbsp;DrvBmi088Init
</UL>

<P><STRONG><a name="[1be]"></a>bmi088_gyr_read</STRONG> (Thumb, 36 bytes, Stack size 16 bytes, drv_bmi088.o(.text))
<BR><BR>[Stack]<UL><LI>Max Depth = 48<LI>Call Chain = bmi088_gyr_read &rArr; bmi088_gyr_enable &rArr; DrvGpioCsPinCtrlBmi088Gyr &rArr; GPIO_SetBits
</UL>
<BR>[Calls]<UL><LI><a href="#[1bb]">&gt;&gt;</a>&nbsp;&nbsp;&nbsp;bmi088_gyr_enable
<LI><a href="#[153]">&gt;&gt;</a>&nbsp;&nbsp;&nbsp;Drv_SPI2_RW
</UL>
<BR>[Called By]<UL><LI><a href="#[bd]">&gt;&gt;</a>&nbsp;&nbsp;&nbsp;DrvBmi088Init
</UL>

<P><STRONG><a name="[1bf]"></a>bmi088_gyr_write</STRONG> (Thumb, 32 bytes, Stack size 16 bytes, drv_bmi088.o(.text))
<BR><BR>[Stack]<UL><LI>Max Depth = 48<LI>Call Chain = bmi088_gyr_write &rArr; bmi088_gyr_enable &rArr; DrvGpioCsPinCtrlBmi088Gyr &rArr; GPIO_SetBits
</UL>
<BR>[Calls]<UL><LI><a href="#[1bb]">&gt;&gt;</a>&nbsp;&nbsp;&nbsp;bmi088_gyr_enable
<LI><a href="#[153]">&gt;&gt;</a>&nbsp;&nbsp;&nbsp;Drv_SPI2_RW
</UL>
<BR>[Called By]<UL><LI><a href="#[bd]">&gt;&gt;</a>&nbsp;&nbsp;&nbsp;DrvBmi088Init
</UL>

<P><STRONG><a name="[1c3]"></a>rcSignalCheck</STRONG> (Thumb, 168 bytes, Stack size 8 bytes, drv_bsp.o(.text))
<BR><BR>[Stack]<UL><LI>Max Depth = 108<LI>Call Chain = rcSignalCheck &rArr; DrvRcSbusInit &rArr; USART_Init &rArr; RCC_GetClocksFreq
</UL>
<BR>[Calls]<UL><LI><a href="#[1c1]">&gt;&gt;</a>&nbsp;&nbsp;&nbsp;DrvRcSbusInit
<LI><a href="#[1c4]">&gt;&gt;</a>&nbsp;&nbsp;&nbsp;DrvRcPpmInit
</UL>
<BR>[Called By]<UL><LI><a href="#[93]">&gt;&gt;</a>&nbsp;&nbsp;&nbsp;DrvRcInputTask
</UL>

<P><STRONG><a name="[26a]"></a>TI4_Config</STRONG> (Thumb, 128 bytes, Stack size 20 bytes, stm32f4xx_tim.o(.text))
<BR><BR>[Stack]<UL><LI>Max Depth = 20<LI>Call Chain = TI4_Config
</UL>
<BR>[Called By]<UL><LI><a href="#[1c6]">&gt;&gt;</a>&nbsp;&nbsp;&nbsp;TIM_ICInit
</UL>

<P><STRONG><a name="[269]"></a>TI3_Config</STRONG> (Thumb, 72 bytes, Stack size 20 bytes, stm32f4xx_tim.o(.text))
<BR><BR>[Stack]<UL><LI>Max Depth = 20<LI>Call Chain = TI3_Config
</UL>
<BR>[Called By]<UL><LI><a href="#[1c6]">&gt;&gt;</a>&nbsp;&nbsp;&nbsp;TIM_ICInit
</UL>

<P><STRONG><a name="[268]"></a>TI2_Config</STRONG> (Thumb, 80 bytes, Stack size 20 bytes, stm32f4xx_tim.o(.text))
<BR><BR>[Stack]<UL><LI>Max Depth = 20<LI>Call Chain = TI2_Config
</UL>
<BR>[Called By]<UL><LI><a href="#[27c]">&gt;&gt;</a>&nbsp;&nbsp;&nbsp;TIM_TIxExternalClockConfig
<LI><a href="#[26b]">&gt;&gt;</a>&nbsp;&nbsp;&nbsp;TIM_PWMIConfig
<LI><a href="#[1c6]">&gt;&gt;</a>&nbsp;&nbsp;&nbsp;TIM_ICInit
</UL>

<P><STRONG><a name="[267]"></a>TI1_Config</STRONG> (Thumb, 58 bytes, Stack size 20 bytes, stm32f4xx_tim.o(.text))
<BR><BR>[Stack]<UL><LI>Max Depth = 20<LI>Call Chain = TI1_Config
</UL>
<BR>[Called By]<UL><LI><a href="#[27c]">&gt;&gt;</a>&nbsp;&nbsp;&nbsp;TIM_TIxExternalClockConfig
<LI><a href="#[26b]">&gt;&gt;</a>&nbsp;&nbsp;&nbsp;TIM_PWMIConfig
<LI><a href="#[1c6]">&gt;&gt;</a>&nbsp;&nbsp;&nbsp;TIM_ICInit
</UL>

<P><STRONG><a name="[297]"></a>SetSysClock</STRONG> (Thumb, 220 bytes, Stack size 12 bytes, system_stm32f4xx.o(.text))
<BR><BR>[Stack]<UL><LI>Max Depth = 12<LI>Call Chain = SetSysClock
</UL>
<BR>[Called By]<UL><LI><a href="#[64]">&gt;&gt;</a>&nbsp;&nbsp;&nbsp;SystemInit
</UL>
<P>
<H3>
Undefined Global Symbols
</H3><HR></body></html>
